Archive member included to satisfy reference by file (symbol)

/home/ne23kaj2/programme/gcc-arm-none-eabi-7-2017-q4-major/bin/../lib/gcc/arm-none-eabi/7.2.1/../../../../arm-none-eabi/lib/thumb/v7-m/libm.a(lib_a-sf_log.o)
                              ./src/main.o (logf)
/home/ne23kaj2/programme/gcc-arm-none-eabi-7-2017-q4-major/bin/../lib/gcc/arm-none-eabi/7.2.1/../../../../arm-none-eabi/lib/thumb/v7-m/libm.a(lib_a-sf_log_data.o)
                              /home/ne23kaj2/programme/gcc-arm-none-eabi-7-2017-q4-major/bin/../lib/gcc/arm-none-eabi/7.2.1/../../../../arm-none-eabi/lib/thumb/v7-m/libm.a(lib_a-sf_log.o) (__logf_data)
/home/ne23kaj2/programme/gcc-arm-none-eabi-7-2017-q4-major/bin/../lib/gcc/arm-none-eabi/7.2.1/../../../../arm-none-eabi/lib/thumb/v7-m/libm.a(lib_a-sf_pow.o)
                              ./src/main.o (powf)
/home/ne23kaj2/programme/gcc-arm-none-eabi-7-2017-q4-major/bin/../lib/gcc/arm-none-eabi/7.2.1/../../../../arm-none-eabi/lib/thumb/v7-m/libm.a(lib_a-sf_pow_log2_data.o)
                              /home/ne23kaj2/programme/gcc-arm-none-eabi-7-2017-q4-major/bin/../lib/gcc/arm-none-eabi/7.2.1/../../../../arm-none-eabi/lib/thumb/v7-m/libm.a(lib_a-sf_pow.o) (__powf_log2_data)
/home/ne23kaj2/programme/gcc-arm-none-eabi-7-2017-q4-major/bin/../lib/gcc/arm-none-eabi/7.2.1/../../../../arm-none-eabi/lib/thumb/v7-m/libm.a(lib_a-math_errf.o)
                              /home/ne23kaj2/programme/gcc-arm-none-eabi-7-2017-q4-major/bin/../lib/gcc/arm-none-eabi/7.2.1/../../../../arm-none-eabi/lib/thumb/v7-m/libm.a(lib_a-sf_pow.o) (__math_uflowf)
/home/ne23kaj2/programme/gcc-arm-none-eabi-7-2017-q4-major/bin/../lib/gcc/arm-none-eabi/7.2.1/../../../../arm-none-eabi/lib/thumb/v7-m/libm.a(lib_a-sf_exp2_data.o)
                              /home/ne23kaj2/programme/gcc-arm-none-eabi-7-2017-q4-major/bin/../lib/gcc/arm-none-eabi/7.2.1/../../../../arm-none-eabi/lib/thumb/v7-m/libm.a(lib_a-sf_pow.o) (__exp2f_data)
/home/ne23kaj2/programme/gcc-arm-none-eabi-7-2017-q4-major/bin/../lib/gcc/arm-none-eabi/7.2.1/thumb/v7-m/libgcc.a(_arm_addsubdf3.o)
                              /home/ne23kaj2/programme/gcc-arm-none-eabi-7-2017-q4-major/bin/../lib/gcc/arm-none-eabi/7.2.1/../../../../arm-none-eabi/lib/thumb/v7-m/libm.a(lib_a-sf_log.o) (__aeabi_dsub)
/home/ne23kaj2/programme/gcc-arm-none-eabi-7-2017-q4-major/bin/../lib/gcc/arm-none-eabi/7.2.1/thumb/v7-m/libgcc.a(_arm_muldivdf3.o)
                              /home/ne23kaj2/programme/gcc-arm-none-eabi-7-2017-q4-major/bin/../lib/gcc/arm-none-eabi/7.2.1/../../../../arm-none-eabi/lib/thumb/v7-m/libm.a(lib_a-sf_log.o) (__aeabi_dmul)
/home/ne23kaj2/programme/gcc-arm-none-eabi-7-2017-q4-major/bin/../lib/gcc/arm-none-eabi/7.2.1/thumb/v7-m/libgcc.a(_arm_cmpdf2.o)
                              /home/ne23kaj2/programme/gcc-arm-none-eabi-7-2017-q4-major/bin/../lib/gcc/arm-none-eabi/7.2.1/../../../../arm-none-eabi/lib/thumb/v7-m/libm.a(lib_a-sf_pow.o) (__aeabi_dcmplt)
/home/ne23kaj2/programme/gcc-arm-none-eabi-7-2017-q4-major/bin/../lib/gcc/arm-none-eabi/7.2.1/thumb/v7-m/libgcc.a(_arm_truncdfsf2.o)
                              /home/ne23kaj2/programme/gcc-arm-none-eabi-7-2017-q4-major/bin/../lib/gcc/arm-none-eabi/7.2.1/../../../../arm-none-eabi/lib/thumb/v7-m/libm.a(lib_a-sf_log.o) (__aeabi_d2f)
/home/ne23kaj2/programme/gcc-arm-none-eabi-7-2017-q4-major/bin/../lib/gcc/arm-none-eabi/7.2.1/thumb/v7-m/libgcc.a(_arm_addsubsf3.o)
                              ./src/main.o (__aeabi_fsub)
/home/ne23kaj2/programme/gcc-arm-none-eabi-7-2017-q4-major/bin/../lib/gcc/arm-none-eabi/7.2.1/thumb/v7-m/libgcc.a(_arm_muldivsf3.o)
                              ./src/main.o (__aeabi_fmul)
/home/ne23kaj2/programme/gcc-arm-none-eabi-7-2017-q4-major/bin/../lib/gcc/arm-none-eabi/7.2.1/thumb/v7-m/libgcc.a(_arm_unordsf2.o)
                              /home/ne23kaj2/programme/gcc-arm-none-eabi-7-2017-q4-major/bin/../lib/gcc/arm-none-eabi/7.2.1/../../../../arm-none-eabi/lib/thumb/v7-m/libm.a(lib_a-math_errf.o) (__aeabi_fcmpun)
/home/ne23kaj2/programme/gcc-arm-none-eabi-7-2017-q4-major/bin/../lib/gcc/arm-none-eabi/7.2.1/thumb/v7-m/libgcc.a(_arm_fixunssfsi.o)
                              ./src/main.o (__aeabi_f2uiz)
/home/ne23kaj2/programme/gcc-arm-none-eabi-7-2017-q4-major/bin/../lib/gcc/arm-none-eabi/7.2.1/../../../../arm-none-eabi/lib/thumb/v7-m/libg.a(lib_a-errno.o)
                              ./system/src/newlib/_sbrk.o (__errno)
/home/ne23kaj2/programme/gcc-arm-none-eabi-7-2017-q4-major/bin/../lib/gcc/arm-none-eabi/7.2.1/../../../../arm-none-eabi/lib/thumb/v7-m/libg.a(lib_a-findfp.o)
                              ./system/src/newlib/_syscalls.o (__sinit)
/home/ne23kaj2/programme/gcc-arm-none-eabi-7-2017-q4-major/bin/../lib/gcc/arm-none-eabi/7.2.1/../../../../arm-none-eabi/lib/thumb/v7-m/libg.a(lib_a-fwalk.o)
[...]
Memory Configuration

Name             Origin             Length             Attributes
RAM              0x0000000020000000 0x0000000000005000 xrw
CCMRAM           0x0000000000000000 0x0000000000000000 xrw
FLASH            0x0000000008000000 0x0000000000010000 xr
FLASHB1          0x0000000000000000 0x0000000000000000 xr
EXTMEMB0         0x0000000000000000 0x0000000000000000 xr
EXTMEMB1         0x0000000000000000 0x0000000000000000 xr
EXTMEMB2         0x0000000000000000 0x0000000000000000 xr
EXTMEMB3         0x0000000000000000 0x0000000000000000 xr
MEMORY_ARRAY     0x0000000000000000 0x0000000000000000 xrw
*default*        0x0000000000000000 0xffffffffffffffff

Linker script and memory map

LOAD ./vcp/src/hw_config.o
LOAD ./vcp/src/stm32_it.o
LOAD ./vcp/src/usb_desc.o
LOAD ./vcp/src/usb_endp.o
LOAD ./vcp/src/usb_istr.o
LOAD ./vcp/src/usb_prop.o
LOAD ./vcp/src/usb_pwr.o
LOAD ./system/src/stm32f1-stdperiph/misc.o
LOAD ./system/src/stm32f1-stdperiph/stm32f10x_bkp.o
LOAD ./system/src/stm32f1-stdperiph/stm32f10x_gpio.o
LOAD ./system/src/stm32f1-stdperiph/stm32f10x_i2c.o
LOAD ./system/src/stm32f1-stdperiph/stm32f10x_pwr.o
LOAD ./system/src/stm32f1-stdperiph/stm32f10x_rcc.o
LOAD ./system/src/stm32f1-stdperiph/stm32f10x_rtc.o
LOAD ./system/src/stm32f1-stdperiph/stm32f10x_tim.o
LOAD ./system/src/newlib/_cxx.o
LOAD ./system/src/newlib/_exit.o
LOAD ./system/src/newlib/_sbrk.o
LOAD ./system/src/newlib/_startup.o
LOAD ./system/src/newlib/_syscalls.o
LOAD ./system/src/newlib/assert.o
LOAD ./system/src/diag/Trace.o
LOAD ./system/src/diag/trace_impl.o
LOAD ./system/src/cortexm/_initialize_hardware.o
LOAD ./system/src/cortexm/_reset_hardware.o
LOAD ./system/src/cortexm/exception_handlers.o
LOAD ./system/src/cmsis/system_stm32f10x.o
LOAD ./system/src/cmsis/vectors_stm32f10x.o
LOAD ./src/Timer.o
LOAD ./src/_write.o
LOAD ./src/font12x16_reduced.o
LOAD ./src/font5x7.o
LOAD ./src/gpio.o
LOAD ./src/i2c.o
LOAD ./src/icons.o
LOAD ./src/ir.o
LOAD ./src/irmp.o
LOAD ./src/json.o
LOAD ./src/lcd64x32.o
LOAD ./src/main.o
LOAD ./src/rotenc.o
LOAD ./src/rtc.o
LOAD ./src/tim.o
LOAD ./src/ugui.o
LOAD ./src/usb.o
LOAD ./STM32_USB-FS-Device_Driver/src/usb_core.o
LOAD ./STM32_USB-FS-Device_Driver/src/usb_init.o
LOAD ./STM32_USB-FS-Device_Driver/src/usb_int.o
LOAD ./STM32_USB-FS-Device_Driver/src/usb_mem.o
LOAD ./STM32_USB-FS-Device_Driver/src/usb_regs.o
LOAD ./STM32_USB-FS-Device_Driver/src/usb_sil.o
LOAD /home/ne23kaj2/programme/gcc-arm-none-eabi-7-2017-q4-major/bin/../lib/gcc/arm-none-eabi/7.2.1/../../../../arm-none-eabi/lib/thumb/v7-m/libstdc++.a
LOAD /home/ne23kaj2/programme/gcc-arm-none-eabi-7-2017-q4-major/bin/../lib/gcc/arm-none-eabi/7.2.1/../../../../arm-none-eabi/lib/thumb/v7-m/libm.a
START GROUP
LOAD /home/ne23kaj2/programme/gcc-arm-none-eabi-7-2017-q4-major/bin/../lib/gcc/arm-none-eabi/7.2.1/thumb/v7-m/libgcc.a
LOAD /home/ne23kaj2/programme/gcc-arm-none-eabi-7-2017-q4-major/bin/../lib/gcc/arm-none-eabi/7.2.1/../../../../arm-none-eabi/lib/thumb/v7-m/libg.a
LOAD /home/ne23kaj2/programme/gcc-arm-none-eabi-7-2017-q4-major/bin/../lib/gcc/arm-none-eabi/7.2.1/../../../../arm-none-eabi/lib/thumb/v7-m/libc.a
END GROUP
                0x0000000020005000                __stack = (ORIGIN (RAM) + LENGTH (RAM))
                0x0000000020005000                _estack = __stack
                0x0000000000000400                __Main_Stack_Size = 0x400
                [!provide]                        PROVIDE (_Main_Stack_Size, __Main_Stack_Size)
                0x0000000020004c00                __Main_Stack_Limit = (__stack - __Main_Stack_Size)
                [!provide]                        PROVIDE (_Main_Stack_Limit, __Main_Stack_Limit)
                0x0000000000000100                _Minimum_Stack_Size = 0x100
                0x00000000200022e8                PROVIDE (_Heap_Begin, _end_noinit)
                0x0000000020004c00                PROVIDE (_Heap_Limit, (__stack - __Main_Stack_Size))

.isr_vector     0x0000000008000000      0x252
 FILL mask 0xff
                0x0000000008000000                __vectors_start = ABSOLUTE (.)
                0x0000000008000000                __vectors_start__ = ABSOLUTE (.)
 *(.isr_vector)
 .isr_vector    0x0000000008000000      0x10c ./system/src/cmsis/vectors_stm32f10x.o
                0x0000000008000000                __isr_vectors
 *(.cfmconfig)
 *(.after_vectors .after_vectors.*)
 .after_vectors
                0x000000000800010c       0xb8 ./system/src/newlib/_startup.o
                0x000000000800010c                _start
 .after_vectors
                0x00000000080001c4       0x8c ./system/src/cortexm/exception_handlers.o
                0x00000000080001c4                Reset_Handler
                0x00000000080001c8                NMI_Handler
                0x00000000080001ca                HardFault_Handler
                0x00000000080001de                HardFault_Handler_C
                0x0000000008000208                MemManage_Handler
                0x000000000800020a                BusFault_Handler
                0x000000000800021e                BusFault_Handler_C
                0x0000000008000220                UsageFault_Handler
                0x0000000008000234                UsageFault_Handler_C
                0x0000000008000236                SVC_Handler
                0x0000000008000238                DebugMon_Handler
                0x000000000800023a                PendSV_Handler
 .after_vectors
                0x0000000008000250        0x2 ./system/src/cmsis/vectors_stm32f10x.o
                0x0000000008000250                EXTI2_IRQHandler
                0x0000000008000250                TIM8_TRG_COM_IRQHandler
                0x0000000008000250                TIM8_CC_IRQHandler
                0x0000000008000250                TIM1_CC_IRQHandler
                0x0000000008000250                TIM6_IRQHandler
                0x0000000008000250                PVD_IRQHandler
                0x0000000008000250                SDIO_IRQHandler
                0x0000000008000250                CAN2_RX1_IRQHandler
                0x0000000008000250                EXTI3_IRQHandler
                0x0000000008000250                TIM8_TRG_COM_TIM14_IRQHandler
                0x0000000008000250                TIM1_UP_TIM10_IRQHandler
                0x0000000008000250                TIM8_UP_TIM13_IRQHandler
                0x0000000008000250                EXTI0_IRQHandler
                0x0000000008000250                I2C2_EV_IRQHandler
                0x0000000008000250                CAN1_RX0_IRQHandler
                0x0000000008000250                TIM1_UP_TIM16_IRQHandler
                0x0000000008000250                CAN2_SCE_IRQHandler
                0x0000000008000250                ADC1_2_IRQHandler
                0x0000000008000250                SPI1_IRQHandler
                0x0000000008000250                TAMPER_IRQHandler
                0x0000000008000250                TIM6_DAC_IRQHandler
                0x0000000008000250                TIM1_BRK_TIM9_IRQHandler
                0x0000000008000250                CAN2_RX0_IRQHandler
                0x0000000008000250                TIM8_UP_IRQHandler
                0x0000000008000250                DMA2_Channel2_IRQHandler
                0x0000000008000250                DMA1_Channel4_IRQHandler
                0x0000000008000250                USART3_IRQHandler
                0x0000000008000250                RTC_IRQHandler
                0x0000000008000250                DMA1_Channel7_IRQHandler
                0x0000000008000250                CAN1_RX1_IRQHandler
                0x0000000008000250                UART5_IRQHandler
                0x0000000008000250                ADC3_IRQHandler
                0x0000000008000250                TIM4_IRQHandler
                0x0000000008000250                DMA2_Channel1_IRQHandler
                0x0000000008000250                I2C1_EV_IRQHandler
                0x0000000008000250                DMA1_Channel6_IRQHandler
                0x0000000008000250                UART4_IRQHandler
                0x0000000008000250                DMA2_Channel4_IRQHandler
                0x0000000008000250                RCC_IRQHandler
                0x0000000008000250                TIM8_BRK_TIM12_IRQHandler
                0x0000000008000250                TIM1_TRG_COM_IRQHandler
                0x0000000008000250                DMA1_Channel1_IRQHandler
                0x0000000008000250                Default_Handler
                0x0000000008000250                CEC_IRQHandler
                0x0000000008000250                EXTI15_10_IRQHandler
                0x0000000008000250                TIM14_IRQHandler
                0x0000000008000250                TIM13_IRQHandler
                0x0000000008000250                TIM12_IRQHandler
                0x0000000008000250                TIM7_IRQHandler
                0x0000000008000250                CAN2_TX_IRQHandler
                0x0000000008000250                TIM5_IRQHandler
                0x0000000008000250                EXTI9_5_IRQHandler
                0x0000000008000250                ETH_WKUP_IRQHandler
                0x0000000008000250                SPI2_IRQHandler
                0x0000000008000250                CAN1_TX_IRQHandler
                0x0000000008000250                DMA2_Channel5_IRQHandler
                0x0000000008000250                DMA1_Channel5_IRQHandler
                0x0000000008000250                EXTI4_IRQHandler
                0x0000000008000250                TIM1_TRG_COM_TIM17_IRQHandler
                0x0000000008000250                USB_HP_CAN1_TX_IRQHandler
                0x0000000008000250                DMA1_Channel3_IRQHandler
                0x0000000008000250                FSMC_IRQHandler
                0x0000000008000250                ETH_IRQHandler
                0x0000000008000250                TIM1_UP_IRQHandler
                0x0000000008000250                WWDG_IRQHandler
                0x0000000008000250                TIM2_IRQHandler
                0x0000000008000250                OTG_FS_WKUP_IRQHandler
                0x0000000008000250                TIM1_TRG_COM_TIM11_IRQHandler
                0x0000000008000250                TIM1_BRK_IRQHandler
                0x0000000008000250                EXTI1_IRQHandler
                0x0000000008000250                RTCAlarm_IRQHandler
                0x0000000008000250                DMA2_Channel4_5_IRQHandler
                0x0000000008000250                USART2_IRQHandler
                0x0000000008000250                I2C2_ER_IRQHandler
                0x0000000008000250                DMA1_Channel2_IRQHandler
                0x0000000008000250                TIM8_BRK_IRQHandler
                0x0000000008000250                CAN1_SCE_IRQHandler
                0x0000000008000250                FLASH_IRQHandler
                0x0000000008000250                USART1_IRQHandler
                0x0000000008000250                OTG_FS_IRQHandler
                0x0000000008000250                SPI3_IRQHandler
                0x0000000008000250                I2C1_ER_IRQHandler
                0x0000000008000250                DMA2_Channel3_IRQHandler
                0x0000000008000250                TIM1_BRK_TIM15_IRQHandler

.inits          0x0000000008000254       0x28
                0x0000000008000254                __data_regions_array_start = .
                0x0000000008000254        0x4 LONG 0x800bafc LOADADDR (.data)
                0x0000000008000258        0x4 LONG 0x20000000 ADDR (.data)
                0x000000000800025c        0x4 LONG 0x20001034 (ADDR (.data) + SIZEOF (.data))
                0x0000000008000260        0x4 LONG 0x800bafc LOADADDR (.data_CCMRAM)
                0x0000000008000264        0x4 LONG 0x0 ADDR (.data_CCMRAM)
                0x0000000008000268        0x4 LONG 0x0 (ADDR (.data_CCMRAM) + SIZEOF (.data_CCMRAM))
                0x000000000800026c                __data_regions_array_end = .
                0x000000000800026c                __bss_regions_array_start = .
                0x000000000800026c        0x4 LONG 0x20001034 ADDR (.bss)
                0x0000000008000270        0x4 LONG 0x200022e8 (ADDR (.bss) + SIZEOF (.bss))
                0x0000000008000274        0x4 LONG 0x0 ADDR (.bss_CCMRAM)
                0x0000000008000278        0x4 LONG 0x0 (ADDR (.bss_CCMRAM) + SIZEOF (.bss_CCMRAM))
                0x000000000800027c                __bss_regions_array_end = .
 *(.init)
 *(.fini)
                0x000000000800027c                . = ALIGN (0x4)
                0x000000000800027c                PROVIDE (__preinit_array_start, .)
 *(.preinit_array_sysinit .preinit_array_sysinit.*)
 *(.preinit_array_platform .preinit_array_platform.*)
 *(.preinit_array .preinit_array.*)
                0x000000000800027c                PROVIDE (__preinit_array_end, .)
                0x000000000800027c                . = ALIGN (0x4)
                0x000000000800027c                PROVIDE (__init_array_start, .)
 *(SORT_BY_NAME(.init_array.*))
 *(.init_array)
                0x000000000800027c                PROVIDE (__init_array_end, .)
                0x000000000800027c                . = ALIGN (0x4)
                0x000000000800027c                PROVIDE (__fini_array_start, .)
 *(SORT_BY_NAME(.fini_array.*))
 *(.fini_array)
                0x000000000800027c                PROVIDE (__fini_array_end, .)

.flashtext
 *(.flashtext .flashtext.*)

.text           0x0000000008000280     0xb874
 *(.text .text.*)
 .text.IntToUnicode
                0x0000000008000280       0x2a ./vcp/src/hw_config.o
 *fill*         0x00000000080002aa        0x2 
 .text.Set_System
                0x00000000080002ac       0x5c ./vcp/src/hw_config.o
                0x00000000080002ac                Set_System
 .text.Set_USBClock
                0x0000000008000308       0x16 ./vcp/src/hw_config.o
                0x0000000008000308                Set_USBClock
 .text.USB_Interrupts_Config
                0x000000000800031e       0x38 ./vcp/src/hw_config.o
                0x000000000800031e                USB_Interrupts_Config
 *fill*         0x0000000008000356        0x2 
 .text.USB_Cable_Config
                0x0000000008000358       0x14 ./vcp/src/hw_config.o
                0x0000000008000358                USB_Cable_Config
 .text.Get_SerialNum
                0x000000000800036c       0x3c ./vcp/src/hw_config.o
                0x000000000800036c                Get_SerialNum
 .text.CDC_Send_DATA
                0x00000000080003a8       0x34 ./vcp/src/hw_config.o
                0x00000000080003a8                CDC_Send_DATA
 .text.CDC_Receive_DATA
                0x00000000080003dc       0x18 ./vcp/src/hw_config.o
                0x00000000080003dc                CDC_Receive_DATA
 .text.USB_LP_CAN1_RX0_IRQHandler
                0x00000000080003f4        0x4 ./vcp/src/stm32_it.o
                0x00000000080003f4                USB_LP_CAN1_RX0_IRQHandler
 .text.USBWakeUp_IRQHandler
                0x00000000080003f8        0x2 ./vcp/src/stm32_it.o
                0x00000000080003f8                USBWakeUp_IRQHandler
 *fill*         0x00000000080003fa        0x2 
 .text.EP1_IN_Callback
                0x00000000080003fc        0xc ./vcp/src/usb_endp.o
                0x00000000080003fc                EP1_IN_Callback
 .text.EP3_OUT_Callback
                0x0000000008000408       0x38 ./vcp/src/usb_endp.o
                0x0000000008000408                EP3_OUT_Callback
 .text.USB_Istr
                0x0000000008000440      0x170 ./vcp/src/usb_istr.o
                0x0000000008000440                USB_Istr
 .text.Virtual_Com_Port_SetConfiguration
                0x00000000080005b0       0x18 ./vcp/src/usb_prop.o
                0x00000000080005b0                Virtual_Com_Port_SetConfiguration
 .text.Virtual_Com_Port_SetDeviceAddress
                0x00000000080005c8        0xc ./vcp/src/usb_prop.o
                0x00000000080005c8                Virtual_Com_Port_SetDeviceAddress
 .text.Virtual_Com_Port_Status_In
                0x00000000080005d4       0x14 ./vcp/src/usb_prop.o
                0x00000000080005d4                Virtual_Com_Port_Status_In
 .text.Virtual_Com_Port_Status_Out
                0x00000000080005e8        0x2 ./vcp/src/usb_prop.o
                0x00000000080005e8                Virtual_Com_Port_Status_Out
 *fill*         0x00000000080005ea        0x2 
 .text.Virtual_Com_Port_Data_Setup
                0x00000000080005ec       0x58 ./vcp/src/usb_prop.o
                0x00000000080005ec                Virtual_Com_Port_Data_Setup
 .text.Virtual_Com_Port_NoData_Setup
                0x0000000008000644       0x24 ./vcp/src/usb_prop.o
                0x0000000008000644                Virtual_Com_Port_NoData_Setup
 .text.Virtual_Com_Port_Get_Interface_Setting
                0x0000000008000668       0x10 ./vcp/src/usb_prop.o
                0x0000000008000668                Virtual_Com_Port_Get_Interface_Setting
 .text.Virtual_Com_Port_GetLineCoding
                0x0000000008000678       0x18 ./vcp/src/usb_prop.o
                0x0000000008000678                Virtual_Com_Port_GetLineCoding
 .text.Virtual_Com_Port_SetLineCoding
                0x0000000008000690        0x4 ./vcp/src/usb_prop.o
                0x0000000008000690                Virtual_Com_Port_SetLineCoding
 .text.Virtual_Com_Port_init
                0x0000000008000694       0x24 ./vcp/src/usb_prop.o
                0x0000000008000694                Virtual_Com_Port_init
 .text.Virtual_Com_Port_Reset
                0x00000000080006b8       0xe0 ./vcp/src/usb_prop.o
                0x00000000080006b8                Virtual_Com_Port_Reset
 .text.Virtual_Com_Port_GetDeviceDescriptor
                0x0000000008000798        0xc ./vcp/src/usb_prop.o
                0x0000000008000798                Virtual_Com_Port_GetDeviceDescriptor
 .text.Virtual_Com_Port_GetConfigDescriptor
                0x00000000080007a4        0xc ./vcp/src/usb_prop.o
                0x00000000080007a4                Virtual_Com_Port_GetConfigDescriptor
 .text.Virtual_Com_Port_GetStringDescriptor
                0x00000000080007b0       0x20 ./vcp/src/usb_prop.o
                0x00000000080007b0                Virtual_Com_Port_GetStringDescriptor
 .text.PowerOn  0x00000000080007d0       0x38 ./vcp/src/usb_pwr.o
                0x00000000080007d0                PowerOn
 .text.Suspend  0x0000000008000808       0x84 ./vcp/src/usb_pwr.o
                0x0000000008000808                Suspend
 .text.Resume_Init
                0x000000000800088c       0x18 ./vcp/src/usb_pwr.o
                0x000000000800088c                Resume_Init
 .text.Resume   0x00000000080008a4       0xa4 ./vcp/src/usb_pwr.o
                0x00000000080008a4                Resume
 .text.NVIC_PriorityGroupConfig
                0x0000000008000948       0x14 ./system/src/stm32f1-stdperiph/misc.o
                0x0000000008000948                NVIC_PriorityGroupConfig
 .text.NVIC_Init
                0x000000000800095c       0x58 ./system/src/stm32f1-stdperiph/misc.o
                0x000000000800095c                NVIC_Init
 .text.BKP_DeInit
                0x00000000080009b4       0x12 ./system/src/stm32f1-stdperiph/stm32f10x_bkp.o
                0x00000000080009b4                BKP_DeInit
 *fill*         0x00000000080009c6        0x2 
 .text.BKP_WriteBackupRegister
                0x00000000080009c8       0x1c ./system/src/stm32f1-stdperiph/stm32f10x_bkp.o
                0x00000000080009c8                BKP_WriteBackupRegister
 .text.BKP_ReadBackupRegister
                0x00000000080009e4       0x1c ./system/src/stm32f1-stdperiph/stm32f10x_bkp.o
                0x00000000080009e4                BKP_ReadBackupRegister
 .text.GPIO_Init
                0x0000000008000a00       0xa6 ./system/src/stm32f1-stdperiph/stm32f10x_gpio.o
                0x0000000008000a00                GPIO_Init
 .text.GPIO_ReadInputDataBit
                0x0000000008000aa6        0xc ./system/src/stm32f1-stdperiph/stm32f10x_gpio.o
                0x0000000008000aa6                GPIO_ReadInputDataBit
 .text.GPIO_SetBits
                0x0000000008000ab2        0x4 ./system/src/stm32f1-stdperiph/stm32f10x_gpio.o
                0x0000000008000ab2                GPIO_SetBits
 .text.GPIO_ResetBits
                0x0000000008000ab6        0x4 ./system/src/stm32f1-stdperiph/stm32f10x_gpio.o
                0x0000000008000ab6                GPIO_ResetBits
 *fill*         0x0000000008000aba        0x2 
 .text.GPIO_PinRemapConfig
                0x0000000008000abc       0x60 ./system/src/stm32f1-stdperiph/stm32f10x_gpio.o
                0x0000000008000abc                GPIO_PinRemapConfig
 .text.I2C_Init
                0x0000000008000b1c       0xc8 ./system/src/stm32f1-stdperiph/stm32f10x_i2c.o
                0x0000000008000b1c                I2C_Init
 .text.I2C_Cmd  0x0000000008000be4       0x16 ./system/src/stm32f1-stdperiph/stm32f10x_i2c.o
                0x0000000008000be4                I2C_Cmd
 .text.I2C_GenerateSTART
                0x0000000008000bfa       0x16 ./system/src/stm32f1-stdperiph/stm32f10x_i2c.o
                0x0000000008000bfa                I2C_GenerateSTART
 .text.I2C_GenerateSTOP
                0x0000000008000c10       0x16 ./system/src/stm32f1-stdperiph/stm32f10x_i2c.o
                0x0000000008000c10                I2C_GenerateSTOP
 .text.I2C_SendData
                0x0000000008000c26        0x4 ./system/src/stm32f1-stdperiph/stm32f10x_i2c.o
                0x0000000008000c26                I2C_SendData
 .text.I2C_Send7bitAddress
                0x0000000008000c2a       0x12 ./system/src/stm32f1-stdperiph/stm32f10x_i2c.o
                0x0000000008000c2a                I2C_Send7bitAddress
 .text.I2C_CheckEvent
                0x0000000008000c3c       0x16 ./system/src/stm32f1-stdperiph/stm32f10x_i2c.o
                0x0000000008000c3c                I2C_CheckEvent
 .text.I2C_GetFlagStatus
                0x0000000008000c52       0x34 ./system/src/stm32f1-stdperiph/stm32f10x_i2c.o
                0x0000000008000c52                I2C_GetFlagStatus
 *fill*         0x0000000008000c86        0x2 
 .text.PWR_BackupAccessCmd
                0x0000000008000c88        0xc ./system/src/stm32f1-stdperiph/stm32f10x_pwr.o
                0x0000000008000c88                PWR_BackupAccessCmd
 .text.RCC_USBCLKConfig
                0x0000000008000c94        0xc ./system/src/stm32f1-stdperiph/stm32f10x_rcc.o
                0x0000000008000c94                RCC_USBCLKConfig
 .text.RCC_LSEConfig
                0x0000000008000ca0       0x20 ./system/src/stm32f1-stdperiph/stm32f10x_rcc.o
                0x0000000008000ca0                RCC_LSEConfig
 .text.RCC_RTCCLKConfig
                0x0000000008000cc0       0x10 ./system/src/stm32f1-stdperiph/stm32f10x_rcc.o
                0x0000000008000cc0                RCC_RTCCLKConfig
 .text.RCC_RTCCLKCmd
                0x0000000008000cd0        0xc ./system/src/stm32f1-stdperiph/stm32f10x_rcc.o
                0x0000000008000cd0                RCC_RTCCLKCmd
 .text.RCC_GetClocksFreq
                0x0000000008000cdc       0x84 ./system/src/stm32f1-stdperiph/stm32f10x_rcc.o
                0x0000000008000cdc                RCC_GetClocksFreq
 .text.RCC_APB2PeriphClockCmd
                0x0000000008000d60       0x18 ./system/src/stm32f1-stdperiph/stm32f10x_rcc.o
                0x0000000008000d60                RCC_APB2PeriphClockCmd
 .text.RCC_APB1PeriphClockCmd
                0x0000000008000d78       0x18 ./system/src/stm32f1-stdperiph/stm32f10x_rcc.o
                0x0000000008000d78                RCC_APB1PeriphClockCmd
 .text.RCC_BackupResetCmd
                0x0000000008000d90        0xc ./system/src/stm32f1-stdperiph/stm32f10x_rcc.o
                0x0000000008000d90                RCC_BackupResetCmd
 .text.RCC_GetFlagStatus
                0x0000000008000d9c       0x28 ./system/src/stm32f1-stdperiph/stm32f10x_rcc.o
                0x0000000008000d9c                RCC_GetFlagStatus
 .text.RTC_EnterConfigMode
                0x0000000008000dc4       0x10 ./system/src/stm32f1-stdperiph/stm32f10x_rtc.o
                0x0000000008000dc4                RTC_EnterConfigMode
 .text.RTC_ExitConfigMode
                0x0000000008000dd4       0x14 ./system/src/stm32f1-stdperiph/stm32f10x_rtc.o
                0x0000000008000dd4                RTC_ExitConfigMode
 .text.RTC_GetCounter
                0x0000000008000de8       0x10 ./system/src/stm32f1-stdperiph/stm32f10x_rtc.o
                0x0000000008000de8                RTC_GetCounter
 .text.RTC_SetCounter
                0x0000000008000df8       0x1c ./system/src/stm32f1-stdperiph/stm32f10x_rtc.o
                0x0000000008000df8                RTC_SetCounter
 .text.RTC_SetPrescaler
                0x0000000008000e14       0x20 ./system/src/stm32f1-stdperiph/stm32f10x_rtc.o
                0x0000000008000e14                RTC_SetPrescaler
 .text.RTC_WaitForLastTask
                0x0000000008000e34       0x10 ./system/src/stm32f1-stdperiph/stm32f10x_rtc.o
                0x0000000008000e34                RTC_WaitForLastTask
 .text.RTC_WaitForSynchro
                0x0000000008000e44       0x1c ./system/src/stm32f1-stdperiph/stm32f10x_rtc.o
                0x0000000008000e44                RTC_WaitForSynchro
 .text.TIM_TimeBaseInit
                0x0000000008000e60       0x94 ./system/src/stm32f1-stdperiph/stm32f10x_tim.o
                0x0000000008000e60                TIM_TimeBaseInit
 .text.TIM_OC1Init
                0x0000000008000ef4       0x84 ./system/src/stm32f1-stdperiph/stm32f10x_tim.o
                0x0000000008000ef4                TIM_OC1Init
 .text.TIM_Cmd  0x0000000008000f78       0x16 ./system/src/stm32f1-stdperiph/stm32f10x_tim.o
                0x0000000008000f78                TIM_Cmd
 .text.TIM_ITConfig
                0x0000000008000f8e       0x10 ./system/src/stm32f1-stdperiph/stm32f10x_tim.o
                0x0000000008000f8e                TIM_ITConfig
 .text.TIM_OC1PreloadConfig
                0x0000000008000f9e       0x10 ./system/src/stm32f1-stdperiph/stm32f10x_tim.o
                0x0000000008000f9e                TIM_OC1PreloadConfig
 .text.TIM_GetITStatus
                0x0000000008000fae       0x16 ./system/src/stm32f1-stdperiph/stm32f10x_tim.o
                0x0000000008000fae                TIM_GetITStatus
 .text.TIM_ClearITPendingBit
                0x0000000008000fc4        0x8 ./system/src/stm32f1-stdperiph/stm32f10x_tim.o
                0x0000000008000fc4                TIM_ClearITPendingBit
 .text._sbrk    0x0000000008000fcc       0x3c ./system/src/newlib/_sbrk.o
                0x0000000008000fcc                _sbrk
 .text._exit    0x0000000008001008       0x20 ./system/src/newlib/_syscalls.o
                0x0000000008001008                _exit
 .text.initialise_monitor_handles
                0x0000000008001028       0xa4 ./system/src/newlib/_syscalls.o
                0x0000000008001028                initialise_monitor_handles
 .text.__initialize_args
                0x00000000080010cc       0xcc ./system/src/newlib/_syscalls.o
                0x00000000080010cc                __initialize_args
 .text.__initialize_hardware_early
                0x0000000008001198       0x18 ./system/src/cortexm/_initialize_hardware.o
                0x0000000008001198                __initialize_hardware_early
 .text.__initialize_hardware
                0x00000000080011b0        0x4 ./system/src/cortexm/_initialize_hardware.o
                0x00000000080011b0                __initialize_hardware
 .text.isSemihosting
                0x00000000080011b4       0xc4 ./system/src/cortexm/exception_handlers.o
                0x00000000080011b4                isSemihosting
 .text.SystemInit
                0x0000000008001278       0xf0 ./system/src/cmsis/system_stm32f10x.o
                0x0000000008001278                SystemInit
 .text.SystemCoreClockUpdate
                0x0000000008001368       0x58 ./system/src/cmsis/system_stm32f10x.o
                0x0000000008001368                SystemCoreClockUpdate
 .text._Z11timer_startv
                0x00000000080013c0       0x38 ./src/Timer.o
                0x00000000080013c0                timer_start()
 .text._Z11timer_sleepm
                0x00000000080013f8       0x10 ./src/Timer.o
                0x00000000080013f8                timer_sleep(unsigned long)
 .text._Z10timer_tickv
                0x0000000008001408       0x20 ./src/Timer.o
                0x0000000008001408                timer_tick()
 .text.SysTick_Handler
                0x0000000008001428        0x4 ./src/Timer.o
                0x0000000008001428                SysTick_Handler
 .text.gpio_init
                0x000000000800142c       0xdc ./src/gpio.o
                0x000000000800142c                gpio_init
 .text._Z8i2c_initv
                0x0000000008001508       0x70 ./src/i2c.o
                0x0000000008001508                i2c_init()
 .text._Z9I2C_writehh
                0x0000000008001578       0x94 ./src/i2c.o
                0x0000000008001578                I2C_write(unsigned char, unsigned char)
 .text.irmp_store_bit
                0x000000000800160c       0xc4 ./src/irmp.o
 .text.irmp_get_data
                0x00000000080016d0       0xc0 ./src/irmp.o
                0x00000000080016d0                irmp_get_data
 .text.irmp_ISR
                0x0000000008001790      0x4a4 ./src/irmp.o
                0x0000000008001790                irmp_ISR
 .text._ZN11ArduinoJson20StaticJsonBufferBase5allocEj
                0x0000000008001c34       0x1e ./src/json.o
                0x0000000008001c34                ArduinoJson::StaticJsonBufferBase::alloc(unsigned int)
 .text._ZN11ArduinoJson9Internals19JsonBufferAllocatednwEjPNS_10JsonBufferE
                0x0000000008001c52       0x10 ./src/json.o
                0x0000000008001c52                ArduinoJson::Internals::JsonBufferAllocated::operator new(unsigned int, ArduinoJson::JsonBuffer*)
 *fill*         0x0000000008001c62        0x2 
 .text._ZN11ArduinoJson9JsonArray7invalidEv
                0x0000000008001c64       0x20 ./src/json.o
                0x0000000008001c64                ArduinoJson::JsonArray::invalid()
 .text._ZN11ArduinoJson10JsonObject7invalidEv
                0x0000000008001c84       0x20 ./src/json.o
                0x0000000008001c84                ArduinoJson::JsonObject::invalid()
 .text._Z3addPKcz
                0x0000000008001ca4       0x40 ./src/json.o
                0x0000000008001ca4                add(char const*, ...)
 .text._ZN11ArduinoJson9Internals21skipSpacesAndCommentsINS0_17CharPointerTraitsIcE6ReaderEEEvRT_
                0x0000000008001ce4       0x64 ./src/json.o
                0x0000000008001ce4                void ArduinoJson::Internals::skipSpacesAndComments<ArduinoJson::Internals::CharPointerTraits<char>::Reader>(ArduinoJson::Internals::CharPointerTraits<char>::Reader&)
 .text._ZN11ArduinoJson9Internals10JsonParserINS0_17CharPointerTraitsIcE6ReaderENS0_12StringWriterIcEEE3eatERS4_c
                0x0000000008001d48       0x1e ./src/json.o
                0x0000000008001d48                ArduinoJson::Internals::JsonParser<ArduinoJson::Internals::CharPointerTraits<char>::Reader, ArduinoJson::Internals::StringWriter<char> >::eat(ArduinoJson::Internals::CharPointerTraits<char>::Reader&, char)
 *fill*         0x0000000008001d66        0x2 
 .text._ZN11ArduinoJson9Internals10JsonParserINS0_17CharPointerTraitsIcE6ReaderENS0_12StringWriterIcEEE11parseStringEv
                0x0000000008001d68       0xb0 ./src/json.o
                0x0000000008001d68                ArduinoJson::Internals::JsonParser<ArduinoJson::Internals::CharPointerTraits<char>::Reader, ArduinoJson::Internals::StringWriter<char> >::parseString()
 .text._ZN11ArduinoJson10JsonObject7findKeyIPKcEENS_9Internals12ListIteratorINS_8JsonPairEEET_
                0x0000000008001e18       0x1a ./src/json.o
                0x0000000008001e18                ArduinoJson::Internals::ListIterator<ArduinoJson::JsonPair> ArduinoJson::JsonObject::findKey<char const*>(char const*)
 *fill*         0x0000000008001e32        0x2 
 .text._ZNK11ArduinoJson10JsonObject8get_implIPKcS3_EENS_9Internals13JsonVariantAsIT0_E4typeET_
                0x0000000008001e34       0x30 ./src/json.o
                0x0000000008001e34                ArduinoJson::Internals::JsonVariantAs<char const*>::type ArduinoJson::JsonObject::get_impl<char const*, char const*>(char const*) const
 .text._ZN11ArduinoJson9Internals10JsonParserINS0_17CharPointerTraitsIcE6ReaderENS0_12StringWriterIcEEE10parseArrayEv
                0x0000000008001e64       0xa2 ./src/json.o
                0x0000000008001e64                ArduinoJson::Internals::JsonParser<ArduinoJson::Internals::CharPointerTraits<char>::Reader, ArduinoJson::Internals::StringWriter<char> >::parseArray()
 .text._ZN11ArduinoJson9Internals10JsonParserINS0_17CharPointerTraitsIcE6ReaderENS0_12StringWriterIcEEE15parseAnythingToEPNS_11JsonVariantE
                0x0000000008001f06       0x7a ./src/json.o
                0x0000000008001f06                ArduinoJson::Internals::JsonParser<ArduinoJson::Internals::CharPointerTraits<char>::Reader, ArduinoJson::Internals::StringWriter<char> >::parseAnythingTo(ArduinoJson::JsonVariant*)
 .text._ZN11ArduinoJson9Internals10JsonParserINS0_17CharPointerTraitsIcE6ReaderENS0_12StringWriterIcEEE11parseObjectEv
                0x0000000008001f80       0xcc ./src/json.o
                0x0000000008001f80                ArduinoJson::Internals::JsonParser<ArduinoJson::Internals::CharPointerTraits<char>::Reader, ArduinoJson::Internals::StringWriter<char> >::parseObject()
 .text._Z12json_processPc
                0x000000000800204c      0x130 ./src/json.o
                0x000000000800204c                json_process(char*)
 .text._Z12lcd_setPixelii
                0x000000000800217c       0x2c ./src/lcd64x32.o
                0x000000000800217c                lcd_setPixel(int, int)
 .text._Z14lcd_clearPixelii
                0x00000000080021a8       0x2c ./src/lcd64x32.o
                0x00000000080021a8                lcd_clearPixel(int, int)
 .text._Z13lcd_drawPixelssm
                0x00000000080021d4        0xa ./src/lcd64x32.o
                0x00000000080021d4                lcd_drawPixel(short, short, unsigned long)
 .text._Z17lcd_UG_PutStringfssPKcz
                0x00000000080021de       0x3c ./src/lcd64x32.o
                0x00000000080021de                lcd_UG_PutStringf(short, short, char const*, ...)
 *fill*         0x000000000800221a        0x2 
 .text._Z14lcd_putChar5x7iic
                0x000000000800221c       0x50 ./src/lcd64x32.o
                0x000000000800221c                lcd_putChar5x7(int, int, char)
 .text._Z16lcd_putString5x7iiPc
                0x000000000800226c       0x2c ./src/lcd64x32.o
                0x000000000800226c                lcd_putString5x7(int, int, char*)
 .text._Z17lcd_putString5x7fiiPKcz
                0x0000000008002298       0x3c ./src/lcd64x32.o
                0x0000000008002298                lcd_putString5x7f(int, int, char const*, ...)
 .text._Z11lcd_putIconiiPKc
                0x00000000080022d4       0x3a ./src/lcd64x32.o
                0x00000000080022d4                lcd_putIcon(int, int, char const*)
 *fill*         0x000000000800230e        0x2 
 .text._Z10lcd_updatev
                0x0000000008002310       0x6c ./src/lcd64x32.o
                0x0000000008002310                lcd_update()
 .text._Z15lcd_setContrasth
                0x000000000800237c       0x1a ./src/lcd64x32.o
                0x000000000800237c                lcd_setContrast(unsigned char)
 .text._Z8lcd_initv
                0x0000000008002396       0x82 ./src/lcd64x32.o
                0x0000000008002396                lcd_init()
 .text.TIM3_IRQHandler
                0x0000000008002418       0x28 ./src/main.o
                0x0000000008002418                TIM3_IRQHandler
 .text._Z10calcPWMLUTv
                0x0000000008002440       0x7c ./src/main.o
                0x0000000008002440                calcPWMLUT()
 .text._Z13switchPressedv
                0x00000000080024bc       0x18 ./src/main.o
                0x00000000080024bc                switchPressed()
 .text.startup.main
                0x00000000080024d4      0x6bc ./src/main.o
                0x00000000080024d4                main
 .text._Z18rotenc_irq_processv
                0x0000000008002b90       0x50 ./src/rotenc.o
                0x0000000008002b90                rotenc_irq_process()
 .text._Z11rotenc_initv
                0x0000000008002be0       0x3c ./src/rotenc.o
                0x0000000008002be0                rotenc_init()
 .text._Z12rotenc_read1v
                0x0000000008002c1c       0x14 ./src/rotenc.o
                0x0000000008002c1c                rotenc_read1()
 .text._Z17rtc_configurationh
                0x0000000008002c30       0x54 ./src/rtc.o
                0x0000000008002c30                rtc_configuration(unsigned char)
 .text.rtc_isLeapYear
                0x0000000008002c84       0x30 ./src/rtc.o
                0x0000000008002c84                rtc_isLeapYear
 .text._Z16rtc_daysPerMonthii
                0x0000000008002cb4       0x44 ./src/rtc.o
                0x0000000008002cb4                rtc_daysPerMonth(int, int)
 .text.rtc_adjustDate
                0x0000000008002cf8       0x5a ./src/rtc.o
                0x0000000008002cf8                rtc_adjustDate
 .text.rtc_setTime24
                0x0000000008002d52       0x28 ./src/rtc.o
                0x0000000008002d52                rtc_setTime24
 .text.rtc_getTime24
                0x0000000008002d7a       0x34 ./src/rtc.o
                0x0000000008002d7a                rtc_getTime24
 .text.rtc_setDate
                0x0000000008002dae       0x20 ./src/rtc.o
                0x0000000008002dae                rtc_setDate
 .text.rtc_getDate
                0x0000000008002dce       0x1c ./src/rtc.o
                0x0000000008002dce                rtc_getDate
 .text.rtc_adjustTime
                0x0000000008002dea       0x3c ./src/rtc.o
                0x0000000008002dea                rtc_adjustTime
 *fill*         0x0000000008002e26        0x2 
 .text.rtc_checkUpdateDate
                0x0000000008002e28       0xdc ./src/rtc.o
                0x0000000008002e28                rtc_checkUpdateDate
 .text.rtc_weekday
                0x0000000008002f04       0x66 ./src/rtc.o
                0x0000000008002f04                rtc_weekday
 *fill*         0x0000000008002f6a        0x2 
 .text.rtc_init
                0x0000000008002f6c       0x78 ./src/rtc.o
                0x0000000008002f6c                rtc_init
 .text._Z10timer_initv
                0x0000000008002fe4       0x80 ./src/tim.o
                0x0000000008002fe4                timer_init()
 .text.UG_Init  0x0000000008003064       0x68 ./src/ugui.o
                0x0000000008003064                UG_Init
 .text.UG_FontSelect
                0x00000000080030cc       0x18 ./src/ugui.o
                0x00000000080030cc                UG_FontSelect
 .text.UG_FillFrame
                0x00000000080030e4       0x78 ./src/ugui.o
                0x00000000080030e4                UG_FillFrame
 .text.UG_FillScreen
                0x000000000800315c       0x28 ./src/ugui.o
                0x000000000800315c                UG_FillScreen
 .text.UG_DrawLine
                0x0000000008003184      0x124 ./src/ugui.o
                0x0000000008003184                UG_DrawLine
 .text.UG_SetForecolor
                0x00000000080032a8        0xc ./src/ugui.o
                0x00000000080032a8                UG_SetForecolor
 .text.UG_SetBackcolor
                0x00000000080032b4        0xc ./src/ugui.o
                0x00000000080032b4                UG_SetBackcolor
 .text._UG_PutChar
                0x00000000080032c0      0x350 ./src/ugui.o
                0x00000000080032c0                _UG_PutChar
 .text.UG_PutChar
                0x0000000008003610       0x1c ./src/ugui.o
                0x0000000008003610                UG_PutChar
 .text.UG_PutString
                0x000000000800362c       0x88 ./src/ugui.o
                0x000000000800362c                UG_PutString
 .text._UG_PutText
                0x00000000080036b4      0x130 ./src/ugui.o
                0x00000000080036b4                _UG_PutText
 .text._UG_ProcessTouchData
                0x00000000080037e4       0xbc ./src/ugui.o
                0x00000000080037e4                _UG_ProcessTouchData
 .text._UG_UpdateObjects
                0x00000000080038a0       0x50 ./src/ugui.o
                0x00000000080038a0                _UG_UpdateObjects
 .text._UG_HandleEvents
                0x00000000080038f0       0x60 ./src/ugui.o
                0x00000000080038f0                _UG_HandleEvents
 .text._UG_DrawObjectFrame
                0x0000000008003950      0x12a ./src/ugui.o
                0x0000000008003950                _UG_DrawObjectFrame
 *fill*         0x0000000008003a7a        0x2 
 .text._UG_WindowDrawTitle
                0x0000000008003a7c       0xd8 ./src/ugui.o
                0x0000000008003a7c                _UG_WindowDrawTitle
 .text._UG_WindowUpdate
                0x0000000008003b54       0xcc ./src/ugui.o
                0x0000000008003b54                _UG_WindowUpdate
 .text.UG_Update
                0x0000000008003c20       0xa8 ./src/ugui.o
                0x0000000008003c20                UG_Update
 .text.usb_CDCReceiveCallback
                0x0000000008003cc8       0x38 ./src/usb.o
                0x0000000008003cc8                usb_CDCReceiveCallback
 .text.usb_transmitString
                0x0000000008003d00       0x6e ./src/usb.o
                0x0000000008003d00                usb_transmitString
 *fill*         0x0000000008003d6e        0x2 
 .text._Z11usb_processv
                0x0000000008003d70       0x8c ./src/usb.o
                0x0000000008003d70                usb_process()
 .text._Z16usb_isConfiguredv
                0x0000000008003dfc       0x10 ./src/usb.o
                0x0000000008003dfc                usb_isConfigured()
 .text._Z8usb_initv
                0x0000000008003e0c       0x24 ./src/usb.o
                0x0000000008003e0c                usb_init()
 .text.Standard_GetConfiguration
                0x0000000008003e30       0x24 ./STM32_USB-FS-Device_Driver/src/usb_core.o
                0x0000000008003e30                Standard_GetConfiguration
 .text.Standard_GetInterface
                0x0000000008003e54       0x24 ./STM32_USB-FS-Device_Driver/src/usb_core.o
                0x0000000008003e54                Standard_GetInterface
 .text.Standard_GetStatus
                0x0000000008003e78       0x88 ./STM32_USB-FS-Device_Driver/src/usb_core.o
                0x0000000008003e78                Standard_GetStatus
 .text.DataStageIn
                0x0000000008003f00       0xac ./STM32_USB-FS-Device_Driver/src/usb_core.o
 .text.Standard_SetConfiguration
                0x0000000008003fac       0x38 ./STM32_USB-FS-Device_Driver/src/usb_core.o
                0x0000000008003fac                Standard_SetConfiguration
 .text.Standard_SetInterface
                0x0000000008003fe4       0x4c ./STM32_USB-FS-Device_Driver/src/usb_core.o
                0x0000000008003fe4                Standard_SetInterface
 .text.Standard_ClearFeature
                0x0000000008004030       0xcc ./STM32_USB-FS-Device_Driver/src/usb_core.o
                0x0000000008004030                Standard_ClearFeature
 .text.Standard_SetEndPointFeature
                0x00000000080040fc       0x84 ./STM32_USB-FS-Device_Driver/src/usb_core.o
                0x00000000080040fc                Standard_SetEndPointFeature
 .text.Standard_SetDeviceFeature
                0x0000000008004180       0x24 ./STM32_USB-FS-Device_Driver/src/usb_core.o
                0x0000000008004180                Standard_SetDeviceFeature
 .text.Standard_GetDescriptorData
                0x00000000080041a4       0x1c ./STM32_USB-FS-Device_Driver/src/usb_core.o
                0x00000000080041a4                Standard_GetDescriptorData
 .text.Post0_Process
                0x00000000080041c0       0x40 ./STM32_USB-FS-Device_Driver/src/usb_core.o
                0x00000000080041c0                Post0_Process
 .text.Setup0_Process
                0x0000000008004200      0x2c4 ./STM32_USB-FS-Device_Driver/src/usb_core.o
                0x0000000008004200                Setup0_Process
 .text.Out0_Process
                0x00000000080044c4       0xe8 ./STM32_USB-FS-Device_Driver/src/usb_core.o
                0x00000000080044c4                Out0_Process
 .text.SetDeviceAddress
                0x00000000080045ac       0x40 ./STM32_USB-FS-Device_Driver/src/usb_core.o
                0x00000000080045ac                SetDeviceAddress
 .text.In0_Process
                0x00000000080045ec       0x5c ./STM32_USB-FS-Device_Driver/src/usb_core.o
                0x00000000080045ec                In0_Process
 .text.NOP_Process
                0x0000000008004648        0x2 ./STM32_USB-FS-Device_Driver/src/usb_core.o
                0x0000000008004648                NOP_Process
 *fill*         0x000000000800464a        0x2 
 .text.USB_Init
                0x000000000800464c       0x34 ./STM32_USB-FS-Device_Driver/src/usb_init.o
                0x000000000800464c                USB_Init
 .text.CTR_LP   0x0000000008004680      0x180 ./STM32_USB-FS-Device_Driver/src/usb_int.o
                0x0000000008004680                CTR_LP
 .text.UserToPMABufferCopy
                0x0000000008004800       0x1e ./STM32_USB-FS-Device_Driver/src/usb_mem.o
                0x0000000008004800                UserToPMABufferCopy
 .text.PMAToUserBufferCopy
                0x000000000800481e       0x24 ./STM32_USB-FS-Device_Driver/src/usb_mem.o
                0x000000000800481e                PMAToUserBufferCopy
 *fill*         0x0000000008004842        0x2 
 .text.SetISTR  0x0000000008004844        0xc ./STM32_USB-FS-Device_Driver/src/usb_regs.o
                0x0000000008004844                SetISTR
 .text.SetBTABLE
                0x0000000008004850       0x10 ./STM32_USB-FS-Device_Driver/src/usb_regs.o
                0x0000000008004850                SetBTABLE
 .text.SetEPType
                0x0000000008004860       0x1c ./STM32_USB-FS-Device_Driver/src/usb_regs.o
                0x0000000008004860                SetEPType
 .text.SetEPTxStatus
                0x000000000800487c       0x32 ./STM32_USB-FS-Device_Driver/src/usb_regs.o
                0x000000000800487c                SetEPTxStatus
 .text.SetEPRxStatus
                0x00000000080048ae       0x32 ./STM32_USB-FS-Device_Driver/src/usb_regs.o
                0x00000000080048ae                SetEPRxStatus
 .text.GetEPTxStatus
                0x00000000080048e0       0x12 ./STM32_USB-FS-Device_Driver/src/usb_regs.o
                0x00000000080048e0                GetEPTxStatus
 .text.SetEPTxValid
                0x00000000080048f2       0x26 ./STM32_USB-FS-Device_Driver/src/usb_regs.o
                0x00000000080048f2                SetEPTxValid
 .text.SetEPRxValid
                0x0000000008004918       0x26 ./STM32_USB-FS-Device_Driver/src/usb_regs.o
                0x0000000008004918                SetEPRxValid
 .text.ClearEP_KIND
                0x000000000800493e       0x20 ./STM32_USB-FS-Device_Driver/src/usb_regs.o
                0x000000000800493e                ClearEP_KIND
 .text.Clear_Status_Out
                0x000000000800495e        0x4 ./STM32_USB-FS-Device_Driver/src/usb_regs.o
                0x000000000800495e                Clear_Status_Out
 .text.ClearDTOG_RX
                0x0000000008004962       0x26 ./STM32_USB-FS-Device_Driver/src/usb_regs.o
                0x0000000008004962                ClearDTOG_RX
 .text.ClearDTOG_TX
                0x0000000008004988       0x26 ./STM32_USB-FS-Device_Driver/src/usb_regs.o
                0x0000000008004988                ClearDTOG_TX
 *fill*         0x00000000080049ae        0x2 
 .text.SetEPTxAddr
                0x00000000080049b0       0x20 ./STM32_USB-FS-Device_Driver/src/usb_regs.o
                0x00000000080049b0                SetEPTxAddr
 .text.SetEPRxAddr
                0x00000000080049d0       0x20 ./STM32_USB-FS-Device_Driver/src/usb_regs.o
                0x00000000080049d0                SetEPRxAddr
 .text.GetEPTxAddr
                0x00000000080049f0       0x1c ./STM32_USB-FS-Device_Driver/src/usb_regs.o
                0x00000000080049f0                GetEPTxAddr
 .text.GetEPRxAddr
                0x0000000008004a0c       0x1c ./STM32_USB-FS-Device_Driver/src/usb_regs.o
                0x0000000008004a0c                GetEPRxAddr
 .text.SetEPTxCount
                0x0000000008004a28       0x1c ./STM32_USB-FS-Device_Driver/src/usb_regs.o
                0x0000000008004a28                SetEPTxCount
 .text.SetEPRxCount
                0x0000000008004a44       0x40 ./STM32_USB-FS-Device_Driver/src/usb_regs.o
                0x0000000008004a44                SetEPRxCount
 .text.GetEPRxCount
                0x0000000008004a84       0x20 ./STM32_USB-FS-Device_Driver/src/usb_regs.o
                0x0000000008004a84                GetEPRxCount
 .text.ByteSwap
                0x0000000008004aa4        0xa ./STM32_USB-FS-Device_Driver/src/usb_regs.o
                0x0000000008004aa4                ByteSwap
 *fill*         0x0000000008004aae        0x2 
 .text.USB_SIL_Init
                0x0000000008004ab0       0x20 ./STM32_USB-FS-Device_Driver/src/usb_sil.o
                0x0000000008004ab0                USB_SIL_Init
 .text.logf     0x0000000008004ad0      0x114 /home/ne23kaj2/programme/gcc-arm-none-eabi-7-2017-q4-major/bin/../lib/gcc/arm-none-eabi/7.2.1/../../../../arm-none-eabi/lib/thumb/v7-m/libm.a(lib_a-sf_log.o)
                0x0000000008004ad0                logf
 *fill*         0x0000000008004be4        0x4 
 .text.powf     0x0000000008004be8      0x3c4 /home/ne23kaj2/programme/gcc-arm-none-eabi-7-2017-q4-major/bin/../lib/gcc/arm-none-eabi/7.2.1/../../../../arm-none-eabi/lib/thumb/v7-m/libm.a(lib_a-sf_pow.o)
                0x0000000008004be8                powf
 .text.with_errnof
                0x0000000008004fac       0x10 /home/ne23kaj2/programme/gcc-arm-none-eabi-7-2017-q4-major/bin/../lib/gcc/arm-none-eabi/7.2.1/../../../../arm-none-eabi/lib/thumb/v7-m/libm.a(lib_a-math_errf.o)
 .text.xflowf   0x0000000008004fbc       0x28 /home/ne23kaj2/programme/gcc-arm-none-eabi-7-2017-q4-major/bin/../lib/gcc/arm-none-eabi/7.2.1/../../../../arm-none-eabi/lib/thumb/v7-m/libm.a(lib_a-math_errf.o)
 .text.__math_uflowf
                0x0000000008004fe4        0x8 /home/ne23kaj2/programme/gcc-arm-none-eabi-7-2017-q4-major/bin/../lib/gcc/arm-none-eabi/7.2.1/../../../../arm-none-eabi/lib/thumb/v7-m/libm.a(lib_a-math_errf.o)
                0x0000000008004fe4                __math_uflowf
 .text.__math_may_uflowf
                0x0000000008004fec        0x8 /home/ne23kaj2/programme/gcc-arm-none-eabi-7-2017-q4-major/bin/../lib/gcc/arm-none-eabi/7.2.1/../../../../arm-none-eabi/lib/thumb/v7-m/libm.a(lib_a-math_errf.o)
                0x0000000008004fec                __math_may_uflowf
 .text.__math_oflowf
                0x0000000008004ff4        0x8 /home/ne23kaj2/programme/gcc-arm-none-eabi-7-2017-q4-major/bin/../lib/gcc/arm-none-eabi/7.2.1/../../../../arm-none-eabi/lib/thumb/v7-m/libm.a(lib_a-math_errf.o)
                0x0000000008004ff4                __math_oflowf
 .text.__math_divzerof
                0x0000000008004ffc       0x20 /home/ne23kaj2/programme/gcc-arm-none-eabi-7-2017-q4-major/bin/../lib/gcc/arm-none-eabi/7.2.1/../../../../arm-none-eabi/lib/thumb/v7-m/libm.a(lib_a-math_errf.o)
                0x0000000008004ffc                __math_divzerof
 .text.__math_invalidf
                0x000000000800501c       0x2c /home/ne23kaj2/programme/gcc-arm-none-eabi-7-2017-q4-major/bin/../lib/gcc/arm-none-eabi/7.2.1/../../../../arm-none-eabi/lib/thumb/v7-m/libm.a(lib_a-math_errf.o)
                0x000000000800501c                __math_invalidf
 .text          0x0000000008005048      0x378 /home/ne23kaj2/programme/gcc-arm-none-eabi-7-2017-q4-major/bin/../lib/gcc/arm-none-eabi/7.2.1/thumb/v7-m/libgcc.a(_arm_addsubdf3.o)
                0x0000000008005048                __aeabi_drsub
                0x0000000008005050                __aeabi_dsub
                0x0000000008005050                __subdf3
                0x0000000008005054                __adddf3
                0x0000000008005054                __aeabi_dadd
                0x00000000080052cc                __aeabi_ui2d
                0x00000000080052cc                __floatunsidf
                0x00000000080052ec                __floatsidf
                0x00000000080052ec                __aeabi_i2d
                0x0000000008005310                __extendsfdf2
                0x0000000008005310                __aeabi_f2d
                0x0000000008005354                __aeabi_ul2d
                0x0000000008005354                __floatundidf
                0x0000000008005364                __floatdidf
                0x0000000008005364                __aeabi_l2d
 .text          0x00000000080053c0      0x424 /home/ne23kaj2/programme/gcc-arm-none-eabi-7-2017-q4-major/bin/../lib/gcc/arm-none-eabi/7.2.1/thumb/v7-m/libgcc.a(_arm_muldivdf3.o)
                0x00000000080053c0                __aeabi_dmul
                0x00000000080053c0                __muldf3
                0x0000000008005614                __aeabi_ddiv
                0x0000000008005614                __divdf3
 .text          0x00000000080057e4      0x110 /home/ne23kaj2/programme/gcc-arm-none-eabi-7-2017-q4-major/bin/../lib/gcc/arm-none-eabi/7.2.1/thumb/v7-m/libgcc.a(_arm_cmpdf2.o)
                0x00000000080057e4                __gtdf2
                0x00000000080057e4                __gedf2
                0x00000000080057ec                __ltdf2
                0x00000000080057ec                __ledf2
                0x00000000080057f4                __cmpdf2
                0x00000000080057f4                __eqdf2
                0x00000000080057f4                __nedf2
                0x0000000008005870                __aeabi_cdrcmple
                0x0000000008005880                __aeabi_cdcmple
                0x0000000008005880                __aeabi_cdcmpeq
                0x0000000008005890                __aeabi_dcmpeq
                0x00000000080058a4                __aeabi_dcmplt
                0x00000000080058b8                __aeabi_dcmple
                0x00000000080058cc                __aeabi_dcmpge
                0x00000000080058e0                __aeabi_dcmpgt
 .text          0x00000000080058f4       0xa0 /home/ne23kaj2/programme/gcc-arm-none-eabi-7-2017-q4-major/bin/../lib/gcc/arm-none-eabi/7.2.1/thumb/v7-m/libgcc.a(_arm_truncdfsf2.o)
                0x00000000080058f4                __aeabi_d2f
                0x00000000080058f4                __truncdfsf2
 .text          0x0000000008005994      0x21c /home/ne23kaj2/programme/gcc-arm-none-eabi-7-2017-q4-major/bin/../lib/gcc/arm-none-eabi/7.2.1/thumb/v7-m/libgcc.a(_arm_addsubsf3.o)
                0x0000000008005994                __aeabi_frsub
                0x000000000800599c                __subsf3
                0x000000000800599c                __aeabi_fsub
                0x00000000080059a0                __aeabi_fadd
                0x00000000080059a0                __addsf3
                0x0000000008005b00                __aeabi_ui2f
                0x0000000008005b00                __floatunsisf
                0x0000000008005b08                __aeabi_i2f
                0x0000000008005b08                __floatsisf
                0x0000000008005b24                __floatundisf
                0x0000000008005b24                __aeabi_ul2f
                0x0000000008005b34                __floatdisf
                0x0000000008005b34                __aeabi_l2f
 .text          0x0000000008005bb0      0x2a0 /home/ne23kaj2/programme/gcc-arm-none-eabi-7-2017-q4-major/bin/../lib/gcc/arm-none-eabi/7.2.1/thumb/v7-m/libgcc.a(_arm_muldivsf3.o)
                0x0000000008005bb0                __mulsf3
                0x0000000008005bb0                __aeabi_fmul
                0x0000000008005d18                __divsf3
                0x0000000008005d18                __aeabi_fdiv
 .text          0x0000000008005e50       0x2c /home/ne23kaj2/programme/gcc-arm-none-eabi-7-2017-q4-major/bin/../lib/gcc/arm-none-eabi/7.2.1/thumb/v7-m/libgcc.a(_arm_unordsf2.o)
                0x0000000008005e50                __aeabi_fcmpun
                0x0000000008005e50                __unordsf2
 .text          0x0000000008005e7c       0x40 /home/ne23kaj2/programme/gcc-arm-none-eabi-7-2017-q4-major/bin/../lib/gcc/arm-none-eabi/7.2.1/thumb/v7-m/libgcc.a(_arm_fixunssfsi.o)
                0x0000000008005e7c                __aeabi_f2uiz
                0x0000000008005e7c                __fixunssfsi
 .text.__errno  0x0000000008005ebc        0xc /home/ne23kaj2/programme/gcc-arm-none-eabi-7-2017-q4-major/bin/../lib/gcc/arm-none-eabi/7.2.1/../../../../arm-none-eabi/lib/thumb/v7-m/libg.a(lib_a-errno.o)
                0x0000000008005ebc                __errno
 .text.__locale_ctype_ptr
                0x0000000008005ec8       0x1c /home/ne23kaj2/programme/gcc-arm-none-eabi-7-2017-q4-major/bin/../lib/gcc/arm-none-eabi/7.2.1/../../../../arm-none-eabi/lib/thumb/v7-m/libg.a(lib_a-locale.o)
                0x0000000008005ec8                __locale_ctype_ptr
 .text.__retarget_lock_acquire_recursive
                0x0000000008005ee4        0x4 /home/ne23kaj2/programme/gcc-arm-none-eabi-7-2017-q4-major/bin/../lib/gcc/arm-none-eabi/7.2.1/../../../../arm-none-eabi/lib/thumb/v7-m/libg.a(lib_a-lock.o)
                0x0000000008005ee4                __retarget_lock_acquire_recursive
 .text.__retarget_lock_release_recursive
                0x0000000008005ee8        0x4 /home/ne23kaj2/programme/gcc-arm-none-eabi-7-2017-q4-major/bin/../lib/gcc/arm-none-eabi/7.2.1/../../../../arm-none-eabi/lib/thumb/v7-m/libg.a(lib_a-lock.o)
                0x0000000008005ee8                __retarget_lock_release_recursive
 .text._malloc_r
                0x0000000008005eec      0x524 /home/ne23kaj2/programme/gcc-arm-none-eabi-7-2017-q4-major/bin/../lib/gcc/arm-none-eabi/7.2.1/../../../../arm-none-eabi/lib/thumb/v7-m/libg.a(lib_a-mallocr.o)
                0x0000000008005eec                _malloc_r
 .text.__ascii_mbtowc
                0x0000000008006410       0x2c /home/ne23kaj2/programme/gcc-arm-none-eabi-7-2017-q4-major/bin/../lib/gcc/arm-none-eabi/7.2.1/../../../../arm-none-eabi/lib/thumb/v7-m/libg.a(lib_a-mbtowc_r.o)
                0x0000000008006410                __ascii_mbtowc
 .text          0x000000000800643c       0xec /home/ne23kaj2/programme/gcc-arm-none-eabi-7-2017-q4-major/bin/../lib/gcc/arm-none-eabi/7.2.1/../../../../arm-none-eabi/lib/thumb/v7-m/libg.a(lib_a-memcpy.o)
                0x000000000800643c                memcpy
 .text.memset   0x0000000008006528       0x94 /home/ne23kaj2/programme/gcc-arm-none-eabi-7-2017-q4-major/bin/../lib/gcc/arm-none-eabi/7.2.1/../../../../arm-none-eabi/lib/thumb/v7-m/libg.a(lib_a-memset.o)
                0x0000000008006528                memset
 .text.__malloc_lock
                0x00000000080065bc        0xc /home/ne23kaj2/programme/gcc-arm-none-eabi-7-2017-q4-major/bin/../lib/gcc/arm-none-eabi/7.2.1/../../../../arm-none-eabi/lib/thumb/v7-m/libg.a(lib_a-mlock.o)
                0x00000000080065bc                __malloc_lock
 .text.__malloc_unlock
                0x00000000080065c8        0xc /home/ne23kaj2/programme/gcc-arm-none-eabi-7-2017-q4-major/bin/../lib/gcc/arm-none-eabi/7.2.1/../../../../arm-none-eabi/lib/thumb/v7-m/libg.a(lib_a-mlock.o)
                0x00000000080065c8                __malloc_unlock
 .text._sbrk_r  0x00000000080065d4       0x24 /home/ne23kaj2/programme/gcc-arm-none-eabi-7-2017-q4-major/bin/../lib/gcc/arm-none-eabi/7.2.1/../../../../arm-none-eabi/lib/thumb/v7-m/libg.a(lib_a-sbrkr.o)
                0x00000000080065d4                _sbrk_r
 .text          0x00000000080065f8      0x1bc /home/ne23kaj2/programme/gcc-arm-none-eabi-7-2017-q4-major/bin/../lib/gcc/arm-none-eabi/7.2.1/../../../../arm-none-eabi/lib/thumb/v7-m/libg.a(lib_a-strcmp.o)
                0x00000000080065f8                strcmp
 .text.strlen   0x00000000080067b4       0x5c /home/ne23kaj2/programme/gcc-arm-none-eabi-7-2017-q4-major/bin/../lib/gcc/arm-none-eabi/7.2.1/../../../../arm-none-eabi/lib/thumb/v7-m/libg.a(lib_a-strlen-stub.o)
                0x00000000080067b4                strlen
 .text._vsnprintf_r
                0x0000000008006810       0x6c /home/ne23kaj2/programme/gcc-arm-none-eabi-7-2017-q4-major/bin/../lib/gcc/arm-none-eabi/7.2.1/../../../../arm-none-eabi/lib/thumb/v7-m/libg.a(lib_a-vsnprintf.o)
                0x0000000008006810                _vsnprintf_r
 .text.vsnprintf
                0x000000000800687c       0x20 /home/ne23kaj2/programme/gcc-arm-none-eabi-7-2017-q4-major/bin/../lib/gcc/arm-none-eabi/7.2.1/../../../../arm-none-eabi/lib/thumb/v7-m/libg.a(lib_a-vsnprintf.o)
                0x000000000800687c                vsnprintf
 .text.__ascii_wctomb
                0x000000000800689c       0x18 /home/ne23kaj2/programme/gcc-arm-none-eabi-7-2017-q4-major/bin/../lib/gcc/arm-none-eabi/7.2.1/../../../../arm-none-eabi/lib/thumb/v7-m/libg.a(lib_a-wctomb_r.o)
                0x000000000800689c                __ascii_wctomb
 .text._malloc_trim_r
                0x00000000080068b4       0xa0 /home/ne23kaj2/programme/gcc-arm-none-eabi-7-2017-q4-major/bin/../lib/gcc/arm-none-eabi/7.2.1/../../../../arm-none-eabi/lib/thumb/v7-m/libg.a(lib_a-freer.o)
                0x00000000080068b4                _malloc_trim_r
 .text._free_r  0x0000000008006954      0x1e8 /home/ne23kaj2/programme/gcc-arm-none-eabi-7-2017-q4-major/bin/../lib/gcc/arm-none-eabi/7.2.1/../../../../arm-none-eabi/lib/thumb/v7-m/libg.a(lib_a-freer.o)
                0x0000000008006954                _free_r
 .text._svfprintf_r
                0x0000000008006b3c     0x14ec /home/ne23kaj2/programme/gcc-arm-none-eabi-7-2017-q4-major/bin/../lib/gcc/arm-none-eabi/7.2.1/../../../../arm-none-eabi/lib/thumb/v7-m/libg.a(lib_a-svfprintf.o)
                0x0000000008006b3c                _svfprintf_r
 .text.quorem   0x0000000008008028      0x124 /home/ne23kaj2/programme/gcc-arm-none-eabi-7-2017-q4-major/bin/../lib/gcc/arm-none-eabi/7.2.1/../../../../arm-none-eabi/lib/thumb/v7-m/libg.a(lib_a-dtoa.o)
 *fill*         0x000000000800814c        0x4 
 .text._dtoa_r  0x0000000008008150      0xe30 /home/ne23kaj2/programme/gcc-arm-none-eabi-7-2017-q4-major/bin/../lib/gcc/arm-none-eabi/7.2.1/../../../../arm-none-eabi/lib/thumb/v7-m/libg.a(lib_a-dtoa.o)
                0x0000000008008150                _dtoa_r
 .text._localeconv_r
                0x0000000008008f80       0x1c /home/ne23kaj2/programme/gcc-arm-none-eabi-7-2017-q4-major/bin/../lib/gcc/arm-none-eabi/7.2.1/../../../../arm-none-eabi/lib/thumb/v7-m/libg.a(lib_a-localeconv.o)
                0x0000000008008f80                _localeconv_r
 .text.memchr   0x0000000008008f9c       0x8c /home/ne23kaj2/programme/gcc-arm-none-eabi-7-2017-q4-major/bin/../lib/gcc/arm-none-eabi/7.2.1/../../../../arm-none-eabi/lib/thumb/v7-m/libg.a(lib_a-memchr-stub.o)
                0x0000000008008f9c                memchr
 .text._Balloc  0x0000000008009028       0x4c /home/ne23kaj2/programme/gcc-arm-none-eabi-7-2017-q4-major/bin/../lib/gcc/arm-none-eabi/7.2.1/../../../../arm-none-eabi/lib/thumb/v7-m/libg.a(lib_a-mprec.o)
                0x0000000008009028                _Balloc
 .text._Bfree   0x0000000008009074       0x14 /home/ne23kaj2/programme/gcc-arm-none-eabi-7-2017-q4-major/bin/../lib/gcc/arm-none-eabi/7.2.1/../../../../arm-none-eabi/lib/thumb/v7-m/libg.a(lib_a-mprec.o)
                0x0000000008009074                _Bfree
 .text.__multadd
                0x0000000008009088       0x84 /home/ne23kaj2/programme/gcc-arm-none-eabi-7-2017-q4-major/bin/../lib/gcc/arm-none-eabi/7.2.1/../../../../arm-none-eabi/lib/thumb/v7-m/libg.a(lib_a-mprec.o)
                0x0000000008009088                __multadd
 .text.__hi0bits
                0x000000000800910c       0x40 /home/ne23kaj2/programme/gcc-arm-none-eabi-7-2017-q4-major/bin/../lib/gcc/arm-none-eabi/7.2.1/../../../../arm-none-eabi/lib/thumb/v7-m/libg.a(lib_a-mprec.o)
                0x000000000800910c                __hi0bits
 .text.__lo0bits
                0x000000000800914c       0x60 /home/ne23kaj2/programme/gcc-arm-none-eabi-7-2017-q4-major/bin/../lib/gcc/arm-none-eabi/7.2.1/../../../../arm-none-eabi/lib/thumb/v7-m/libg.a(lib_a-mprec.o)
                0x000000000800914c                __lo0bits
 .text.__i2b    0x00000000080091ac       0x14 /home/ne23kaj2/programme/gcc-arm-none-eabi-7-2017-q4-major/bin/../lib/gcc/arm-none-eabi/7.2.1/../../../../arm-none-eabi/lib/thumb/v7-m/libg.a(lib_a-mprec.o)
                0x00000000080091ac                __i2b
 .text.__multiply
                0x00000000080091c0      0x14c /home/ne23kaj2/programme/gcc-arm-none-eabi-7-2017-q4-major/bin/../lib/gcc/arm-none-eabi/7.2.1/../../../../arm-none-eabi/lib/thumb/v7-m/libg.a(lib_a-mprec.o)
                0x00000000080091c0                __multiply
 .text.__pow5mult
                0x000000000800930c       0xa0 /home/ne23kaj2/programme/gcc-arm-none-eabi-7-2017-q4-major/bin/../lib/gcc/arm-none-eabi/7.2.1/../../../../arm-none-eabi/lib/thumb/v7-m/libg.a(lib_a-mprec.o)
                0x000000000800930c                __pow5mult
 .text.__lshift
                0x00000000080093ac       0xb4 /home/ne23kaj2/programme/gcc-arm-none-eabi-7-2017-q4-major/bin/../lib/gcc/arm-none-eabi/7.2.1/../../../../arm-none-eabi/lib/thumb/v7-m/libg.a(lib_a-mprec.o)
                0x00000000080093ac                __lshift
 .text.__mcmp   0x0000000008009460       0x38 /home/ne23kaj2/programme/gcc-arm-none-eabi-7-2017-q4-major/bin/../lib/gcc/arm-none-eabi/7.2.1/../../../../arm-none-eabi/lib/thumb/v7-m/libg.a(lib_a-mprec.o)
                0x0000000008009460                __mcmp
 .text.__mdiff  0x0000000008009498      0x100 /home/ne23kaj2/programme/gcc-arm-none-eabi-7-2017-q4-major/bin/../lib/gcc/arm-none-eabi/7.2.1/../../../../arm-none-eabi/lib/thumb/v7-m/libg.a(lib_a-mprec.o)
                0x0000000008009498                __mdiff
 .text.__d2b    0x0000000008009598       0xb0 /home/ne23kaj2/programme/gcc-arm-none-eabi-7-2017-q4-major/bin/../lib/gcc/arm-none-eabi/7.2.1/../../../../arm-none-eabi/lib/thumb/v7-m/libg.a(lib_a-mprec.o)
                0x0000000008009598                __d2b
 .text.__ssprint_r
                0x0000000008009648       0xf4 /home/ne23kaj2/programme/gcc-arm-none-eabi-7-2017-q4-major/bin/../lib/gcc/arm-none-eabi/7.2.1/../../../../arm-none-eabi/lib/thumb/v7-m/libg.a(lib_a-svfiprintf.o)
                0x0000000008009648                __ssprint_r
 .text._calloc_r
                0x000000000800973c       0x6c /home/ne23kaj2/programme/gcc-arm-none-eabi-7-2017-q4-major/bin/../lib/gcc/arm-none-eabi/7.2.1/../../../../arm-none-eabi/lib/thumb/v7-m/libg.a(lib_a-callocr.o)
                0x000000000800973c                _calloc_r
 .text.memmove  0x00000000080097a8       0xc4 /home/ne23kaj2/programme/gcc-arm-none-eabi-7-2017-q4-major/bin/../lib/gcc/arm-none-eabi/7.2.1/../../../../arm-none-eabi/lib/thumb/v7-m/libg.a(lib_a-memmove.o)
                0x00000000080097a8                memmove
 .text._realloc_r
                0x000000000800986c      0x374 /home/ne23kaj2/programme/gcc-arm-none-eabi-7-2017-q4-major/bin/../lib/gcc/arm-none-eabi/7.2.1/../../../../arm-none-eabi/lib/thumb/v7-m/libg.a(lib_a-reallocr.o)
                0x000000000800986c                _realloc_r
 .text          0x0000000008009be0       0x2c /home/ne23kaj2/programme/gcc-arm-none-eabi-7-2017-q4-major/bin/../lib/gcc/arm-none-eabi/7.2.1/thumb/v7-m/libgcc.a(_arm_unorddf2.o)
                0x0000000008009be0                __aeabi_dcmpun
                0x0000000008009be0                __unorddf2
 .text          0x0000000008009c0c       0x50 /home/ne23kaj2/programme/gcc-arm-none-eabi-7-2017-q4-major/bin/../lib/gcc/arm-none-eabi/7.2.1/thumb/v7-m/libgcc.a(_arm_fixdfsi.o)
                0x0000000008009c0c                __fixdfsi
                0x0000000008009c0c                __aeabi_d2iz
 .text          0x0000000008009c5c       0x30 /home/ne23kaj2/programme/gcc-arm-none-eabi-7-2017-q4-major/bin/../lib/gcc/arm-none-eabi/7.2.1/thumb/v7-m/libgcc.a(_aeabi_uldivmod.o)
                0x0000000008009c5c                __aeabi_uldivmod
 .text          0x0000000008009c8c      0x2d0 /home/ne23kaj2/programme/gcc-arm-none-eabi-7-2017-q4-major/bin/../lib/gcc/arm-none-eabi/7.2.1/thumb/v7-m/libgcc.a(_udivmoddi4.o)
                0x0000000008009c8c                __udivmoddi4
 .text          0x0000000008009f5c        0x4 /home/ne23kaj2/programme/gcc-arm-none-eabi-7-2017-q4-major/bin/../lib/gcc/arm-none-eabi/7.2.1/thumb/v7-m/libgcc.a(_dvmd_tls.o)
                0x0000000008009f5c                __aeabi_ldiv0
                0x0000000008009f5c                __aeabi_idiv0
 *(.rodata .rodata.* .constdata .constdata.*)
 .rodata.Virtual_Com_Port_ConfigDescriptor
                0x0000000008009f60       0x43 ./vcp/src/usb_desc.o
                0x0000000008009f60                Virtual_Com_Port_ConfigDescriptor
 .rodata.Virtual_Com_Port_DeviceDescriptor
                0x0000000008009fa3       0x12 ./vcp/src/usb_desc.o
                0x0000000008009fa3                Virtual_Com_Port_DeviceDescriptor
 .rodata.Virtual_Com_Port_StringLangID
                0x0000000008009fb5        0x4 ./vcp/src/usb_desc.o
                0x0000000008009fb5                Virtual_Com_Port_StringLangID
 .rodata.Virtual_Com_Port_StringProduct
                0x0000000008009fb9       0x32 ./vcp/src/usb_desc.o
                0x0000000008009fb9                Virtual_Com_Port_StringProduct
 .rodata.Virtual_Com_Port_StringVendor
                0x0000000008009feb       0x26 ./vcp/src/usb_desc.o
                0x0000000008009feb                Virtual_Com_Port_StringVendor
 .rodata.initialise_monitor_handles.str1.1
                0x000000000800a011        0x4 ./system/src/newlib/_syscalls.o
 .rodata.isSemihosting.str1.1
                0x000000000800a015        0x4 ./system/src/cortexm/exception_handlers.o
 *fill*         0x000000000800a015        0x3 
 .rodata.FONT_12X16
                0x000000000800a018       0x14 ./src/font12x16_reduced.o
                0x000000000800a018                FONT_12X16
 .rodata.font_12x16
                0x000000000800a02c      0x400 ./src/font12x16_reduced.o
                0x000000000800a02c                font_12x16
 .rodata.str1.1
                0x000000000800a42c      0xd86 ./src/icons.o
 *fill*         0x000000000800b1b2        0x2 
 .rodata.kaseikyo_param
                0x000000000800b1b4       0x44 ./src/irmp.o
 .rodata.nec_param
                0x000000000800b1f8       0x44 ./src/irmp.o
 .rodata.nec_rep_param
                0x000000000800b23c       0x44 ./src/irmp.o
 .rodata.samsung_param
                0x000000000800b280       0x44 ./src/irmp.o
 .rodata.samsungah_param
                0x000000000800b2c4       0x44 ./src/irmp.o
 .rodata.sircs_param
                0x000000000800b308       0x44 ./src/irmp.o
 .rodata._ZTVN11ArduinoJson16StaticJsonBufferILj512EEE
                0x000000000800b34c        0xc ./src/json.o
                0x000000000800b34c                vtable for ArduinoJson::StaticJsonBuffer<512u>
 .rodata._Z12json_processPc.str1.1
                0x000000000800b358       0x8c ./src/json.o
                                         0x8d (size before relaxing)
 .rodata._ZN11ArduinoJson9Internals10JsonParserINS0_17CharPointerTraitsIcE6ReaderENS0_12StringWriterIcEEE11parseStringEv.str1.1
                0x000000000800b3e4        0xf ./src/json.o
 .rodata._ZNK11ArduinoJson10JsonObject8get_implIPKcS3_EENS_9Internals13JsonVariantAsIT0_E4typeET_.str1.1
                0x000000000800b3f3        0x5 ./src/json.o
 .rodata        0x000000000800b3f8       0x54 ./src/main.o
 .rodata.main.str1.1
                0x000000000800b44c       0x4f ./src/main.o
                                         0x54 (size before relaxing)
 .rodata        0x000000000800b49b        0xc ./src/rtc.o
 *fill*         0x000000000800b4a7        0x1 
 .rodata.pal_window
                0x000000000800b4a8       0x30 ./src/ugui.o
                0x000000000800b4a8                pal_window
 .rodata._Z11usb_processv.str1.1
                0x000000000800b4d8        0x6 ./src/usb.o
 *fill*         0x000000000800b4de        0x2 
 .rodata.__logf_data
                0x000000000800b4e0      0x120 /home/ne23kaj2/programme/gcc-arm-none-eabi-7-2017-q4-major/bin/../lib/gcc/arm-none-eabi/7.2.1/../../../../arm-none-eabi/lib/thumb/v7-m/libm.a(lib_a-sf_log_data.o)
                0x000000000800b4e0                __logf_data
 .rodata.__powf_log2_data
                0x000000000800b600      0x128 /home/ne23kaj2/programme/gcc-arm-none-eabi-7-2017-q4-major/bin/../lib/gcc/arm-none-eabi/7.2.1/../../../../arm-none-eabi/lib/thumb/v7-m/libm.a(lib_a-sf_pow_log2_data.o)
                0x000000000800b600                __powf_log2_data
 .rodata.__exp2f_data
                0x000000000800b728      0x148 /home/ne23kaj2/programme/gcc-arm-none-eabi-7-2017-q4-major/bin/../lib/gcc/arm-none-eabi/7.2.1/../../../../arm-none-eabi/lib/thumb/v7-m/libm.a(lib_a-sf_exp2_data.o)
                0x000000000800b728                __exp2f_data
 .rodata._setlocale_r.str1.4
                0x000000000800b870        0xa /home/ne23kaj2/programme/gcc-arm-none-eabi-7-2017-q4-major/bin/../lib/gcc/arm-none-eabi/7.2.1/../../../../arm-none-eabi/lib/thumb/v7-m/libg.a(lib_a-locale.o)
                                          0xd (size before relaxing)
 *fill*         0x000000000800b87a        0x2 
 .rodata.str1.4
                0x000000000800b87c        0x2 /home/ne23kaj2/programme/gcc-arm-none-eabi-7-2017-q4-major/bin/../lib/gcc/arm-none-eabi/7.2.1/../../../../arm-none-eabi/lib/thumb/v7-m/libg.a(lib_a-locale.o)
 *fill*         0x000000000800b87e        0x2 
 .rodata._ctype_
                0x000000000800b880      0x101 /home/ne23kaj2/programme/gcc-arm-none-eabi-7-2017-q4-major/bin/../lib/gcc/arm-none-eabi/7.2.1/../../../../arm-none-eabi/lib/thumb/v7-m/libg.a(lib_a-ctype_.o)
                0x000000000800b880                _ctype_
 *fill*         0x000000000800b981        0x3 
 .rodata._svfprintf_r.str1.4
                0x000000000800b984       0x42 /home/ne23kaj2/programme/gcc-arm-none-eabi-7-2017-q4-major/bin/../lib/gcc/arm-none-eabi/7.2.1/../../../../arm-none-eabi/lib/thumb/v7-m/libg.a(lib_a-svfprintf.o)
 *fill*         0x000000000800b9c6        0x2 
 .rodata.blanks.7276
                0x000000000800b9c8       0x10 /home/ne23kaj2/programme/gcc-arm-none-eabi-7-2017-q4-major/bin/../lib/gcc/arm-none-eabi/7.2.1/../../../../arm-none-eabi/lib/thumb/v7-m/libg.a(lib_a-svfprintf.o)
 .rodata.zeroes.7277
                0x000000000800b9d8       0x10 /home/ne23kaj2/programme/gcc-arm-none-eabi-7-2017-q4-major/bin/../lib/gcc/arm-none-eabi/7.2.1/../../../../arm-none-eabi/lib/thumb/v7-m/libg.a(lib_a-svfprintf.o)
 .rodata._dtoa_r.str1.4
                0x000000000800b9e8       0x10 /home/ne23kaj2/programme/gcc-arm-none-eabi-7-2017-q4-major/bin/../lib/gcc/arm-none-eabi/7.2.1/../../../../arm-none-eabi/lib/thumb/v7-m/libg.a(lib_a-dtoa.o)
                                         0x12 (size before relaxing)
 .rodata.__mprec_bigtens
                0x000000000800b9f8       0x28 /home/ne23kaj2/programme/gcc-arm-none-eabi-7-2017-q4-major/bin/../lib/gcc/arm-none-eabi/7.2.1/../../../../arm-none-eabi/lib/thumb/v7-m/libg.a(lib_a-mprec.o)
                0x000000000800b9f8                __mprec_bigtens
 .rodata.__mprec_tens
                0x000000000800ba20       0xc8 /home/ne23kaj2/programme/gcc-arm-none-eabi-7-2017-q4-major/bin/../lib/gcc/arm-none-eabi/7.2.1/../../../../arm-none-eabi/lib/thumb/v7-m/libg.a(lib_a-mprec.o)
                0x000000000800ba20                __mprec_tens
 .rodata.p05.6092
                0x000000000800bae8        0xc /home/ne23kaj2/programme/gcc-arm-none-eabi-7-2017-q4-major/bin/../lib/gcc/arm-none-eabi/7.2.1/../../../../arm-none-eabi/lib/thumb/v7-m/libg.a(lib_a-mprec.o)
 *(vtable)
 *(.eh_frame*)
 *(.glue_7)
 .glue_7        0x000000000800baf4        0x0 linker stubs
 *(.glue_7t)
 .glue_7t       0x000000000800baf4        0x0 linker stubs

.vfp11_veneer   0x000000000800baf4        0x0
 .vfp11_veneer  0x000000000800baf4        0x0 linker stubs

.v4_bx          0x000000000800baf4        0x0
 .v4_bx         0x000000000800baf4        0x0 linker stubs

.iplt           0x000000000800baf4        0x0
 .iplt          0x000000000800baf4        0x0 ./vcp/src/hw_config.o

.ARM.extab
 *(.ARM.extab* .gnu.linkonce.armextab.*)
                0x000000000800baf4                . = ALIGN (0x4)
                0x000000000800baf4                __exidx_start = .

.ARM.exidx      0x000000000800baf4        0x8
 *(.ARM.exidx* .gnu.linkonce.armexidx.*)
 .ARM.exidx     0x000000000800baf4        0x8 /home/ne23kaj2/programme/gcc-arm-none-eabi-7-2017-q4-major/bin/../lib/gcc/arm-none-eabi/7.2.1/thumb/v7-m/libgcc.a(_udivmoddi4.o)
                0x000000000800bafc                __exidx_end = .

.rel.dyn        0x000000000800bafc        0x0
 .rel.iplt      0x000000000800bafc        0x0 ./vcp/src/hw_config.o
                0x000000000800bafc                . = ALIGN (0x4)
                0x000000000800bafc                _etext = .
                0x000000000800bafc                __etext = .

.data_CCMRAM    0x0000000000000000        0x0 load address 0x000000000800bafc
 FILL mask 0xff
 *(.data.CCMRAM .data.CCMRAM.*)
                0x0000000000000000                . = ALIGN (0x4)
                0x000000000800bafc                _sidata = LOADADDR (.data)

.data           0x0000000020000000     0x1034 load address 0x000000000800bafc
 FILL mask 0xff
                0x0000000020000000                _sdata = .
                0x0000000020000000                __data_start__ = .
 *(.data_begin .data_begin.*)
 *(.data .data.*)
 .data.Virtual_Com_Port_StringSerial
                0x0000000020000000       0x1a ./vcp/src/usb_desc.o
                0x0000000020000000                Virtual_Com_Port_StringSerial
 *fill*         0x000000002000001a        0x2 ff
 .data.pEpInt_IN
                0x000000002000001c       0x1c ./vcp/src/usb_istr.o
                0x000000002000001c                pEpInt_IN
 .data.pEpInt_OUT
                0x0000000020000038       0x1c ./vcp/src/usb_istr.o
                0x0000000020000038                pEpInt_OUT
 .data.Config_Descriptor
                0x0000000020000054        0x8 ./vcp/src/usb_prop.o
                0x0000000020000054                Config_Descriptor
 .data.Device_Descriptor
                0x000000002000005c        0x8 ./vcp/src/usb_prop.o
                0x000000002000005c                Device_Descriptor
 .data.Device_Property
                0x0000000020000064       0x30 ./vcp/src/usb_prop.o
                0x0000000020000064                Device_Property
 .data.Device_Table
                0x0000000020000094        0x2 ./vcp/src/usb_prop.o
                0x0000000020000094                Device_Table
 *fill*         0x0000000020000096        0x2 ff
 .data.String_Descriptor
                0x0000000020000098       0x20 ./vcp/src/usb_prop.o
                0x0000000020000098                String_Descriptor
 .data.User_Standard_Requests
                0x00000000200000b8       0x24 ./vcp/src/usb_prop.o
                0x00000000200000b8                User_Standard_Requests
 .data.linecoding
                0x00000000200000dc        0x8 ./vcp/src/usb_prop.o
                0x00000000200000dc                linecoding
 .data.fSuspendEnabled
                0x00000000200000e4        0x1 ./vcp/src/usb_pwr.o
                0x00000000200000e4                fSuspendEnabled
 .data.ADCPrescTable
                0x00000000200000e5        0x4 ./system/src/stm32f1-stdperiph/stm32f10x_rcc.o
 .data.APBAHBPrescTable
                0x00000000200000e9       0x10 ./system/src/stm32f1-stdperiph/stm32f10x_rcc.o
 .data.AHBPrescTable
                0x00000000200000f9       0x10 ./system/src/cmsis/system_stm32f10x.o
                0x00000000200000f9                AHBPrescTable
 *fill*         0x0000000020000109        0x3 ff
 .data.SystemCoreClock
                0x000000002000010c        0x4 ./system/src/cmsis/system_stm32f10x.o
                0x000000002000010c                SystemCoreClock
 .data.Font5x7  0x0000000020000110      0x4fb ./src/font5x7.o
                0x0000000020000110                Font5x7
 *fill*         0x000000002000060b        0x1 ff
 .data.icon_back
                0x000000002000060c        0x4 ./src/icons.o
                0x000000002000060c                icon_back
 .data.icon_brightness
                0x0000000020000610        0x4 ./src/icons.o
                0x0000000020000610                icon_brightness
 .data.icon_contrast
                0x0000000020000614        0x4 ./src/icons.o
                0x0000000020000614                icon_contrast
 .data.icon_date
                0x0000000020000618        0x4 ./src/icons.o
                0x0000000020000618                icon_date
 .data.icon_time
                0x000000002000061c        0x4 ./src/icons.o
                0x000000002000061c                icon_time
 .data.icon_timer
                0x0000000020000620        0x4 ./src/icons.o
                0x0000000020000620                icon_timer
 .data.last_irmp_address.7138
                0x0000000020000624        0x4 ./src/irmp.o
 .data.last_irmp_command.7139
                0x0000000020000628        0x4 ./src/irmp.o
 .data._ZL8dayNames
                0x000000002000062c       0x54 ./src/json.o
 .data.font     0x0000000020000680        0x4 ./src/main.o
                0x0000000020000680                font
 .data.packet_receive
                0x0000000020000684        0x4 ./src/usb.o
                0x0000000020000684                packet_receive
 .data.packet_sent
                0x0000000020000688        0x4 ./src/usb.o
                0x0000000020000688                packet_sent
 .data._impure_ptr
                0x000000002000068c        0x4 /home/ne23kaj2/programme/gcc-arm-none-eabi-7-2017-q4-major/bin/../lib/gcc/arm-none-eabi/7.2.1/../../../../arm-none-eabi/lib/thumb/v7-m/libg.a(lib_a-impure.o)
                0x000000002000068c                _impure_ptr
 .data.impure_data
                0x0000000020000690      0x428 /home/ne23kaj2/programme/gcc-arm-none-eabi-7-2017-q4-major/bin/../lib/gcc/arm-none-eabi/7.2.1/../../../../arm-none-eabi/lib/thumb/v7-m/libg.a(lib_a-impure.o)
 .data.__global_locale
                0x0000000020000ab8      0x16c /home/ne23kaj2/programme/gcc-arm-none-eabi-7-2017-q4-major/bin/../lib/gcc/arm-none-eabi/7.2.1/../../../../arm-none-eabi/lib/thumb/v7-m/libg.a(lib_a-locale.o)
                0x0000000020000ab8                __global_locale
 .data.__malloc_av_
                0x0000000020000c24      0x408 /home/ne23kaj2/programme/gcc-arm-none-eabi-7-2017-q4-major/bin/../lib/gcc/arm-none-eabi/7.2.1/../../../../arm-none-eabi/lib/thumb/v7-m/libg.a(lib_a-mallocr.o)
                0x0000000020000c24                __malloc_av_
 .data.__malloc_sbrk_base
                0x000000002000102c        0x4 /home/ne23kaj2/programme/gcc-arm-none-eabi-7-2017-q4-major/bin/../lib/gcc/arm-none-eabi/7.2.1/../../../../arm-none-eabi/lib/thumb/v7-m/libg.a(lib_a-mallocr.o)
                0x000000002000102c                __malloc_sbrk_base
 .data.__malloc_trim_threshold
                0x0000000020001030        0x4 /home/ne23kaj2/programme/gcc-arm-none-eabi-7-2017-q4-major/bin/../lib/gcc/arm-none-eabi/7.2.1/../../../../arm-none-eabi/lib/thumb/v7-m/libg.a(lib_a-mallocr.o)
                0x0000000020001030                __malloc_trim_threshold
 *(.data_end .data_end.*)
                0x0000000020001034                . = ALIGN (0x4)
                0x0000000020001034                _edata = .
                0x0000000020001034                __data_end__ = .

.igot.plt       0x0000000020001034        0x0 load address 0x000000000800cb30
 .igot.plt      0x0000000020001034        0x0 ./vcp/src/hw_config.o

.bss_CCMRAM     0x0000000000000000        0x0
 *(.bss.CCMRAM .bss.CCMRAM.*)

.bss            0x0000000020001034     0x12b4
                0x0000000020001034                __bss_start__ = .
                0x0000000020001034                _sbss = .
 *(.bss_begin .bss_begin.*)
 *(.bss .bss.*)
 .bss.bIntPackSOF
                0x0000000020001034        0x1 ./vcp/src/usb_istr.o
                0x0000000020001034                bIntPackSOF
 *fill*         0x0000000020001035        0x3 
 .bss.esof_counter
                0x0000000020001038        0x4 ./vcp/src/usb_istr.o
                0x0000000020001038                esof_counter
 .bss.wCNTR     0x000000002000103c        0x4 ./vcp/src/usb_istr.o
                0x000000002000103c                wCNTR
 .bss.Request   0x0000000020001040        0x1 ./vcp/src/usb_prop.o
                0x0000000020001040                Request
 *fill*         0x0000000020001041        0x3 
 .bss.bDeviceState
                0x0000000020001044        0x4 ./vcp/src/usb_pwr.o
                0x0000000020001044                bDeviceState
 .bss.remotewakeupon
                0x0000000020001048        0x4 ./vcp/src/usb_pwr.o
                0x0000000020001048                remotewakeupon
 .bss.current_heap_end.4441
                0x000000002000104c        0x4 ./system/src/newlib/_sbrk.o
 .bss.args_buf.6364
                0x0000000020001050       0x50 ./system/src/newlib/_syscalls.o
 .bss.argv_buf.6365
                0x00000000200010a0       0x28 ./system/src/newlib/_syscalls.o
 .bss.monitor_stderr
                0x00000000200010c8        0x4 ./system/src/newlib/_syscalls.o
 .bss.monitor_stdin
                0x00000000200010cc        0x4 ./system/src/newlib/_syscalls.o
 .bss.monitor_stdout
                0x00000000200010d0        0x4 ./system/src/newlib/_syscalls.o
 .bss.openfiles
                0x00000000200010d4       0xa0 ./system/src/newlib/_syscalls.o
 .bss.ticks     0x0000000020001174        0x4 ./src/Timer.o
                0x0000000020001174                ticks
 .bss.timer_delayCount
                0x0000000020001178        0x4 ./src/Timer.o
                0x0000000020001178                timer_delayCount
 .bss.genre2    0x000000002000117c        0x4 ./src/irmp.o
 .bss.irmp_address
                0x0000000020001180        0x4 ./src/irmp.o
 .bss.irmp_bit  0x0000000020001184        0x4 ./src/irmp.o
 .bss.irmp_command
                0x0000000020001188        0x4 ./src/irmp.o
 .bss.irmp_flags
                0x000000002000118c        0x4 ./src/irmp.o
 .bss.irmp_id   0x0000000020001190        0x4 ./src/irmp.o
 .bss.irmp_ir_detected
                0x0000000020001194        0x4 ./src/irmp.o
 .bss.irmp_param
                0x0000000020001198       0x44 ./src/irmp.o
 .bss.irmp_pause_time.7137
                0x00000000200011dc        0x1 ./src/irmp.o
 *fill*         0x00000000200011dd        0x3 
 .bss.irmp_protocol
                0x00000000200011e0        0x4 ./src/irmp.o
 .bss.irmp_pulse_time.7136
                0x00000000200011e4        0x4 ./src/irmp.o
 .bss.irmp_start_bit_detected.7133
                0x00000000200011e8        0x4 ./src/irmp.o
 .bss.irmp_tmp_address
                0x00000000200011ec        0x4 ./src/irmp.o
 .bss.irmp_tmp_command
                0x00000000200011f0        0x4 ./src/irmp.o
 .bss.irmp_tmp_id
                0x00000000200011f4        0x4 ./src/irmp.o
 .bss.key_repetition_len.7140
                0x00000000200011f8        0x4 ./src/irmp.o
 .bss.repetition_frame_number.7141
                0x00000000200011fc        0x4 ./src/irmp.o
 .bss.wait_for_space.7134
                0x0000000020001200        0x4 ./src/irmp.o
 .bss.wait_for_start_space.7135
                0x0000000020001204        0x4 ./src/irmp.o
 .bss.xor_check
                0x0000000020001208        0x6 ./src/irmp.o
 *fill*         0x000000002000120e        0x2 
 .bss._ZGVZN11ArduinoJson10JsonObject7invalidEvE8instance
                0x0000000020001210        0x4 ./src/json.o
                0x0000000020001210                guard variable for ArduinoJson::JsonObject::invalid()::instance
 .bss._ZZN11ArduinoJson10JsonObject7invalidEvE8instance
                0x0000000020001214        0x8 ./src/json.o
                0x0000000020001214                ArduinoJson::JsonObject::invalid()::instance
 .bss._ZGVZN11ArduinoJson9JsonArray7invalidEvE8instance
                0x000000002000121c        0x4 ./src/json.o
                0x000000002000121c                guard variable for ArduinoJson::JsonArray::invalid()::instance
 .bss._ZZN11ArduinoJson9JsonArray7invalidEvE8instance
                0x0000000020001220        0x8 ./src/json.o
                0x0000000020001220                ArduinoJson::JsonArray::invalid()::instance
 .bss._ZL5txbuf
                0x0000000020001228      0x200 ./src/json.o
 .bss._ZL7txwrptr
                0x0000000020001428        0x4 ./src/json.o
 .bss._ZL7lcddata
                0x000000002000142c      0x100 ./src/lcd64x32.o
 .bss._ZL9lcd2ndbuf
                0x000000002000152c      0x100 ./src/lcd64x32.o
 .bss.RTC_DateStructure
                0x000000002000162c        0x4 ./src/main.o
                0x000000002000162c                RTC_DateStructure
 .bss.RTC_TimeStructure
                0x0000000020001630        0x3 ./src/main.o
                0x0000000020001630                RTC_TimeStructure
 *fill*         0x0000000020001633        0x1 
 .bss._ZL3gui   0x0000000020001634       0x70 ./src/main.o
 .bss.irmp_data
                0x00000000200016a4        0x6 ./src/main.o
                0x00000000200016a4                irmp_data
 .bss.lutpwm    0x00000000200016aa      0x800 ./src/main.o
                0x00000000200016aa                lutpwm
 .bss._ZL4last  0x0000000020001eaa        0x1 ./src/rotenc.o
 .bss._ZL9enc_delta
                0x0000000020001eab        0x1 ./src/rotenc.o
 .bss.date      0x0000000020001eac        0x4 ./src/rtc.o
                0x0000000020001eac                date
 .bss.time      0x0000000020001eb0        0x3 ./src/rtc.o
                0x0000000020001eb0                time
 *fill*         0x0000000020001eb3        0x1 
 .bss.gui       0x0000000020001eb4        0x4 ./src/ugui.o
 .bss.msg.5129  0x0000000020001eb8        0x8 ./src/ugui.o
 .bss._ZL10rxbufrdptr
                0x0000000020001ec0        0x4 ./src/usb.o
 .bss._ZL10rxbufwrptr
                0x0000000020001ec4        0x4 ./src/usb.o
 .bss._ZL5rxbuf
                0x0000000020001ec8      0x200 ./src/usb.o
 .bss._ZL8usbrxbuf
                0x00000000200020c8      0x100 ./src/usb.o
 .bss._ZL8usbwrptr
                0x00000000200021c8        0x4 ./src/usb.o
 .bss.Data_Mul_MaxPacketSize
                0x00000000200021cc        0x1 ./STM32_USB-FS-Device_Driver/src/usb_core.o
                0x00000000200021cc                Data_Mul_MaxPacketSize
 *fill*         0x00000000200021cd        0x3 
 .bss.DevRemoteWakeup
                0x00000000200021d0        0x4 ./STM32_USB-FS-Device_Driver/src/usb_core.o
                0x00000000200021d0                DevRemoteWakeup
 .bss.__malloc_current_mallinfo
                0x00000000200021d4       0x28 /home/ne23kaj2/programme/gcc-arm-none-eabi-7-2017-q4-major/bin/../lib/gcc/arm-none-eabi/7.2.1/../../../../arm-none-eabi/lib/thumb/v7-m/libg.a(lib_a-mallocr.o)
                0x00000000200021d4                __malloc_current_mallinfo
 .bss.__malloc_max_sbrked_mem
                0x00000000200021fc        0x4 /home/ne23kaj2/programme/gcc-arm-none-eabi-7-2017-q4-major/bin/../lib/gcc/arm-none-eabi/7.2.1/../../../../arm-none-eabi/lib/thumb/v7-m/libg.a(lib_a-mallocr.o)
                0x00000000200021fc                __malloc_max_sbrked_mem
 .bss.__malloc_max_total_mem
                0x0000000020002200        0x4 /home/ne23kaj2/programme/gcc-arm-none-eabi-7-2017-q4-major/bin/../lib/gcc/arm-none-eabi/7.2.1/../../../../arm-none-eabi/lib/thumb/v7-m/libg.a(lib_a-mallocr.o)
                0x0000000020002200                __malloc_max_total_mem
 .bss.__malloc_top_pad
                0x0000000020002204        0x4 /home/ne23kaj2/programme/gcc-arm-none-eabi-7-2017-q4-major/bin/../lib/gcc/arm-none-eabi/7.2.1/../../../../arm-none-eabi/lib/thumb/v7-m/libg.a(lib_a-mallocr.o)
                0x0000000020002204                __malloc_top_pad
 *(COMMON)
 COMMON         0x0000000020002208       0x50 ./vcp/src/hw_config.o
                0x0000000020002208                HSEStartUpStatus
                0x0000000020002209                Receive_Buffer
                0x000000002000224c                EXTI_InitStructure
                0x0000000020002254                Send_length
 COMMON         0x0000000020002258        0x4 ./vcp/src/usb_endp.o
                0x0000000020002258                Receive_length
 COMMON         0x000000002000225c        0x2 ./vcp/src/usb_istr.o
                0x000000002000225c                wIstr
 *fill*         0x000000002000225e        0x2 
 COMMON         0x0000000020002260       0x24 ./vcp/src/usb_pwr.o
                0x0000000020002260                ResumeS
                0x0000000020002264                EP
 COMMON         0x0000000020002284        0x4 ./system/src/newlib/_syscalls.o
                0x0000000020002284                errno
 COMMON         0x0000000020002288        0x2 ./STM32_USB-FS-Device_Driver/src/usb_core.o
                0x0000000020002288                StatusInfo
 *fill*         0x000000002000228a        0x2 
 COMMON         0x000000002000228c       0x32 ./STM32_USB-FS-Device_Driver/src/usb_init.o
                0x000000002000228c                SaveState
                0x0000000020002290                pProperty
                0x0000000020002294                EPindex
                0x0000000020002298                Device_Info
                0x00000000200022b4                pUser_Standard_Requests
                0x00000000200022b8                pInformation
                0x00000000200022bc                wInterrupt_Mask
 COMMON         0x00000000200022be        0x4 ./STM32_USB-FS-Device_Driver/src/usb_int.o
                0x00000000200022be                SaveRState