Archive member included to satisfy reference by file (symbol)

/home/ne23kaj2/programme/gcc-arm-none-eabi-5_4-2016q3/bin/../lib/gcc/arm-none-eabi/5.4.1/../../../../arm-none-eabi/lib/armv7-m/libm.a(lib_a-wf_log.o)
                              ./src/main.o (logf)
/home/ne23kaj2/programme/gcc-arm-none-eabi-5_4-2016q3/bin/../lib/gcc/arm-none-eabi/5.4.1/../../../../arm-none-eabi/lib/armv7-m/libm.a(lib_a-wf_pow.o)
                              ./src/main.o (powf)
/home/ne23kaj2/programme/gcc-arm-none-eabi-5_4-2016q3/bin/../lib/gcc/arm-none-eabi/5.4.1/../../../../arm-none-eabi/lib/armv7-m/libm.a(lib_a-ef_log.o)
                              /home/ne23kaj2/programme/gcc-arm-none-eabi-5_4-2016q3/bin/../lib/gcc/arm-none-eabi/5.4.1/../../../../arm-none-eabi/lib/armv7-m/libm.a(lib_a-wf_log.o) (__ieee754_logf)
/home/ne23kaj2/programme/gcc-arm-none-eabi-5_4-2016q3/bin/../lib/gcc/arm-none-eabi/5.4.1/../../../../arm-none-eabi/lib/armv7-m/libm.a(lib_a-ef_pow.o)
                              /home/ne23kaj2/programme/gcc-arm-none-eabi-5_4-2016q3/bin/../lib/gcc/arm-none-eabi/5.4.1/../../../../arm-none-eabi/lib/armv7-m/libm.a(lib_a-wf_pow.o) (__ieee754_powf)
/home/ne23kaj2/programme/gcc-arm-none-eabi-5_4-2016q3/bin/../lib/gcc/arm-none-eabi/5.4.1/../../../../arm-none-eabi/lib/armv7-m/libm.a(lib_a-ef_sqrt.o)
                              /home/ne23kaj2/programme/gcc-arm-none-eabi-5_4-2016q3/bin/../lib/gcc/arm-none-eabi/5.4.1/../../../../arm-none-eabi/lib/armv7-m/libm.a(lib_a-ef_pow.o) (__ieee754_sqrtf)
/home/ne23kaj2/programme/gcc-arm-none-eabi-5_4-2016q3/bin/../lib/gcc/arm-none-eabi/5.4.1/../../../../arm-none-eabi/lib/armv7-m/libm.a(lib_a-s_lib_ver.o)
                              /home/ne23kaj2/programme/gcc-arm-none-eabi-5_4-2016q3/bin/../lib/gcc/arm-none-eabi/5.4.1/../../../../arm-none-eabi/lib/armv7-m/libm.a(lib_a-wf_log.o) (__fdlib_version)
/home/ne23kaj2/programme/gcc-arm-none-eabi-5_4-2016q3/bin/../lib/gcc/arm-none-eabi/5.4.1/../../../../arm-none-eabi/lib/armv7-m/libm.a(lib_a-s_matherr.o)
                              /home/ne23kaj2/programme/gcc-arm-none-eabi-5_4-2016q3/bin/../lib/gcc/arm-none-eabi/5.4.1/../../../../arm-none-eabi/lib/armv7-m/libm.a(lib_a-wf_log.o) (matherr)
/home/ne23kaj2/programme/gcc-arm-none-eabi-5_4-2016q3/bin/../lib/gcc/arm-none-eabi/5.4.1/../../../../arm-none-eabi/lib/armv7-m/libm.a(lib_a-s_nan.o)
                              /home/ne23kaj2/programme/gcc-arm-none-eabi-5_4-2016q3/bin/../lib/gcc/arm-none-eabi/5.4.1/../../../../arm-none-eabi/lib/armv7-m/libm.a(lib_a-wf_log.o) (nan)
/home/ne23kaj2/programme/gcc-arm-none-eabi-5_4-2016q3/bin/../lib/gcc/arm-none-eabi/5.4.1/../../../../arm-none-eabi/lib/armv7-m/libm.a(lib_a-s_rint.o)
                              /home/ne23kaj2/programme/gcc-arm-none-eabi-5_4-2016q3/bin/../lib/gcc/arm-none-eabi/5.4.1/../../../../arm-none-eabi/lib/armv7-m/libm.a(lib_a-wf_pow.o) (rint)
/home/ne23kaj2/programme/gcc-arm-none-eabi-5_4-2016q3/bin/../lib/gcc/arm-none-eabi/5.4.1/../../../../arm-none-eabi/lib/armv7-m/libm.a(lib_a-sf_fabs.o)
                              /home/ne23kaj2/programme/gcc-arm-none-eabi-5_4-2016q3/bin/../lib/gcc/arm-none-eabi/5.4.1/../../../../arm-none-eabi/lib/armv7-m/libm.a(lib_a-ef_pow.o) (fabsf)
/home/ne23kaj2/programme/gcc-arm-none-eabi-5_4-2016q3/bin/../lib/gcc/arm-none-eabi/5.4.1/../../../../arm-none-eabi/lib/armv7-m/libm.a(lib_a-sf_finite.o)
                              /home/ne23kaj2/programme/gcc-arm-none-eabi-5_4-2016q3/bin/../lib/gcc/arm-none-eabi/5.4.1/../../../../arm-none-eabi/lib/armv7-m/libm.a(lib_a-wf_pow.o) (finitef)
/home/ne23kaj2/programme/gcc-arm-none-eabi-5_4-2016q3/bin/../lib/gcc/arm-none-eabi/5.4.1/../../../../arm-none-eabi/lib/armv7-m/libm.a(lib_a-sf_nan.o)
                              /home/ne23kaj2/programme/gcc-arm-none-eabi-5_4-2016q3/bin/../lib/gcc/arm-none-eabi/5.4.1/../../../../arm-none-eabi/lib/armv7-m/libm.a(lib_a-ef_pow.o) (nanf)
/home/ne23kaj2/programme/gcc-arm-none-eabi-5_4-2016q3/bin/../lib/gcc/arm-none-eabi/5.4.1/../../../../arm-none-eabi/lib/armv7-m/libm.a(lib_a-sf_scalbn.o)
                              /home/ne23kaj2/programme/gcc-arm-none-eabi-5_4-2016q3/bin/../lib/gcc/arm-none-eabi/5.4.1/../../../../arm-none-eabi/lib/armv7-m/libm.a(lib_a-ef_pow.o) (scalbnf)
/home/ne23kaj2/programme/gcc-arm-none-eabi-5_4-2016q3/bin/../lib/gcc/arm-none-eabi/5.4.1/../../../../arm-none-eabi/lib/armv7-m/libm.a(lib_a-sf_copysign.o)
                              /home/ne23kaj2/programme/gcc-arm-none-eabi-5_4-2016q3/bin/../lib/gcc/arm-none-eabi/5.4.1/../../../../arm-none-eabi/lib/armv7-m/libm.a(lib_a-sf_scalbn.o) (copysignf)
/home/ne23kaj2/programme/gcc-arm-none-eabi-5_4-2016q3/bin/../lib/gcc/arm-none-eabi/5.4.1/armv7-m/libgcc.a(_arm_addsubdf3.o)
                              /home/ne23kaj2/programme/gcc-arm-none-eabi-5_4-2016q3/bin/../lib/gcc/arm-none-eabi/5.4.1/../../../../arm-none-eabi/lib/armv7-m/libm.a(lib_a-s_rint.o) (__aeabi_dsub)
[...]
Memory Configuration

Name             Origin             Length             Attributes
RAM              0x20000000         0x00005000         xrw
CCMRAM           0x00000000         0x00000000         xrw
FLASH            0x08000000         0x00010000         xr
FLASHB1          0x00000000         0x00000000         xr
EXTMEMB0         0x00000000         0x00000000         xr
EXTMEMB1         0x00000000         0x00000000         xr
EXTMEMB2         0x00000000         0x00000000         xr
EXTMEMB3         0x00000000         0x00000000         xr
MEMORY_ARRAY     0x00000000         0x00000000         xrw
*default*        0x00000000         0xffffffff

Linker script and memory map

LOAD ./vcp/src/hw_config.o
LOAD ./vcp/src/stm32_it.o
LOAD ./vcp/src/usb_desc.o
LOAD ./vcp/src/usb_endp.o
LOAD ./vcp/src/usb_istr.o
LOAD ./vcp/src/usb_prop.o
LOAD ./vcp/src/usb_pwr.o
LOAD ./system/src/stm32f1-stdperiph/misc.o
LOAD ./system/src/stm32f1-stdperiph/stm32f10x_bkp.o
LOAD ./system/src/stm32f1-stdperiph/stm32f10x_gpio.o
LOAD ./system/src/stm32f1-stdperiph/stm32f10x_i2c.o
LOAD ./system/src/stm32f1-stdperiph/stm32f10x_pwr.o
LOAD ./system/src/stm32f1-stdperiph/stm32f10x_rcc.o
LOAD ./system/src/stm32f1-stdperiph/stm32f10x_rtc.o
LOAD ./system/src/stm32f1-stdperiph/stm32f10x_tim.o
LOAD ./system/src/newlib/_cxx.o
LOAD ./system/src/newlib/_exit.o
LOAD ./system/src/newlib/_sbrk.o
LOAD ./system/src/newlib/_startup.o
LOAD ./system/src/newlib/_syscalls.o
LOAD ./system/src/newlib/assert.o
LOAD ./system/src/diag/Trace.o
LOAD ./system/src/diag/trace_impl.o
LOAD ./system/src/cortexm/_initialize_hardware.o
LOAD ./system/src/cortexm/_reset_hardware.o
LOAD ./system/src/cortexm/exception_handlers.o
LOAD ./system/src/cmsis/system_stm32f10x.o
LOAD ./system/src/cmsis/vectors_stm32f10x.o
LOAD ./src/Timer.o
LOAD ./src/_write.o
LOAD ./src/font12x16_reduced.o
LOAD ./src/font5x7.o
LOAD ./src/gpio.o
LOAD ./src/i2c.o
LOAD ./src/icons.o
LOAD ./src/ir.o
LOAD ./src/irmp.o
LOAD ./src/json.o
LOAD ./src/lcd64x32.o
LOAD ./src/main.o
LOAD ./src/rotenc.o
LOAD ./src/rtc.o
LOAD ./src/tim.o
LOAD ./src/ugui.o
LOAD ./src/usb.o
LOAD ./STM32_USB-FS-Device_Driver/src/usb_core.o
LOAD ./STM32_USB-FS-Device_Driver/src/usb_init.o
LOAD ./STM32_USB-FS-Device_Driver/src/usb_int.o
LOAD ./STM32_USB-FS-Device_Driver/src/usb_mem.o
LOAD ./STM32_USB-FS-Device_Driver/src/usb_regs.o
LOAD ./STM32_USB-FS-Device_Driver/src/usb_sil.o
LOAD /home/ne23kaj2/programme/gcc-arm-none-eabi-5_4-2016q3/bin/../lib/gcc/arm-none-eabi/5.4.1/../../../../arm-none-eabi/lib/armv7-m/libstdc++.a
LOAD /home/ne23kaj2/programme/gcc-arm-none-eabi-5_4-2016q3/bin/../lib/gcc/arm-none-eabi/5.4.1/../../../../arm-none-eabi/lib/armv7-m/libm.a
START GROUP
LOAD /home/ne23kaj2/programme/gcc-arm-none-eabi-5_4-2016q3/bin/../lib/gcc/arm-none-eabi/5.4.1/armv7-m/libgcc.a
LOAD /home/ne23kaj2/programme/gcc-arm-none-eabi-5_4-2016q3/bin/../lib/gcc/arm-none-eabi/5.4.1/../../../../arm-none-eabi/lib/armv7-m/libg.a
LOAD /home/ne23kaj2/programme/gcc-arm-none-eabi-5_4-2016q3/bin/../lib/gcc/arm-none-eabi/5.4.1/../../../../arm-none-eabi/lib/armv7-m/libc.a
END GROUP
                0x20005000                __stack = (ORIGIN (RAM) + LENGTH (RAM))
                0x20005000                _estack = __stack
                0x00000400                __Main_Stack_Size = 0x400
                [!provide]                PROVIDE (_Main_Stack_Size, __Main_Stack_Size)
                0x20004c00                __Main_Stack_Limit = (__stack - __Main_Stack_Size)
                [!provide]                PROVIDE (_Main_Stack_Limit, __Main_Stack_Limit)
                0x00000100                _Minimum_Stack_Size = 0x100
                0x200022cc                PROVIDE (_Heap_Begin, _end_noinit)
                0x20004c00                PROVIDE (_Heap_Limit, (__stack - __Main_Stack_Size))

.isr_vector     0x08000000      0x25a
 FILL mask 0xff
                0x08000000                __vectors_start = ABSOLUTE (.)
                0x08000000                __vectors_start__ = ABSOLUTE (.)
 *(.isr_vector)
 .isr_vector    0x08000000      0x10c ./system/src/cmsis/vectors_stm32f10x.o
                0x08000000                __isr_vectors
 *(.cfmconfig)
 *(.after_vectors .after_vectors.*)
 .after_vectors
                0x0800010c       0xc0 ./system/src/newlib/_startup.o
                0x0800010c                _start
 .after_vectors
                0x080001cc       0x8c ./system/src/cortexm/exception_handlers.o
                0x080001cc                Reset_Handler
                0x080001d0                NMI_Handler
                0x080001d2                HardFault_Handler
                0x080001e6                HardFault_Handler_C
                0x08000210                MemManage_Handler
                0x08000212                BusFault_Handler
                0x08000226                BusFault_Handler_C
                0x08000228                UsageFault_Handler
                0x0800023c                UsageFault_Handler_C
                0x0800023e                SVC_Handler
                0x08000240                DebugMon_Handler
                0x08000242                PendSV_Handler
 .after_vectors
                0x08000258        0x2 ./system/src/cmsis/vectors_stm32f10x.o
                0x08000258                EXTI2_IRQHandler
                0x08000258                TIM8_TRG_COM_IRQHandler
                0x08000258                TIM8_CC_IRQHandler
                0x08000258                TIM1_CC_IRQHandler
                0x08000258                TIM6_IRQHandler
                0x08000258                PVD_IRQHandler
                0x08000258                SDIO_IRQHandler
                0x08000258                CAN2_RX1_IRQHandler
                0x08000258                EXTI3_IRQHandler
                0x08000258                TIM8_TRG_COM_TIM14_IRQHandler
                0x08000258                TIM1_UP_TIM10_IRQHandler
                0x08000258                TIM8_UP_TIM13_IRQHandler
                0x08000258                EXTI0_IRQHandler
                0x08000258                I2C2_EV_IRQHandler
                0x08000258                CAN1_RX0_IRQHandler
                0x08000258                TIM1_UP_TIM16_IRQHandler
                0x08000258                CAN2_SCE_IRQHandler
                0x08000258                ADC1_2_IRQHandler
                0x08000258                SPI1_IRQHandler
                0x08000258                TAMPER_IRQHandler
                0x08000258                TIM6_DAC_IRQHandler
                0x08000258                TIM1_BRK_TIM9_IRQHandler
                0x08000258                CAN2_RX0_IRQHandler
                0x08000258                TIM8_UP_IRQHandler
                0x08000258                DMA2_Channel2_IRQHandler
                0x08000258                DMA1_Channel4_IRQHandler
                0x08000258                USART3_IRQHandler
                0x08000258                RTC_IRQHandler
                0x08000258                DMA1_Channel7_IRQHandler
                0x08000258                CAN1_RX1_IRQHandler
                0x08000258                UART5_IRQHandler
                0x08000258                ADC3_IRQHandler
                0x08000258                TIM4_IRQHandler
                0x08000258                DMA2_Channel1_IRQHandler
                0x08000258                I2C1_EV_IRQHandler
                0x08000258                DMA1_Channel6_IRQHandler
                0x08000258                UART4_IRQHandler
                0x08000258                DMA2_Channel4_IRQHandler
                0x08000258                RCC_IRQHandler
                0x08000258                TIM8_BRK_TIM12_IRQHandler
                0x08000258                TIM1_TRG_COM_IRQHandler
                0x08000258                DMA1_Channel1_IRQHandler
                0x08000258                Default_Handler
                0x08000258                CEC_IRQHandler
                0x08000258                EXTI15_10_IRQHandler
                0x08000258                TIM14_IRQHandler
                0x08000258                TIM13_IRQHandler
                0x08000258                TIM12_IRQHandler
                0x08000258                TIM7_IRQHandler
                0x08000258                CAN2_TX_IRQHandler
                0x08000258                TIM5_IRQHandler
                0x08000258                EXTI9_5_IRQHandler
                0x08000258                ETH_WKUP_IRQHandler
                0x08000258                SPI2_IRQHandler
                0x08000258                CAN1_TX_IRQHandler
                0x08000258                DMA2_Channel5_IRQHandler
                0x08000258                DMA1_Channel5_IRQHandler
                0x08000258                EXTI4_IRQHandler
                0x08000258                TIM1_TRG_COM_TIM17_IRQHandler
                0x08000258                USB_HP_CAN1_TX_IRQHandler
                0x08000258                DMA1_Channel3_IRQHandler
                0x08000258                FSMC_IRQHandler
                0x08000258                ETH_IRQHandler
                0x08000258                TIM1_UP_IRQHandler
                0x08000258                WWDG_IRQHandler
                0x08000258                TIM2_IRQHandler
                0x08000258                OTG_FS_WKUP_IRQHandler
                0x08000258                TIM1_TRG_COM_TIM11_IRQHandler
                0x08000258                TIM1_BRK_IRQHandler
                0x08000258                EXTI1_IRQHandler
                0x08000258                RTCAlarm_IRQHandler
                0x08000258                DMA2_Channel4_5_IRQHandler
                0x08000258                USART2_IRQHandler
                0x08000258                I2C2_ER_IRQHandler
                0x08000258                DMA1_Channel2_IRQHandler
                0x08000258                TIM8_BRK_IRQHandler
                0x08000258                CAN1_SCE_IRQHandler
                0x08000258                FLASH_IRQHandler
                0x08000258                USART1_IRQHandler
                0x08000258                OTG_FS_IRQHandler
                0x08000258                SPI3_IRQHandler
                0x08000258                I2C1_ER_IRQHandler
                0x08000258                DMA2_Channel3_IRQHandler
                0x08000258                TIM1_BRK_TIM15_IRQHandler

.inits          0x0800025c       0x28
                0x0800025c                __data_regions_array_start = .
                0x0800025c        0x4 LONG 0x800c758 LOADADDR (.data)
                0x08000260        0x4 LONG 0x20000000 ADDR (.data)
                0x08000264        0x4 LONG 0x20001038 (ADDR (.data) + SIZEOF (.data))
                0x08000268        0x4 LONG 0x800c758 LOADADDR (.data_CCMRAM)
                0x0800026c        0x4 LONG 0x0 ADDR (.data_CCMRAM)
                0x08000270        0x4 LONG 0x0 (ADDR (.data_CCMRAM) + SIZEOF (.data_CCMRAM))
                0x08000274                __data_regions_array_end = .
                0x08000274                __bss_regions_array_start = .
                0x08000274        0x4 LONG 0x20001038 ADDR (.bss)
                0x08000278        0x4 LONG 0x200022cc (ADDR (.bss) + SIZEOF (.bss))
                0x0800027c        0x4 LONG 0x0 ADDR (.bss_CCMRAM)
                0x08000280        0x4 LONG 0x0 (ADDR (.bss_CCMRAM) + SIZEOF (.bss_CCMRAM))
                0x08000284                __bss_regions_array_end = .
 *(.init)
 *(.fini)
                0x08000284                . = ALIGN (0x4)
                0x08000284                PROVIDE (__preinit_array_start, .)
 *(.preinit_array_sysinit .preinit_array_sysinit.*)
 *(.preinit_array_platform .preinit_array_platform.*)
 *(.preinit_array .preinit_array.*)
                0x08000284                PROVIDE (__preinit_array_end, .)
                0x08000284                . = ALIGN (0x4)
                0x08000284                PROVIDE (__init_array_start, .)
 *(SORT(.init_array.*))
 *(.init_array)
                0x08000284                PROVIDE (__init_array_end, .)
                0x08000284                . = ALIGN (0x4)
                0x08000284                PROVIDE (__fini_array_start, .)
 *(SORT(.fini_array.*))
 *(.fini_array)
                0x08000284                PROVIDE (__fini_array_end, .)

.flashtext
 *(.flashtext .flashtext.*)

.text           0x08000288     0xc4c8
 *(.text .text.*)
 .text.IntToUnicode
                0x08000288       0x28 ./vcp/src/hw_config.o
 .text.Set_System
                0x080002b0       0x5c ./vcp/src/hw_config.o
                0x080002b0                Set_System
 .text.Set_USBClock
                0x0800030c       0x16 ./vcp/src/hw_config.o
                0x0800030c                Set_USBClock
 .text.USB_Interrupts_Config
                0x08000322       0x3c ./vcp/src/hw_config.o
                0x08000322                USB_Interrupts_Config
 *fill*         0x0800035e        0x2 
 .text.USB_Cable_Config
                0x08000360       0x14 ./vcp/src/hw_config.o
                0x08000360                USB_Cable_Config
 .text.Get_SerialNum
                0x08000374       0x40 ./vcp/src/hw_config.o
                0x08000374                Get_SerialNum
 .text.CDC_Send_DATA
                0x080003b4       0x34 ./vcp/src/hw_config.o
                0x080003b4                CDC_Send_DATA
 .text.CDC_Receive_DATA
                0x080003e8       0x18 ./vcp/src/hw_config.o
                0x080003e8                CDC_Receive_DATA
 .text.USB_LP_CAN1_RX0_IRQHandler
                0x08000400        0x4 ./vcp/src/stm32_it.o
                0x08000400                USB_LP_CAN1_RX0_IRQHandler
 .text.USBWakeUp_IRQHandler
                0x08000404        0x2 ./vcp/src/stm32_it.o
                0x08000404                USBWakeUp_IRQHandler
 *fill*         0x08000406        0x2 
 .text.EP1_IN_Callback
                0x08000408        0xc ./vcp/src/usb_endp.o
                0x08000408                EP1_IN_Callback
 .text.EP3_OUT_Callback
                0x08000414       0x38 ./vcp/src/usb_endp.o
                0x08000414                EP3_OUT_Callback
 .text.USB_Istr
                0x0800044c      0x16c ./vcp/src/usb_istr.o
                0x0800044c                USB_Istr
 .text.Virtual_Com_Port_SetConfiguration
                0x080005b8       0x18 ./vcp/src/usb_prop.o
                0x080005b8                Virtual_Com_Port_SetConfiguration
 .text.Virtual_Com_Port_SetDeviceAddress
                0x080005d0        0xc ./vcp/src/usb_prop.o
                0x080005d0                Virtual_Com_Port_SetDeviceAddress
 .text.Virtual_Com_Port_Status_In
                0x080005dc       0x14 ./vcp/src/usb_prop.o
                0x080005dc                Virtual_Com_Port_Status_In
 .text.Virtual_Com_Port_Status_Out
                0x080005f0        0x2 ./vcp/src/usb_prop.o
                0x080005f0                Virtual_Com_Port_Status_Out
 *fill*         0x080005f2        0x2 
 .text.Virtual_Com_Port_Data_Setup
                0x080005f4       0x5c ./vcp/src/usb_prop.o
                0x080005f4                Virtual_Com_Port_Data_Setup
 .text.Virtual_Com_Port_NoData_Setup
                0x08000650       0x24 ./vcp/src/usb_prop.o
                0x08000650                Virtual_Com_Port_NoData_Setup
 .text.Virtual_Com_Port_Get_Interface_Setting
                0x08000674       0x10 ./vcp/src/usb_prop.o
                0x08000674                Virtual_Com_Port_Get_Interface_Setting
 .text.Virtual_Com_Port_SetLineCoding
                0x08000684       0x18 ./vcp/src/usb_prop.o
                0x08000684                Virtual_Com_Port_SetLineCoding
 .text.Virtual_Com_Port_GetLineCoding
                0x0800069c        0x4 ./vcp/src/usb_prop.o
                0x0800069c                Virtual_Com_Port_GetLineCoding
 .text.Virtual_Com_Port_init
                0x080006a0       0x24 ./vcp/src/usb_prop.o
                0x080006a0                Virtual_Com_Port_init
 .text.Virtual_Com_Port_Reset
                0x080006c4       0xe0 ./vcp/src/usb_prop.o
                0x080006c4                Virtual_Com_Port_Reset
 .text.Virtual_Com_Port_GetDeviceDescriptor
                0x080007a4        0xc ./vcp/src/usb_prop.o
                0x080007a4                Virtual_Com_Port_GetDeviceDescriptor
 .text.Virtual_Com_Port_GetConfigDescriptor
                0x080007b0        0xc ./vcp/src/usb_prop.o
                0x080007b0                Virtual_Com_Port_GetConfigDescriptor
 .text.Virtual_Com_Port_GetStringDescriptor
                0x080007bc       0x20 ./vcp/src/usb_prop.o
                0x080007bc                Virtual_Com_Port_GetStringDescriptor
 .text.PowerOn  0x080007dc       0x38 ./vcp/src/usb_pwr.o
                0x080007dc                PowerOn
 .text.Suspend  0x08000814       0x88 ./vcp/src/usb_pwr.o
                0x08000814                Suspend
 .text.Resume_Init
                0x0800089c       0x18 ./vcp/src/usb_pwr.o
                0x0800089c                Resume_Init
 .text.Resume   0x080008b4       0xa8 ./vcp/src/usb_pwr.o
                0x080008b4                Resume
 .text.NVIC_PriorityGroupConfig
                0x0800095c       0x14 ./system/src/stm32f1-stdperiph/misc.o
                0x0800095c                NVIC_PriorityGroupConfig
 .text.NVIC_Init
                0x08000970       0x6c ./system/src/stm32f1-stdperiph/misc.o
                0x08000970                NVIC_Init
 .text.BKP_DeInit
                0x080009dc       0x12 ./system/src/stm32f1-stdperiph/stm32f10x_bkp.o
                0x080009dc                BKP_DeInit
 *fill*         0x080009ee        0x2 
 .text.BKP_WriteBackupRegister
                0x080009f0       0x1c ./system/src/stm32f1-stdperiph/stm32f10x_bkp.o
                0x080009f0                BKP_WriteBackupRegister
 .text.BKP_ReadBackupRegister
                0x08000a0c       0x20 ./system/src/stm32f1-stdperiph/stm32f10x_bkp.o
                0x08000a0c                BKP_ReadBackupRegister
 .text.GPIO_Init
                0x08000a2c       0xa4 ./system/src/stm32f1-stdperiph/stm32f10x_gpio.o
                0x08000a2c                GPIO_Init
 .text.GPIO_ReadInputDataBit
                0x08000ad0        0xc ./system/src/stm32f1-stdperiph/stm32f10x_gpio.o
                0x08000ad0                GPIO_ReadInputDataBit
 .text.GPIO_SetBits
                0x08000adc        0x4 ./system/src/stm32f1-stdperiph/stm32f10x_gpio.o
                0x08000adc                GPIO_SetBits
 .text.GPIO_ResetBits
                0x08000ae0        0x4 ./system/src/stm32f1-stdperiph/stm32f10x_gpio.o
                0x08000ae0                GPIO_ResetBits
 .text.GPIO_PinRemapConfig
                0x08000ae4       0x60 ./system/src/stm32f1-stdperiph/stm32f10x_gpio.o
                0x08000ae4                GPIO_PinRemapConfig
 .text.I2C_Init
                0x08000b44       0xd4 ./system/src/stm32f1-stdperiph/stm32f10x_i2c.o
                0x08000b44                I2C_Init
 .text.I2C_Cmd  0x08000c18       0x18 ./system/src/stm32f1-stdperiph/stm32f10x_i2c.o
                0x08000c18                I2C_Cmd
 .text.I2C_GenerateSTART
                0x08000c30       0x18 ./system/src/stm32f1-stdperiph/stm32f10x_i2c.o
                0x08000c30                I2C_GenerateSTART
 .text.I2C_GenerateSTOP
                0x08000c48       0x18 ./system/src/stm32f1-stdperiph/stm32f10x_i2c.o
                0x08000c48                I2C_GenerateSTOP
 .text.I2C_SendData
                0x08000c60        0x4 ./system/src/stm32f1-stdperiph/stm32f10x_i2c.o
                0x08000c60                I2C_SendData
 .text.I2C_Send7bitAddress
                0x08000c64       0x12 ./system/src/stm32f1-stdperiph/stm32f10x_i2c.o
                0x08000c64                I2C_Send7bitAddress
 .text.I2C_CheckEvent
                0x08000c76       0x1a ./system/src/stm32f1-stdperiph/stm32f10x_i2c.o
                0x08000c76                I2C_CheckEvent
 .text.I2C_GetFlagStatus
                0x08000c90       0x34 ./system/src/stm32f1-stdperiph/stm32f10x_i2c.o
                0x08000c90                I2C_GetFlagStatus
 .text.PWR_BackupAccessCmd
                0x08000cc4        0xc ./system/src/stm32f1-stdperiph/stm32f10x_pwr.o
                0x08000cc4                PWR_BackupAccessCmd
 .text.RCC_USBCLKConfig
                0x08000cd0        0xc ./system/src/stm32f1-stdperiph/stm32f10x_rcc.o
                0x08000cd0                RCC_USBCLKConfig
 .text.RCC_LSEConfig
                0x08000cdc       0x20 ./system/src/stm32f1-stdperiph/stm32f10x_rcc.o
                0x08000cdc                RCC_LSEConfig
 .text.RCC_RTCCLKConfig
                0x08000cfc       0x10 ./system/src/stm32f1-stdperiph/stm32f10x_rcc.o
                0x08000cfc                RCC_RTCCLKConfig
 .text.RCC_RTCCLKCmd
                0x08000d0c        0xc ./system/src/stm32f1-stdperiph/stm32f10x_rcc.o
                0x08000d0c                RCC_RTCCLKCmd
 .text.RCC_GetClocksFreq
                0x08000d18       0x88 ./system/src/stm32f1-stdperiph/stm32f10x_rcc.o
                0x08000d18                RCC_GetClocksFreq
 .text.RCC_APB2PeriphClockCmd
                0x08000da0       0x18 ./system/src/stm32f1-stdperiph/stm32f10x_rcc.o
                0x08000da0                RCC_APB2PeriphClockCmd
 .text.RCC_APB1PeriphClockCmd
                0x08000db8       0x18 ./system/src/stm32f1-stdperiph/stm32f10x_rcc.o
                0x08000db8                RCC_APB1PeriphClockCmd
 .text.RCC_BackupResetCmd
                0x08000dd0        0xc ./system/src/stm32f1-stdperiph/stm32f10x_rcc.o
                0x08000dd0                RCC_BackupResetCmd
 .text.RCC_GetFlagStatus
                0x08000ddc       0x28 ./system/src/stm32f1-stdperiph/stm32f10x_rcc.o
                0x08000ddc                RCC_GetFlagStatus
 .text.RTC_EnterConfigMode
                0x08000e04       0x14 ./system/src/stm32f1-stdperiph/stm32f10x_rtc.o
                0x08000e04                RTC_EnterConfigMode
 .text.RTC_ExitConfigMode
                0x08000e18       0x14 ./system/src/stm32f1-stdperiph/stm32f10x_rtc.o
                0x08000e18                RTC_ExitConfigMode
 .text.RTC_GetCounter
                0x08000e2c       0x14 ./system/src/stm32f1-stdperiph/stm32f10x_rtc.o
                0x08000e2c                RTC_GetCounter
 .text.RTC_SetCounter
                0x08000e40       0x1c ./system/src/stm32f1-stdperiph/stm32f10x_rtc.o
                0x08000e40                RTC_SetCounter
 .text.RTC_SetPrescaler
                0x08000e5c       0x20 ./system/src/stm32f1-stdperiph/stm32f10x_rtc.o
                0x08000e5c                RTC_SetPrescaler
 .text.RTC_WaitForLastTask
                0x08000e7c       0x10 ./system/src/stm32f1-stdperiph/stm32f10x_rtc.o
                0x08000e7c                RTC_WaitForLastTask
 .text.RTC_WaitForSynchro
                0x08000e8c       0x1c ./system/src/stm32f1-stdperiph/stm32f10x_rtc.o
                0x08000e8c                RTC_WaitForSynchro
 .text.TIM_TimeBaseInit
                0x08000ea8       0x94 ./system/src/stm32f1-stdperiph/stm32f10x_tim.o
                0x08000ea8                TIM_TimeBaseInit
 .text.TIM_OC1Init
                0x08000f3c       0x88 ./system/src/stm32f1-stdperiph/stm32f10x_tim.o
                0x08000f3c                TIM_OC1Init
 .text.TIM_Cmd  0x08000fc4       0x18 ./system/src/stm32f1-stdperiph/stm32f10x_tim.o
                0x08000fc4                TIM_Cmd
 .text.TIM_DMACmd
                0x08000fdc       0x12 ./system/src/stm32f1-stdperiph/stm32f10x_tim.o
                0x08000fdc                TIM_DMACmd
 .text.TIM_ITConfig
                0x08000fee        0x4 ./system/src/stm32f1-stdperiph/stm32f10x_tim.o
                0x08000fee                TIM_ITConfig
 .text.TIM_OC1PreloadConfig
                0x08000ff2       0x10 ./system/src/stm32f1-stdperiph/stm32f10x_tim.o
                0x08000ff2                TIM_OC1PreloadConfig
 .text.TIM_GetITStatus
                0x08001002       0x16 ./system/src/stm32f1-stdperiph/stm32f10x_tim.o
                0x08001002                TIM_GetITStatus
 .text.TIM_ClearITPendingBit
                0x08001018        0x8 ./system/src/stm32f1-stdperiph/stm32f10x_tim.o
                0x08001018                TIM_ClearITPendingBit
 .text._sbrk    0x08001020       0x40 ./system/src/newlib/_sbrk.o
                0x08001020                _sbrk
 .text._exit    0x08001060       0x20 ./system/src/newlib/_syscalls.o
                0x08001060                _exit
 .text.initialise_monitor_handles
                0x08001080       0xa8 ./system/src/newlib/_syscalls.o
                0x08001080                initialise_monitor_handles
 .text.__initialize_args
                0x08001128       0xd4 ./system/src/newlib/_syscalls.o
                0x08001128                __initialize_args
 .text.__initialize_hardware_early
                0x080011fc       0x18 ./system/src/cortexm/_initialize_hardware.o
                0x080011fc                __initialize_hardware_early
 .text.__initialize_hardware
                0x08001214        0x4 ./system/src/cortexm/_initialize_hardware.o
                0x08001214                __initialize_hardware
 .text.isSemihosting
                0x08001218       0xc0 ./system/src/cortexm/exception_handlers.o
                0x08001218                isSemihosting
 .text.SystemInit
                0x080012d8       0xf4 ./system/src/cmsis/system_stm32f10x.o
                0x080012d8                SystemInit
 .text.SystemCoreClockUpdate
                0x080013cc       0x5c ./system/src/cmsis/system_stm32f10x.o
                0x080013cc                SystemCoreClockUpdate
 .text._Z11timer_startv
                0x08001428       0x38 ./src/Timer.o
                0x08001428                timer_start()
 .text._Z11timer_sleepm
                0x08001460       0x10 ./src/Timer.o
                0x08001460                timer_sleep(unsigned long)
 .text._Z10timer_tickv
                0x08001470       0x20 ./src/Timer.o
                0x08001470                timer_tick()
 .text.SysTick_Handler
                0x08001490        0x4 ./src/Timer.o
                0x08001490                SysTick_Handler
 .text.gpio_init
                0x08001494       0xdc ./src/gpio.o
                0x08001494                gpio_init
 .text._Z8i2c_initv
                0x08001570       0x7c ./src/i2c.o
                0x08001570                i2c_init()
 .text._Z9I2C_writehh
                0x080015ec       0x84 ./src/i2c.o
                0x080015ec                I2C_write(unsigned char, unsigned char)
 .text.irmp_store_bit
                0x08001670       0xd0 ./src/irmp.o
 .text.irmp_get_data
                0x08001740       0xc0 ./src/irmp.o
                0x08001740                irmp_get_data
 .text.irmp_ISR
                0x08001800      0x4fc ./src/irmp.o
                0x08001800                irmp_ISR
 .text._ZN11ArduinoJson20StaticJsonBufferBase5allocEj
                0x08001cfc       0x1e ./src/json.o
                0x08001cfc                ArduinoJson::StaticJsonBufferBase::alloc(unsigned int)
 .text._ZN11ArduinoJson9Internals19JsonBufferAllocatednwEjPNS_10JsonBufferE
                0x08001d1a       0x10 ./src/json.o
                0x08001d1a                ArduinoJson::Internals::JsonBufferAllocated::operator new(unsigned int, ArduinoJson::JsonBuffer*)
 *fill*         0x08001d2a        0x2 
 .text._ZN11ArduinoJson9JsonArray7invalidEv
                0x08001d2c       0x20 ./src/json.o
                0x08001d2c                ArduinoJson::JsonArray::invalid()
 .text._ZN11ArduinoJson10JsonObject7invalidEv
                0x08001d4c       0x20 ./src/json.o
                0x08001d4c                ArduinoJson::JsonObject::invalid()
 .text._Z3addPKcz
                0x08001d6c       0x40 ./src/json.o
                0x08001d6c                add(char const*, ...)
 .text._ZN11ArduinoJson9Internals21skipSpacesAndCommentsINS0_17CharPointerTraitsIcE6ReaderEEEvRT_
                0x08001dac       0x6a ./src/json.o
                0x08001dac                void ArduinoJson::Internals::skipSpacesAndComments<ArduinoJson::Internals::CharPointerTraits<char>::Reader>(ArduinoJson::Internals::CharPointerTraits<char>::Reader&)
 .text._ZN11ArduinoJson9Internals10JsonParserINS0_17CharPointerTraitsIcE6ReaderENS0_12StringWriterIcEEE3eatERS4_c
                0x08001e16       0x1e ./src/json.o
                0x08001e16                ArduinoJson::Internals::JsonParser<ArduinoJson::Internals::CharPointerTraits<char>::Reader, ArduinoJson::Internals::StringWriter<char> >::eat(ArduinoJson::Internals::CharPointerTraits<char>::Reader&, char)
 .text._ZN11ArduinoJson9Internals10JsonParserINS0_17CharPointerTraitsIcE6ReaderENS0_12StringWriterIcEEE11parseStringEv
                0x08001e34       0xa4 ./src/json.o
                0x08001e34                ArduinoJson::Internals::JsonParser<ArduinoJson::Internals::CharPointerTraits<char>::Reader, ArduinoJson::Internals::StringWriter<char> >::parseString()
 .text._ZN11ArduinoJson10JsonObject7findKeyIPKcEENS_9Internals12ListIteratorINS_8JsonPairEEET_
                0x08001ed8       0x1a ./src/json.o
                0x08001ed8                ArduinoJson::Internals::ListIterator<ArduinoJson::JsonPair> ArduinoJson::JsonObject::findKey<char const*>(char const*)
 *fill*         0x08001ef2        0x2 
 .text._ZNK11ArduinoJson10JsonObject8get_implIPKcS3_EENS_9Internals13JsonVariantAsIT0_E4typeET_
                0x08001ef4       0x30 ./src/json.o
                0x08001ef4                ArduinoJson::Internals::JsonVariantAs<char const*>::type ArduinoJson::JsonObject::get_impl<char const*, char const*>(char const*) const
 .text._ZN11ArduinoJson9Internals10JsonParserINS0_17CharPointerTraitsIcE6ReaderENS0_12StringWriterIcEEE10parseArrayEv
                0x08001f24       0xa2 ./src/json.o
                0x08001f24                ArduinoJson::Internals::JsonParser<ArduinoJson::Internals::CharPointerTraits<char>::Reader, ArduinoJson::Internals::StringWriter<char> >::parseArray()
 .text._ZN11ArduinoJson9Internals10JsonParserINS0_17CharPointerTraitsIcE6ReaderENS0_12StringWriterIcEEE15parseAnythingToEPNS_11JsonVariantE
                0x08001fc6       0x80 ./src/json.o
                0x08001fc6                ArduinoJson::Internals::JsonParser<ArduinoJson::Internals::CharPointerTraits<char>::Reader, ArduinoJson::Internals::StringWriter<char> >::parseAnythingTo(ArduinoJson::JsonVariant*)
 .text._ZN11ArduinoJson9Internals10JsonParserINS0_17CharPointerTraitsIcE6ReaderENS0_12StringWriterIcEEE11parseObjectEv
                0x08002046       0xca ./src/json.o
                0x08002046                ArduinoJson::Internals::JsonParser<ArduinoJson::Internals::CharPointerTraits<char>::Reader, ArduinoJson::Internals::StringWriter<char> >::parseObject()
 .text._Z12json_processPc
                0x08002110      0x130 ./src/json.o
                0x08002110                json_process(char*)
 .text._Z12lcd_setPixelii
                0x08002240       0x3c ./src/lcd64x32.o
                0x08002240                lcd_setPixel(int, int)
 .text._Z14lcd_clearPixelii
                0x0800227c       0x40 ./src/lcd64x32.o
                0x0800227c                lcd_clearPixel(int, int)
 .text._Z13lcd_drawPixelssm
                0x080022bc        0xa ./src/lcd64x32.o
                0x080022bc                lcd_drawPixel(short, short, unsigned long)
 .text._Z17lcd_UG_PutStringfssPKcz
                0x080022c6       0x3c ./src/lcd64x32.o
                0x080022c6                lcd_UG_PutStringf(short, short, char const*, ...)
 *fill*         0x08002302        0x2 
 .text._Z14lcd_putChar5x7iic
                0x08002304       0x50 ./src/lcd64x32.o
                0x08002304                lcd_putChar5x7(int, int, char)
 .text._Z16lcd_putString5x7iiPc
                0x08002354       0x2c ./src/lcd64x32.o
                0x08002354                lcd_putString5x7(int, int, char*)
 .text._Z17lcd_putString5x7fiiPKcz
                0x08002380       0x3c ./src/lcd64x32.o
                0x08002380                lcd_putString5x7f(int, int, char const*, ...)
 .text._Z11lcd_putIconiiPKc
                0x080023bc       0x48 ./src/lcd64x32.o
                0x080023bc                lcd_putIcon(int, int, char const*)
 .text._Z10lcd_updatev
                0x08002404       0x6c ./src/lcd64x32.o
                0x08002404                lcd_update()
 .text._Z15lcd_setContrasth
                0x08002470       0x1a ./src/lcd64x32.o
                0x08002470                lcd_setContrast(unsigned char)
 .text._Z8lcd_initv
                0x0800248a       0x82 ./src/lcd64x32.o
                0x0800248a                lcd_init()
 .text.TIM3_IRQHandler
                0x0800250c       0x28 ./src/main.o
                0x0800250c                TIM3_IRQHandler
 .text._Z10calcPWMLUTv
                0x08002534       0x6c ./src/main.o
                0x08002534                calcPWMLUT()
 .text._Z13switchPressedv
                0x080025a0       0x18 ./src/main.o
                0x080025a0                switchPressed()
 .text.startup.main
                0x080025b8      0x68c ./src/main.o
                0x080025b8                main
 .text._Z18rotenc_irq_processv
                0x08002c44       0x50 ./src/rotenc.o
                0x08002c44                rotenc_irq_process()
 .text._Z11rotenc_initv
                0x08002c94       0x3c ./src/rotenc.o
                0x08002c94                rotenc_init()
 .text._Z12rotenc_read1v
                0x08002cd0       0x14 ./src/rotenc.o
                0x08002cd0                rotenc_read1()
 .text._Z17rtc_configurationh
                0x08002ce4       0x54 ./src/rtc.o
                0x08002ce4                rtc_configuration(unsigned char)
 .text.rtc_isLeapYear
                0x08002d38       0x30 ./src/rtc.o
                0x08002d38                rtc_isLeapYear
 .text._Z16rtc_daysPerMonthii
                0x08002d68       0x4c ./src/rtc.o
                0x08002d68                rtc_daysPerMonth(int, int)
 .text.rtc_adjustDate
                0x08002db4       0x5a ./src/rtc.o
                0x08002db4                rtc_adjustDate
 .text.rtc_setTime24
                0x08002e0e       0x28 ./src/rtc.o
                0x08002e0e                rtc_setTime24
 *fill*         0x08002e36        0x2 
 .text.rtc_getTime24
                0x08002e38       0x3c ./src/rtc.o
                0x08002e38                rtc_getTime24
 .text.rtc_setDate
                0x08002e74       0x20 ./src/rtc.o
                0x08002e74                rtc_setDate
 .text.rtc_getDate
                0x08002e94       0x1c ./src/rtc.o
                0x08002e94                rtc_getDate
 .text.rtc_adjustTime
                0x08002eb0       0x3a ./src/rtc.o
                0x08002eb0                rtc_adjustTime
 *fill*         0x08002eea        0x2 
 .text.rtc_checkUpdateDate
                0x08002eec       0x78 ./src/rtc.o
                0x08002eec                rtc_checkUpdateDate
 .text.rtc_weekday
                0x08002f64       0x66 ./src/rtc.o
                0x08002f64                rtc_weekday
 *fill*         0x08002fca        0x2 
 .text.rtc_init
                0x08002fcc       0x78 ./src/rtc.o
                0x08002fcc                rtc_init
 .text._Z10timer_initv
                0x08003044       0x98 ./src/tim.o
                0x08003044                timer_init()
 .text.UG_Init  0x080030dc       0x68 ./src/ugui.o
                0x080030dc                UG_Init
 .text.UG_FontSelect
                0x08003144       0x18 ./src/ugui.o
                0x08003144                UG_FontSelect
 .text.UG_FillFrame
                0x0800315c       0x78 ./src/ugui.o
                0x0800315c                UG_FillFrame
 .text.UG_FillScreen
                0x080031d4       0x28 ./src/ugui.o
                0x080031d4                UG_FillScreen
 .text.UG_DrawLine
                0x080031fc      0x128 ./src/ugui.o
                0x080031fc                UG_DrawLine
 .text.UG_SetForecolor
                0x08003324        0xc ./src/ugui.o
                0x08003324                UG_SetForecolor
 .text.UG_SetBackcolor
                0x08003330        0xc ./src/ugui.o
                0x08003330                UG_SetBackcolor
 .text._UG_PutChar
                0x0800333c      0x354 ./src/ugui.o
                0x0800333c                _UG_PutChar
 .text.UG_PutChar
                0x08003690       0x1c ./src/ugui.o
                0x08003690                UG_PutChar
 .text.UG_PutString
                0x080036ac       0x84 ./src/ugui.o
                0x080036ac                UG_PutString
 .text._UG_PutText
                0x08003730      0x138 ./src/ugui.o
                0x08003730                _UG_PutText
 .text._UG_ProcessTouchData
                0x08003868       0xbc ./src/ugui.o
                0x08003868                _UG_ProcessTouchData
 .text._UG_UpdateObjects
                0x08003924       0x50 ./src/ugui.o
                0x08003924                _UG_UpdateObjects
 .text._UG_HandleEvents
                0x08003974       0x5c ./src/ugui.o
                0x08003974                _UG_HandleEvents
 .text._UG_DrawObjectFrame
                0x080039d0      0x12a ./src/ugui.o
                0x080039d0                _UG_DrawObjectFrame
 *fill*         0x08003afa        0x2 
 .text._UG_WindowDrawTitle
                0x08003afc       0xd4 ./src/ugui.o
                0x08003afc                _UG_WindowDrawTitle
 .text._UG_WindowUpdate
                0x08003bd0       0xd0 ./src/ugui.o
                0x08003bd0                _UG_WindowUpdate
 .text.UG_Update
                0x08003ca0       0xb0 ./src/ugui.o
                0x08003ca0                UG_Update
 .text.usb_CDCReceiveCallback
                0x08003d50       0x38 ./src/usb.o
                0x08003d50                usb_CDCReceiveCallback
 .text.usb_transmitString
                0x08003d88       0x6e ./src/usb.o
                0x08003d88                usb_transmitString
 *fill*         0x08003df6        0x2 
 .text._Z11usb_processv
                0x08003df8       0x8c ./src/usb.o
                0x08003df8                usb_process()
 .text._Z16usb_isConfiguredv
                0x08003e84       0x10 ./src/usb.o
                0x08003e84                usb_isConfigured()
 .text._Z8usb_initv
                0x08003e94       0x24 ./src/usb.o
                0x08003e94                usb_init()
 .text.Standard_GetConfiguration
                0x08003eb8       0x24 ./STM32_USB-FS-Device_Driver/src/usb_core.o
                0x08003eb8                Standard_GetConfiguration
 .text.Standard_GetInterface
                0x08003edc       0x24 ./STM32_USB-FS-Device_Driver/src/usb_core.o
                0x08003edc                Standard_GetInterface
 .text.Standard_GetStatus
                0x08003f00       0x90 ./STM32_USB-FS-Device_Driver/src/usb_core.o
                0x08003f00                Standard_GetStatus
 .text.DataStageIn
                0x08003f90       0xac ./STM32_USB-FS-Device_Driver/src/usb_core.o
 .text.Standard_SetConfiguration
                0x0800403c       0x38 ./STM32_USB-FS-Device_Driver/src/usb_core.o
                0x0800403c                Standard_SetConfiguration
 .text.Standard_SetInterface
                0x08004074       0x48 ./STM32_USB-FS-Device_Driver/src/usb_core.o
                0x08004074                Standard_SetInterface
 .text.Standard_ClearFeature
                0x080040bc       0xd8 ./STM32_USB-FS-Device_Driver/src/usb_core.o
                0x080040bc                Standard_ClearFeature
 .text.Standard_SetEndPointFeature
                0x08004194       0x8c ./STM32_USB-FS-Device_Driver/src/usb_core.o
                0x08004194                Standard_SetEndPointFeature
 .text.Standard_SetDeviceFeature
                0x08004220       0x24 ./STM32_USB-FS-Device_Driver/src/usb_core.o
                0x08004220                Standard_SetDeviceFeature
 .text.Standard_GetDescriptorData
                0x08004244       0x1c ./STM32_USB-FS-Device_Driver/src/usb_core.o
                0x08004244                Standard_GetDescriptorData
 .text.Post0_Process
                0x08004260       0x40 ./STM32_USB-FS-Device_Driver/src/usb_core.o
                0x08004260                Post0_Process
 .text.Setup0_Process
                0x080042a0      0x304 ./STM32_USB-FS-Device_Driver/src/usb_core.o
                0x080042a0                Setup0_Process
 .text.Out0_Process
                0x080045a4       0xe8 ./STM32_USB-FS-Device_Driver/src/usb_core.o
                0x080045a4                Out0_Process
 .text.SetDeviceAddress
                0x0800468c       0x40 ./STM32_USB-FS-Device_Driver/src/usb_core.o
                0x0800468c                SetDeviceAddress
 .text.In0_Process
                0x080046cc       0x5c ./STM32_USB-FS-Device_Driver/src/usb_core.o
                0x080046cc                In0_Process
 .text.NOP_Process
                0x08004728        0x2 ./STM32_USB-FS-Device_Driver/src/usb_core.o
                0x08004728                NOP_Process
 *fill*         0x0800472a        0x2 
 .text.USB_Init
                0x0800472c       0x34 ./STM32_USB-FS-Device_Driver/src/usb_init.o
                0x0800472c                USB_Init
 .text.CTR_LP   0x08004760      0x178 ./STM32_USB-FS-Device_Driver/src/usb_int.o
                0x08004760                CTR_LP
 .text.UserToPMABufferCopy
                0x080048d8       0x24 ./STM32_USB-FS-Device_Driver/src/usb_mem.o
                0x080048d8                UserToPMABufferCopy
 .text.PMAToUserBufferCopy
                0x080048fc       0x24 ./STM32_USB-FS-Device_Driver/src/usb_mem.o
                0x080048fc                PMAToUserBufferCopy
 .text.SetISTR  0x08004920        0xc ./STM32_USB-FS-Device_Driver/src/usb_regs.o
                0x08004920                SetISTR
 .text.SetBTABLE
                0x0800492c       0x10 ./STM32_USB-FS-Device_Driver/src/usb_regs.o
                0x0800492c                SetBTABLE
 .text.SetEPType
                0x0800493c       0x1c ./STM32_USB-FS-Device_Driver/src/usb_regs.o
                0x0800493c                SetEPType
 .text.SetEPTxStatus
                0x08004958       0x32 ./STM32_USB-FS-Device_Driver/src/usb_regs.o
                0x08004958                SetEPTxStatus
 .text.SetEPRxStatus
                0x0800498a       0x32 ./STM32_USB-FS-Device_Driver/src/usb_regs.o
                0x0800498a                SetEPRxStatus
 .text.GetEPTxStatus
                0x080049bc       0x12 ./STM32_USB-FS-Device_Driver/src/usb_regs.o
                0x080049bc                GetEPTxStatus
 .text.SetEPTxValid
                0x080049ce       0x26 ./STM32_USB-FS-Device_Driver/src/usb_regs.o
                0x080049ce                SetEPTxValid
 .text.SetEPRxValid
                0x080049f4       0x26 ./STM32_USB-FS-Device_Driver/src/usb_regs.o
                0x080049f4                SetEPRxValid
 .text.ClearEPDoubleBuff
                0x08004a1a       0x20 ./STM32_USB-FS-Device_Driver/src/usb_regs.o
                0x08004a1a                ClearEPDoubleBuff
 .text.Clear_Status_Out
                0x08004a3a        0x4 ./STM32_USB-FS-Device_Driver/src/usb_regs.o
                0x08004a3a                Clear_Status_Out
 .text.ClearDTOG_RX
                0x08004a3e       0x24 ./STM32_USB-FS-Device_Driver/src/usb_regs.o
                0x08004a3e                ClearDTOG_RX
 .text.ClearDTOG_TX
                0x08004a62       0x24 ./STM32_USB-FS-Device_Driver/src/usb_regs.o
                0x08004a62                ClearDTOG_TX
 *fill*         0x08004a86        0x2 
 .text.SetEPTxCount
                0x08004a88       0x1c ./STM32_USB-FS-Device_Driver/src/usb_regs.o
                0x08004a88                SetEPTxCount
 .text.SetEPRxCount
                0x08004aa4       0x40 ./STM32_USB-FS-Device_Driver/src/usb_regs.o
                0x08004aa4                SetEPRxCount
 .text.SetEPDblBuf0Addr
                0x08004ae4       0x20 ./STM32_USB-FS-Device_Driver/src/usb_regs.o
                0x08004ae4                SetEPDblBuf0Addr
 .text.SetEPTxAddr
                0x08004b04        0x4 ./STM32_USB-FS-Device_Driver/src/usb_regs.o
                0x08004b04                SetEPTxAddr
 .text.SetEPDblBuf1Addr
                0x08004b08       0x20 ./STM32_USB-FS-Device_Driver/src/usb_regs.o
                0x08004b08                SetEPDblBuf1Addr
 .text.SetEPRxAddr
                0x08004b28        0x4 ./STM32_USB-FS-Device_Driver/src/usb_regs.o
                0x08004b28                SetEPRxAddr
 .text.GetEPDblBuf0Addr
                0x08004b2c       0x1c ./STM32_USB-FS-Device_Driver/src/usb_regs.o
                0x08004b2c                GetEPDblBuf0Addr
 .text.GetEPTxAddr
                0x08004b48        0x4 ./STM32_USB-FS-Device_Driver/src/usb_regs.o
                0x08004b48                GetEPTxAddr
 .text.GetEPDblBuf1Addr
                0x08004b4c       0x1c ./STM32_USB-FS-Device_Driver/src/usb_regs.o
                0x08004b4c                GetEPDblBuf1Addr
 .text.GetEPRxAddr
                0x08004b68        0x4 ./STM32_USB-FS-Device_Driver/src/usb_regs.o
                0x08004b68                GetEPRxAddr
 .text.GetEPDblBuf1Count
                0x08004b6c       0x20 ./STM32_USB-FS-Device_Driver/src/usb_regs.o
                0x08004b6c                GetEPDblBuf1Count
 .text.GetEPRxCount
                0x08004b8c        0x4 ./STM32_USB-FS-Device_Driver/src/usb_regs.o
                0x08004b8c                GetEPRxCount
 .text.ByteSwap
                0x08004b90        0xa ./STM32_USB-FS-Device_Driver/src/usb_regs.o
                0x08004b90                ByteSwap
 *fill*         0x08004b9a        0x2 
 .text.USB_SIL_Init
                0x08004b9c       0x20 ./STM32_USB-FS-Device_Driver/src/usb_sil.o
                0x08004b9c                USB_SIL_Init
 .text.logf     0x08004bbc       0xe8 /home/ne23kaj2/programme/gcc-arm-none-eabi-5_4-2016q3/bin/../lib/gcc/arm-none-eabi/5.4.1/../../../../arm-none-eabi/lib/armv7-m/libm.a(lib_a-wf_log.o)
                0x08004bbc                logf
 .text.powf     0x08004ca4      0x2fc /home/ne23kaj2/programme/gcc-arm-none-eabi-5_4-2016q3/bin/../lib/gcc/arm-none-eabi/5.4.1/../../../../arm-none-eabi/lib/armv7-m/libm.a(lib_a-wf_pow.o)
                0x08004ca4                powf
 .text.__ieee754_logf
                0x08004fa0      0x284 /home/ne23kaj2/programme/gcc-arm-none-eabi-5_4-2016q3/bin/../lib/gcc/arm-none-eabi/5.4.1/../../../../arm-none-eabi/lib/armv7-m/libm.a(lib_a-ef_log.o)
                0x08004fa0                __ieee754_logf
 .text.__ieee754_powf
                0x08005224      0x70c /home/ne23kaj2/programme/gcc-arm-none-eabi-5_4-2016q3/bin/../lib/gcc/arm-none-eabi/5.4.1/../../../../arm-none-eabi/lib/armv7-m/libm.a(lib_a-ef_pow.o)
                0x08005224                __ieee754_powf
 .text.__ieee754_sqrtf
                0x08005930       0xa8 /home/ne23kaj2/programme/gcc-arm-none-eabi-5_4-2016q3/bin/../lib/gcc/arm-none-eabi/5.4.1/../../../../arm-none-eabi/lib/armv7-m/libm.a(lib_a-ef_sqrt.o)
                0x08005930                __ieee754_sqrtf
 .text.matherr  0x080059d8        0x4 /home/ne23kaj2/programme/gcc-arm-none-eabi-5_4-2016q3/bin/../lib/gcc/arm-none-eabi/5.4.1/../../../../arm-none-eabi/lib/armv7-m/libm.a(lib_a-s_matherr.o)
                0x080059d8                matherr
 .text.nan      0x080059dc        0xc /home/ne23kaj2/programme/gcc-arm-none-eabi-5_4-2016q3/bin/../lib/gcc/arm-none-eabi/5.4.1/../../../../arm-none-eabi/lib/armv7-m/libm.a(lib_a-s_nan.o)
                0x080059dc                nan
 .text.rint     0x080059e8      0x120 /home/ne23kaj2/programme/gcc-arm-none-eabi-5_4-2016q3/bin/../lib/gcc/arm-none-eabi/5.4.1/../../../../arm-none-eabi/lib/armv7-m/libm.a(lib_a-s_rint.o)
                0x080059e8                rint
 .text.fabsf    0x08005b08        0x8 /home/ne23kaj2/programme/gcc-arm-none-eabi-5_4-2016q3/bin/../lib/gcc/arm-none-eabi/5.4.1/../../../../arm-none-eabi/lib/armv7-m/libm.a(lib_a-sf_fabs.o)
                0x08005b08                fabsf
 .text.finitef  0x08005b10       0x10 /home/ne23kaj2/programme/gcc-arm-none-eabi-5_4-2016q3/bin/../lib/gcc/arm-none-eabi/5.4.1/../../../../arm-none-eabi/lib/armv7-m/libm.a(lib_a-sf_finite.o)
                0x08005b10                finitef
 .text.nanf     0x08005b20        0x8 /home/ne23kaj2/programme/gcc-arm-none-eabi-5_4-2016q3/bin/../lib/gcc/arm-none-eabi/5.4.1/../../../../arm-none-eabi/lib/armv7-m/libm.a(lib_a-sf_nan.o)
                0x08005b20                nanf
 .text.scalbnf  0x08005b28       0xb0 /home/ne23kaj2/programme/gcc-arm-none-eabi-5_4-2016q3/bin/../lib/gcc/arm-none-eabi/5.4.1/../../../../arm-none-eabi/lib/armv7-m/libm.a(lib_a-sf_scalbn.o)
                0x08005b28                scalbnf
 .text.copysignf
                0x08005bd8        0xc /home/ne23kaj2/programme/gcc-arm-none-eabi-5_4-2016q3/bin/../lib/gcc/arm-none-eabi/5.4.1/../../../../arm-none-eabi/lib/armv7-m/libm.a(lib_a-sf_copysign.o)
                0x08005bd8                copysignf
 .text          0x08005be4      0x370 /home/ne23kaj2/programme/gcc-arm-none-eabi-5_4-2016q3/bin/../lib/gcc/arm-none-eabi/5.4.1/armv7-m/libgcc.a(_arm_addsubdf3.o)
                0x08005be4                __aeabi_drsub
                0x08005bec                __aeabi_dsub
                0x08005bec                __subdf3
                0x08005bf0                __adddf3
                0x08005bf0                __aeabi_dadd
                0x08005e68                __aeabi_ui2d
                0x08005e68                __floatunsidf
                0x08005e88                __floatsidf
                0x08005e88                __aeabi_i2d
                0x08005eac                __extendsfdf2
                0x08005eac                __aeabi_f2d
                0x08005ee8                __aeabi_ul2d
                0x08005ee8                __floatundidf
                0x08005ef8                __floatdidf
                0x08005ef8                __aeabi_l2d
 .text          0x08005f54      0x424 /home/ne23kaj2/programme/gcc-arm-none-eabi-5_4-2016q3/bin/../lib/gcc/arm-none-eabi/5.4.1/armv7-m/libgcc.a(_arm_muldivdf3.o)
                0x08005f54                __aeabi_dmul
                0x08005f54                __muldf3
                0x080061a8                __aeabi_ddiv
                0x080061a8                __divdf3
 .text          0x08006378      0x110 /home/ne23kaj2/programme/gcc-arm-none-eabi-5_4-2016q3/bin/../lib/gcc/arm-none-eabi/5.4.1/armv7-m/libgcc.a(_arm_cmpdf2.o)
                0x08006378                __gtdf2
                0x08006378                __gedf2
                0x08006380                __ltdf2
                0x08006380                __ledf2
                0x08006388                __cmpdf2
                0x08006388                __eqdf2
                0x08006388                __nedf2
                0x08006404                __aeabi_cdrcmple
                0x08006414                __aeabi_cdcmple
                0x08006414                __aeabi_cdcmpeq
                0x08006424                __aeabi_dcmpeq
                0x08006438                __aeabi_dcmplt
                0x0800644c                __aeabi_dcmple
                0x08006460                __aeabi_dcmpge
                0x08006474                __aeabi_dcmpgt
 .text          0x08006488       0xa0 /home/ne23kaj2/programme/gcc-arm-none-eabi-5_4-2016q3/bin/../lib/gcc/arm-none-eabi/5.4.1/armv7-m/libgcc.a(_arm_truncdfsf2.o)
                0x08006488                __aeabi_d2f
                0x08006488                __truncdfsf2
 .text          0x08006528      0x21c /home/ne23kaj2/programme/gcc-arm-none-eabi-5_4-2016q3/bin/../lib/gcc/arm-none-eabi/5.4.1/armv7-m/libgcc.a(_arm_addsubsf3.o)
                0x08006528                __aeabi_frsub
                0x08006530                __subsf3
                0x08006530                __aeabi_fsub
                0x08006534                __aeabi_fadd
                0x08006534                __addsf3
                0x08006694                __aeabi_ui2f
                0x08006694                __floatunsisf
                0x0800669c                __aeabi_i2f
                0x0800669c                __floatsisf
                0x080066b8                __floatundisf
                0x080066b8                __aeabi_ul2f
                0x080066c8                __floatdisf
                0x080066c8                __aeabi_l2f
 .text          0x08006744      0x2a0 /home/ne23kaj2/programme/gcc-arm-none-eabi-5_4-2016q3/bin/../lib/gcc/arm-none-eabi/5.4.1/armv7-m/libgcc.a(_arm_muldivsf3.o)
                0x08006744                __mulsf3
                0x08006744                __aeabi_fmul
                0x080068ac                __divsf3
                0x080068ac                __aeabi_fdiv
 .text          0x080069e4       0xec /home/ne23kaj2/programme/gcc-arm-none-eabi-5_4-2016q3/bin/../lib/gcc/arm-none-eabi/5.4.1/armv7-m/libgcc.a(_arm_cmpsf2.o)
                0x080069e4                __gtsf2
                0x080069e4                __gesf2
                0x080069ec                __lesf2
                0x080069ec                __ltsf2
                0x080069f4                __nesf2
                0x080069f4                __eqsf2
                0x080069f4                __cmpsf2
                0x08006a54                __aeabi_cfrcmple
                0x08006a5c                __aeabi_cfcmple
                0x08006a5c                __aeabi_cfcmpeq
                0x08006a6c                __aeabi_fcmpeq
                0x08006a80                __aeabi_fcmplt
                0x08006a94                __aeabi_fcmple
                0x08006aa8                __aeabi_fcmpge
                0x08006abc                __aeabi_fcmpgt
 .text          0x08006ad0       0x2c /home/ne23kaj2/programme/gcc-arm-none-eabi-5_4-2016q3/bin/../lib/gcc/arm-none-eabi/5.4.1/armv7-m/libgcc.a(_arm_unordsf2.o)
                0x08006ad0                __aeabi_fcmpun
                0x08006ad0                __unordsf2
 .text          0x08006afc       0x40 /home/ne23kaj2/programme/gcc-arm-none-eabi-5_4-2016q3/bin/../lib/gcc/arm-none-eabi/5.4.1/armv7-m/libgcc.a(_arm_fixunssfsi.o)
                0x08006afc                __aeabi_f2uiz
                0x08006afc                __fixunssfsi
 .text.__errno  0x08006b3c        0xc /home/ne23kaj2/programme/gcc-arm-none-eabi-5_4-2016q3/bin/../lib/gcc/arm-none-eabi/5.4.1/../../../../arm-none-eabi/lib/armv7-m/libg.a(lib_a-errno.o)
                0x08006b3c                __errno
 .text.__get_current_locale
                0x08006b48       0x18 /home/ne23kaj2/programme/gcc-arm-none-eabi-5_4-2016q3/bin/../lib/gcc/arm-none-eabi/5.4.1/../../../../arm-none-eabi/lib/armv7-m/libg.a(lib_a-locale.o)
 .text.__locale_ctype_ptr
                0x08006b60       0x14 /home/ne23kaj2/programme/gcc-arm-none-eabi-5_4-2016q3/bin/../lib/gcc/arm-none-eabi/5.4.1/../../../../arm-none-eabi/lib/armv7-m/libg.a(lib_a-locale.o)
                0x08006b60                __locale_ctype_ptr
 .text._malloc_r
                0x08006b74      0x558 /home/ne23kaj2/programme/gcc-arm-none-eabi-5_4-2016q3/bin/../lib/gcc/arm-none-eabi/5.4.1/../../../../arm-none-eabi/lib/armv7-m/libg.a(lib_a-mallocr.o)
                0x08006b74                _malloc_r
 .text.__ascii_mbtowc
                0x080070cc       0x2c /home/ne23kaj2/programme/gcc-arm-none-eabi-5_4-2016q3/bin/../lib/gcc/arm-none-eabi/5.4.1/../../../../arm-none-eabi/lib/armv7-m/libg.a(lib_a-mbtowc_r.o)
                0x080070cc                __ascii_mbtowc
 .text          0x080070f8       0xec /home/ne23kaj2/programme/gcc-arm-none-eabi-5_4-2016q3/bin/../lib/gcc/arm-none-eabi/5.4.1/../../../../arm-none-eabi/lib/armv7-m/libg.a(lib_a-memcpy.o)
                0x080070f8                memcpy
 .text.memset   0x080071e4       0x9c /home/ne23kaj2/programme/gcc-arm-none-eabi-5_4-2016q3/bin/../lib/gcc/arm-none-eabi/5.4.1/../../../../arm-none-eabi/lib/armv7-m/libg.a(lib_a-memset.o)
                0x080071e4                memset
 .text.__malloc_lock
                0x08007280        0x4 /home/ne23kaj2/programme/gcc-arm-none-eabi-5_4-2016q3/bin/../lib/gcc/arm-none-eabi/5.4.1/../../../../arm-none-eabi/lib/armv7-m/libg.a(lib_a-mlock.o)
                0x08007280                __malloc_lock
 .text.__malloc_unlock
                0x08007284        0x4 /home/ne23kaj2/programme/gcc-arm-none-eabi-5_4-2016q3/bin/../lib/gcc/arm-none-eabi/5.4.1/../../../../arm-none-eabi/lib/armv7-m/libg.a(lib_a-mlock.o)
                0x08007284                __malloc_unlock
 .text._sbrk_r  0x08007288       0x24 /home/ne23kaj2/programme/gcc-arm-none-eabi-5_4-2016q3/bin/../lib/gcc/arm-none-eabi/5.4.1/../../../../arm-none-eabi/lib/armv7-m/libg.a(lib_a-sbrkr.o)
                0x08007288                _sbrk_r
 .text          0x080072ac      0x1bc /home/ne23kaj2/programme/gcc-arm-none-eabi-5_4-2016q3/bin/../lib/gcc/arm-none-eabi/5.4.1/../../../../arm-none-eabi/lib/armv7-m/libg.a(lib_a-strcmp.o)
                0x080072ac                strcmp
 .text.strlen   0x08007468       0x5c /home/ne23kaj2/programme/gcc-arm-none-eabi-5_4-2016q3/bin/../lib/gcc/arm-none-eabi/5.4.1/../../../../arm-none-eabi/lib/armv7-m/libg.a(lib_a-strlen-stub.o)
                0x08007468                strlen
 .text._vsnprintf_r
                0x080074c4       0x70 /home/ne23kaj2/programme/gcc-arm-none-eabi-5_4-2016q3/bin/../lib/gcc/arm-none-eabi/5.4.1/../../../../arm-none-eabi/lib/armv7-m/libg.a(lib_a-vsnprintf.o)
                0x080074c4                _vsnprintf_r
 .text.vsnprintf
                0x08007534       0x20 /home/ne23kaj2/programme/gcc-arm-none-eabi-5_4-2016q3/bin/../lib/gcc/arm-none-eabi/5.4.1/../../../../arm-none-eabi/lib/armv7-m/libg.a(lib_a-vsnprintf.o)
                0x08007534                vsnprintf
 .text.__ascii_wctomb
                0x08007554       0x1c /home/ne23kaj2/programme/gcc-arm-none-eabi-5_4-2016q3/bin/../lib/gcc/arm-none-eabi/5.4.1/../../../../arm-none-eabi/lib/armv7-m/libg.a(lib_a-wctomb_r.o)
                0x08007554                __ascii_wctomb
 .text._malloc_trim_r
                0x08007570       0x9c /home/ne23kaj2/programme/gcc-arm-none-eabi-5_4-2016q3/bin/../lib/gcc/arm-none-eabi/5.4.1/../../../../arm-none-eabi/lib/armv7-m/libg.a(lib_a-freer.o)
                0x08007570                _malloc_trim_r
 .text._free_r  0x0800760c      0x1d0 /home/ne23kaj2/programme/gcc-arm-none-eabi-5_4-2016q3/bin/../lib/gcc/arm-none-eabi/5.4.1/../../../../arm-none-eabi/lib/armv7-m/libg.a(lib_a-freer.o)
                0x0800760c                _free_r
 .text._svfprintf_r
                0x080077dc     0x1760 /home/ne23kaj2/programme/gcc-arm-none-eabi-5_4-2016q3/bin/../lib/gcc/arm-none-eabi/5.4.1/../../../../arm-none-eabi/lib/armv7-m/libg.a(lib_a-svfprintf.o)
                0x080077dc                _svfprintf_r
 .text.quorem   0x08008f3c      0x12c /home/ne23kaj2/programme/gcc-arm-none-eabi-5_4-2016q3/bin/../lib/gcc/arm-none-eabi/5.4.1/../../../../arm-none-eabi/lib/armv7-m/libg.a(lib_a-dtoa.o)
 .text._dtoa_r  0x08009068      0xe4c /home/ne23kaj2/programme/gcc-arm-none-eabi-5_4-2016q3/bin/../lib/gcc/arm-none-eabi/5.4.1/../../../../arm-none-eabi/lib/armv7-m/libg.a(lib_a-dtoa.o)
                0x08009068                _dtoa_r
 .text._localeconv_r
                0x08009eb4       0x1c /home/ne23kaj2/programme/gcc-arm-none-eabi-5_4-2016q3/bin/../lib/gcc/arm-none-eabi/5.4.1/../../../../arm-none-eabi/lib/armv7-m/libg.a(lib_a-localeconv.o)
                0x08009eb4                _localeconv_r
 .text.memchr   0x08009ed0       0x8c /home/ne23kaj2/programme/gcc-arm-none-eabi-5_4-2016q3/bin/../lib/gcc/arm-none-eabi/5.4.1/../../../../arm-none-eabi/lib/armv7-m/libg.a(lib_a-memchr-stub.o)
                0x08009ed0                memchr
 .text._Balloc  0x08009f5c       0x50 /home/ne23kaj2/programme/gcc-arm-none-eabi-5_4-2016q3/bin/../lib/gcc/arm-none-eabi/5.4.1/../../../../arm-none-eabi/lib/armv7-m/libg.a(lib_a-mprec.o)
                0x08009f5c                _Balloc
 .text._Bfree   0x08009fac       0x14 /home/ne23kaj2/programme/gcc-arm-none-eabi-5_4-2016q3/bin/../lib/gcc/arm-none-eabi/5.4.1/../../../../arm-none-eabi/lib/armv7-m/libg.a(lib_a-mprec.o)
                0x08009fac                _Bfree
 .text.__multadd
                0x08009fc0       0x80 /home/ne23kaj2/programme/gcc-arm-none-eabi-5_4-2016q3/bin/../lib/gcc/arm-none-eabi/5.4.1/../../../../arm-none-eabi/lib/armv7-m/libg.a(lib_a-mprec.o)
                0x08009fc0                __multadd
 .text.__hi0bits
                0x0800a040       0x40 /home/ne23kaj2/programme/gcc-arm-none-eabi-5_4-2016q3/bin/../lib/gcc/arm-none-eabi/5.4.1/../../../../arm-none-eabi/lib/armv7-m/libg.a(lib_a-mprec.o)
                0x0800a040                __hi0bits
 .text.__lo0bits
                0x0800a080       0x5c /home/ne23kaj2/programme/gcc-arm-none-eabi-5_4-2016q3/bin/../lib/gcc/arm-none-eabi/5.4.1/../../../../arm-none-eabi/lib/armv7-m/libg.a(lib_a-mprec.o)
                0x0800a080                __lo0bits
 .text.__i2b    0x0800a0dc       0x14 /home/ne23kaj2/programme/gcc-arm-none-eabi-5_4-2016q3/bin/../lib/gcc/arm-none-eabi/5.4.1/../../../../arm-none-eabi/lib/armv7-m/libg.a(lib_a-mprec.o)
                0x0800a0dc                __i2b
 .text.__multiply
                0x0800a0f0      0x13c /home/ne23kaj2/programme/gcc-arm-none-eabi-5_4-2016q3/bin/../lib/gcc/arm-none-eabi/5.4.1/../../../../arm-none-eabi/lib/armv7-m/libg.a(lib_a-mprec.o)
                0x0800a0f0                __multiply
 .text.__pow5mult
                0x0800a22c       0xa0 /home/ne23kaj2/programme/gcc-arm-none-eabi-5_4-2016q3/bin/../lib/gcc/arm-none-eabi/5.4.1/../../../../arm-none-eabi/lib/armv7-m/libg.a(lib_a-mprec.o)
                0x0800a22c                __pow5mult
 .text.__lshift
                0x0800a2cc       0xac /home/ne23kaj2/programme/gcc-arm-none-eabi-5_4-2016q3/bin/../lib/gcc/arm-none-eabi/5.4.1/../../../../arm-none-eabi/lib/armv7-m/libg.a(lib_a-mprec.o)
                0x0800a2cc                __lshift
 .text.__mcmp   0x0800a378       0x40 /home/ne23kaj2/programme/gcc-arm-none-eabi-5_4-2016q3/bin/../lib/gcc/arm-none-eabi/5.4.1/../../../../arm-none-eabi/lib/armv7-m/libg.a(lib_a-mprec.o)
                0x0800a378                __mcmp
 .text.__mdiff  0x0800a3b8      0x128 /home/ne23kaj2/programme/gcc-arm-none-eabi-5_4-2016q3/bin/../lib/gcc/arm-none-eabi/5.4.1/../../../../arm-none-eabi/lib/armv7-m/libg.a(lib_a-mprec.o)
                0x0800a3b8                __mdiff
 .text.__d2b    0x0800a4e0       0xa8 /home/ne23kaj2/programme/gcc-arm-none-eabi-5_4-2016q3/bin/../lib/gcc/arm-none-eabi/5.4.1/../../../../arm-none-eabi/lib/armv7-m/libg.a(lib_a-mprec.o)
                0x0800a4e0                __d2b
 .text.__ssprint_r
                0x0800a588      0x100 /home/ne23kaj2/programme/gcc-arm-none-eabi-5_4-2016q3/bin/../lib/gcc/arm-none-eabi/5.4.1/../../../../arm-none-eabi/lib/armv7-m/libg.a(lib_a-svfiprintf.o)
                0x0800a588                __ssprint_r
 .text._calloc_r
                0x0800a688       0x60 /home/ne23kaj2/programme/gcc-arm-none-eabi-5_4-2016q3/bin/../lib/gcc/arm-none-eabi/5.4.1/../../../../arm-none-eabi/lib/armv7-m/libg.a(lib_a-callocr.o)
                0x0800a688                _calloc_r
 .text.memmove  0x0800a6e8       0xc8 /home/ne23kaj2/programme/gcc-arm-none-eabi-5_4-2016q3/bin/../lib/gcc/arm-none-eabi/5.4.1/../../../../arm-none-eabi/lib/armv7-m/libg.a(lib_a-memmove.o)
                0x0800a6e8                memmove
 .text._realloc_r
                0x0800a7b0      0x3d4 /home/ne23kaj2/programme/gcc-arm-none-eabi-5_4-2016q3/bin/../lib/gcc/arm-none-eabi/5.4.1/../../../../arm-none-eabi/lib/armv7-m/libg.a(lib_a-reallocr.o)
                0x0800a7b0                _realloc_r
 .text          0x0800ab84       0x2c /home/ne23kaj2/programme/gcc-arm-none-eabi-5_4-2016q3/bin/../lib/gcc/arm-none-eabi/5.4.1/armv7-m/libgcc.a(_arm_unorddf2.o)
                0x0800ab84                __aeabi_dcmpun
                0x0800ab84                __unorddf2
 .text          0x0800abb0       0x50 /home/ne23kaj2/programme/gcc-arm-none-eabi-5_4-2016q3/bin/../lib/gcc/arm-none-eabi/5.4.1/armv7-m/libgcc.a(_arm_fixdfsi.o)
                0x0800abb0                __fixdfsi
                0x0800abb0                __aeabi_d2iz
 .text          0x0800ac00       0x30 /home/ne23kaj2/programme/gcc-arm-none-eabi-5_4-2016q3/bin/../lib/gcc/arm-none-eabi/5.4.1/armv7-m/libgcc.a(_aeabi_uldivmod.o)
                0x0800ac00                __aeabi_uldivmod
 .text          0x0800ac30      0x2ec /home/ne23kaj2/programme/gcc-arm-none-eabi-5_4-2016q3/bin/../lib/gcc/arm-none-eabi/5.4.1/armv7-m/libgcc.a(_udivmoddi4.o)
                0x0800ac30                __udivmoddi4
 .text          0x0800af1c        0x4 /home/ne23kaj2/programme/gcc-arm-none-eabi-5_4-2016q3/bin/../lib/gcc/arm-none-eabi/5.4.1/armv7-m/libgcc.a(_dvmd_tls.o)
                0x0800af1c                __aeabi_ldiv0
                0x0800af1c                __aeabi_idiv0
 *(.rodata .rodata.* .constdata .constdata.*)
 .rodata.Virtual_Com_Port_StringVendor
                0x0800af20       0x26 ./vcp/src/usb_desc.o
                0x0800af20                Virtual_Com_Port_StringVendor
 .rodata.Virtual_Com_Port_DeviceDescriptor
                0x0800af46       0x12 ./vcp/src/usb_desc.o
                0x0800af46                Virtual_Com_Port_DeviceDescriptor
 .rodata.Virtual_Com_Port_StringLangID
                0x0800af58        0x4 ./vcp/src/usb_desc.o
                0x0800af58                Virtual_Com_Port_StringLangID
 .rodata.Virtual_Com_Port_StringProduct
                0x0800af5c       0x32 ./vcp/src/usb_desc.o
                0x0800af5c                Virtual_Com_Port_StringProduct
 .rodata.Virtual_Com_Port_ConfigDescriptor
                0x0800af8e       0x43 ./vcp/src/usb_desc.o
                0x0800af8e                Virtual_Com_Port_ConfigDescriptor
 .rodata.str1.1
                0x0800afd1        0x9 ./system/src/newlib/_syscalls.o
 .rodata.str1.1
                0x0800afda        0x4 ./system/src/cortexm/exception_handlers.o
 *fill*         0x0800afda        0x2 
 .rodata.FONT_12X16
                0x0800afdc       0x14 ./src/font12x16_reduced.o
                0x0800afdc                FONT_12X16
 .rodata.font_12x16
                0x0800aff0      0x400 ./src/font12x16_reduced.o
                0x0800aff0                font_12x16
 .rodata.str1.1
                0x0800b3f0      0xd86 ./src/icons.o
 *fill*         0x0800c176        0x2 
 .rodata.kaseikyo_param
                0x0800c178       0x44 ./src/irmp.o
 .rodata.nec_param
                0x0800c1bc       0x44 ./src/irmp.o
 .rodata.nec_rep_param
                0x0800c200       0x44 ./src/irmp.o
 .rodata.samsungah_param
                0x0800c244       0x44 ./src/irmp.o
 .rodata.sircs_param
                0x0800c288       0x44 ./src/irmp.o
 .rodata.samsung_param
                0x0800c2cc       0x44 ./src/irmp.o
 .rodata._ZTVN11ArduinoJson16StaticJsonBufferILj512EEE
                0x0800c310        0xc ./src/json.o
                0x0800c310                vtable for ArduinoJson::StaticJsonBuffer<512u>
 .rodata.str1.1
                0x0800c31c       0xa0 ./src/json.o
                                 0xa1 (size before relaxing)
 .rodata        0x0800c3bc       0x54 ./src/main.o
 .rodata.str1.1
                0x0800c410       0x4f ./src/main.o
                                 0x54 (size before relaxing)
 .rodata        0x0800c45f        0xc ./src/rtc.o
 *fill*         0x0800c46b        0x1 
 .rodata.pal_window
                0x0800c46c       0x30 ./src/ugui.o
                0x0800c46c                pal_window
 .rodata.str1.1
                0x0800c49c        0x6 ./src/usb.o
 *fill*         0x0800c4a2        0x2 
 .rodata.str1.4
                0x0800c4a4        0x5 /home/ne23kaj2/programme/gcc-arm-none-eabi-5_4-2016q3/bin/../lib/gcc/arm-none-eabi/5.4.1/../../../../arm-none-eabi/lib/armv7-m/libm.a(lib_a-wf_log.o)
                                  0x9 (size before relaxing)
 *fill*         0x0800c4a9        0x3 
 .rodata.str1.4
                0x0800c4ac        0x5 /home/ne23kaj2/programme/gcc-arm-none-eabi-5_4-2016q3/bin/../lib/gcc/arm-none-eabi/5.4.1/../../../../arm-none-eabi/lib/armv7-m/libm.a(lib_a-wf_pow.o)
 .rodata.str1.4
                0x0800c4b1        0x1 /home/ne23kaj2/programme/gcc-arm-none-eabi-5_4-2016q3/bin/../lib/gcc/arm-none-eabi/5.4.1/../../../../arm-none-eabi/lib/armv7-m/libm.a(lib_a-ef_pow.o)
 *fill*         0x0800c4b1        0x7 
 .rodata.TWO52  0x0800c4b8       0x10 /home/ne23kaj2/programme/gcc-arm-none-eabi-5_4-2016q3/bin/../lib/gcc/arm-none-eabi/5.4.1/../../../../arm-none-eabi/lib/armv7-m/libm.a(lib_a-s_rint.o)
 .rodata.str1.4
                0x0800c4c8        0xe /home/ne23kaj2/programme/gcc-arm-none-eabi-5_4-2016q3/bin/../lib/gcc/arm-none-eabi/5.4.1/../../../../arm-none-eabi/lib/armv7-m/libg.a(lib_a-locale.o)
                                 0x12 (size before relaxing)
 *fill*         0x0800c4d6        0x2 
 .rodata._ctype_
                0x0800c4d8      0x101 /home/ne23kaj2/programme/gcc-arm-none-eabi-5_4-2016q3/bin/../lib/gcc/arm-none-eabi/5.4.1/../../../../arm-none-eabi/lib/armv7-m/libg.a(lib_a-ctype_.o)
                0x0800c4d8                _ctype_
 *fill*         0x0800c5d9        0x3 
 .rodata.zeroes.7256
                0x0800c5dc       0x10 /home/ne23kaj2/programme/gcc-arm-none-eabi-5_4-2016q3/bin/../lib/gcc/arm-none-eabi/5.4.1/../../../../arm-none-eabi/lib/armv7-m/libg.a(lib_a-svfprintf.o)
 .rodata.str1.4
                0x0800c5ec       0x42 /home/ne23kaj2/programme/gcc-arm-none-eabi-5_4-2016q3/bin/../lib/gcc/arm-none-eabi/5.4.1/../../../../arm-none-eabi/lib/armv7-m/libg.a(lib_a-svfprintf.o)
 *fill*         0x0800c62e        0x2 
 .rodata.blanks.7255
                0x0800c630       0x10 /home/ne23kaj2/programme/gcc-arm-none-eabi-5_4-2016q3/bin/../lib/gcc/arm-none-eabi/5.4.1/../../../../arm-none-eabi/lib/armv7-m/libg.a(lib_a-svfprintf.o)
 .rodata.str1.4
                0x0800c640       0x10 /home/ne23kaj2/programme/gcc-arm-none-eabi-5_4-2016q3/bin/../lib/gcc/arm-none-eabi/5.4.1/../../../../arm-none-eabi/lib/armv7-m/libg.a(lib_a-dtoa.o)
                                 0x12 (size before relaxing)
 .rodata.__mprec_tens
                0x0800c650       0xc8 /home/ne23kaj2/programme/gcc-arm-none-eabi-5_4-2016q3/bin/../lib/gcc/arm-none-eabi/5.4.1/../../../../arm-none-eabi/lib/armv7-m/libg.a(lib_a-mprec.o)
                0x0800c650                __mprec_tens
 .rodata.p05.6085
                0x0800c718        0xc /home/ne23kaj2/programme/gcc-arm-none-eabi-5_4-2016q3/bin/../lib/gcc/arm-none-eabi/5.4.1/../../../../arm-none-eabi/lib/armv7-m/libg.a(lib_a-mprec.o)
 *fill*         0x0800c724        0x4 
 .rodata.__mprec_bigtens
                0x0800c728       0x28 /home/ne23kaj2/programme/gcc-arm-none-eabi-5_4-2016q3/bin/../lib/gcc/arm-none-eabi/5.4.1/../../../../arm-none-eabi/lib/armv7-m/libg.a(lib_a-mprec.o)
                0x0800c728                __mprec_bigtens
 *(vtable)
 *(.eh_frame*)
 *(.glue_7)
 .glue_7        0x0800c750        0x0 linker stubs
 *(.glue_7t)
 .glue_7t       0x0800c750        0x0 linker stubs

.vfp11_veneer   0x0800c750        0x0
 .vfp11_veneer  0x0800c750        0x0 linker stubs

.v4_bx          0x0800c750        0x0
 .v4_bx         0x0800c750        0x0 linker stubs

.iplt           0x0800c750        0x0
 .iplt          0x0800c750        0x0 ./vcp/src/hw_config.o

.ARM.extab
 *(.ARM.extab* .gnu.linkonce.armextab.*)
                0x0800c750                . = ALIGN (0x4)
                0x0800c750                __exidx_start = .

.ARM.exidx      0x0800c750        0x8
 *(.ARM.exidx* .gnu.linkonce.armexidx.*)
 .ARM.exidx     0x0800c750        0x8 /home/ne23kaj2/programme/gcc-arm-none-eabi-5_4-2016q3/bin/../lib/gcc/arm-none-eabi/5.4.1/armv7-m/libgcc.a(_udivmoddi4.o)
                0x0800c758                __exidx_end = .

.rel.dyn        0x0800c758        0x0
 .rel.iplt      0x0800c758        0x0 ./vcp/src/hw_config.o
                0x0800c758                . = ALIGN (0x4)
                0x0800c758                _etext = .
                0x0800c758                __etext = .

.data_CCMRAM    0x00000000        0x0 load address 0x0800c758
 FILL mask 0xff
 *(.data.CCMRAM .data.CCMRAM.*)
                0x00000000                . = ALIGN (0x4)
                0x0800c758                _sidata = LOADADDR (.data)

.data           0x20000000     0x1038 load address 0x0800c758
 FILL mask 0xff
                0x20000000                _sdata = .
                0x20000000                __data_start__ = .
 *(.data_begin .data_begin.*)
 *(.data .data.*)
 .data.Virtual_Com_Port_StringSerial
                0x20000000       0x1a ./vcp/src/usb_desc.o
                0x20000000                Virtual_Com_Port_StringSerial
 *fill*         0x2000001a        0x2 ff
 .data.pEpInt_IN
                0x2000001c       0x1c ./vcp/src/usb_istr.o
                0x2000001c                pEpInt_IN
 .data.pEpInt_OUT
                0x20000038       0x1c ./vcp/src/usb_istr.o
                0x20000038                pEpInt_OUT
 .data.Config_Descriptor
                0x20000054        0x8 ./vcp/src/usb_prop.o
                0x20000054                Config_Descriptor
 .data.Device_Property
                0x2000005c       0x30 ./vcp/src/usb_prop.o
                0x2000005c                Device_Property
 .data.User_Standard_Requests
                0x2000008c       0x24 ./vcp/src/usb_prop.o
                0x2000008c                User_Standard_Requests
 .data.Device_Descriptor
                0x200000b0        0x8 ./vcp/src/usb_prop.o
                0x200000b0                Device_Descriptor
 .data.String_Descriptor
                0x200000b8       0x20 ./vcp/src/usb_prop.o
                0x200000b8                String_Descriptor
 .data.linecoding
                0x200000d8        0x8 ./vcp/src/usb_prop.o
                0x200000d8                linecoding
 .data.Device_Table
                0x200000e0        0x2 ./vcp/src/usb_prop.o
                0x200000e0                Device_Table
 .data.fSuspendEnabled
                0x200000e2        0x1 ./vcp/src/usb_pwr.o
                0x200000e2                fSuspendEnabled
 .data.ADCPrescTable
                0x200000e3        0x4 ./system/src/stm32f1-stdperiph/stm32f10x_rcc.o
 .data.APBAHBPrescTable
                0x200000e7       0x10 ./system/src/stm32f1-stdperiph/stm32f10x_rcc.o
 .data.AHBPrescTable
                0x200000f7       0x10 ./system/src/cmsis/system_stm32f10x.o
                0x200000f7                AHBPrescTable
 *fill*         0x20000107        0x1 ff
 .data.SystemCoreClock
                0x20000108        0x4 ./system/src/cmsis/system_stm32f10x.o
                0x20000108                SystemCoreClock
 .data.Font5x7  0x2000010c      0x4fb ./src/font5x7.o
                0x2000010c                Font5x7
 *fill*         0x20000607        0x1 ff
 .data.icon_contrast
                0x20000608        0x4 ./src/icons.o
                0x20000608                icon_contrast
 .data.icon_timer
                0x2000060c        0x4 ./src/icons.o
                0x2000060c                icon_timer
 .data.icon_back
                0x20000610        0x4 ./src/icons.o
                0x20000610                icon_back
 .data.icon_brightness
                0x20000614        0x4 ./src/icons.o
                0x20000614                icon_brightness
 .data.icon_time
                0x20000618        0x4 ./src/icons.o
                0x20000618                icon_time
 .data.icon_date
                0x2000061c        0x4 ./src/icons.o
                0x2000061c                icon_date
 .data.last_irmp_address.7158
                0x20000620        0x4 ./src/irmp.o
 .data.last_irmp_command.7159
                0x20000624        0x4 ./src/irmp.o
 .data._ZL8dayNames
                0x20000628       0x54 ./src/json.o
 .data.font     0x2000067c        0x4 ./src/main.o
                0x2000067c                font
 .data.packet_sent
                0x20000680        0x4 ./src/usb.o
                0x20000680                packet_sent
 .data.packet_receive
                0x20000684        0x4 ./src/usb.o
                0x20000684                packet_receive
 .data.__fdlib_version
                0x20000688        0x1 /home/ne23kaj2/programme/gcc-arm-none-eabi-5_4-2016q3/bin/../lib/gcc/arm-none-eabi/5.4.1/../../../../arm-none-eabi/lib/armv7-m/libm.a(lib_a-s_lib_ver.o)
                0x20000688                __fdlib_version
 *fill*         0x20000689        0x7 ff
 .data.impure_data
                0x20000690      0x428 /home/ne23kaj2/programme/gcc-arm-none-eabi-5_4-2016q3/bin/../lib/gcc/arm-none-eabi/5.4.1/../../../../arm-none-eabi/lib/armv7-m/libg.a(lib_a-impure.o)
 .data._impure_ptr
                0x20000ab8        0x4 /home/ne23kaj2/programme/gcc-arm-none-eabi-5_4-2016q3/bin/../lib/gcc/arm-none-eabi/5.4.1/../../../../arm-none-eabi/lib/armv7-m/libg.a(lib_a-impure.o)
                0x20000ab8                _impure_ptr
 .data.__global_locale
                0x20000abc      0x16c /home/ne23kaj2/programme/gcc-arm-none-eabi-5_4-2016q3/bin/../lib/gcc/arm-none-eabi/5.4.1/../../../../arm-none-eabi/lib/armv7-m/libg.a(lib_a-locale.o)
                0x20000abc                __global_locale
 .data.__malloc_av_
                0x20000c28      0x408 /home/ne23kaj2/programme/gcc-arm-none-eabi-5_4-2016q3/bin/../lib/gcc/arm-none-eabi/5.4.1/../../../../arm-none-eabi/lib/armv7-m/libg.a(lib_a-mallocr.o)
                0x20000c28                __malloc_av_
 .data.__malloc_trim_threshold
                0x20001030        0x4 /home/ne23kaj2/programme/gcc-arm-none-eabi-5_4-2016q3/bin/../lib/gcc/arm-none-eabi/5.4.1/../../../../arm-none-eabi/lib/armv7-m/libg.a(lib_a-mallocr.o)
                0x20001030                __malloc_trim_threshold
 .data.__malloc_sbrk_base
                0x20001034        0x4 /home/ne23kaj2/programme/gcc-arm-none-eabi-5_4-2016q3/bin/../lib/gcc/arm-none-eabi/5.4.1/../../../../arm-none-eabi/lib/armv7-m/libg.a(lib_a-mallocr.o)
                0x20001034                __malloc_sbrk_base
 *(.data_end .data_end.*)
                0x20001038                . = ALIGN (0x4)
                0x20001038                _edata = .
                0x20001038                __data_end__ = .

.igot.plt       0x20001038        0x0 load address 0x0800d790
 .igot.plt      0x20001038        0x0 ./vcp/src/hw_config.o

.bss_CCMRAM     0x00000000        0x0
 *(.bss.CCMRAM .bss.CCMRAM.*)

.bss            0x20001038     0x1294
                0x20001038                __bss_start__ = .
                0x20001038                _sbss = .
 *(.bss_begin .bss_begin.*)
 *(.bss .bss.*)
 .bss.wCNTR     0x20001038        0x4 ./vcp/src/usb_istr.o
                0x20001038                wCNTR
 .bss.bIntPackSOF
                0x2000103c        0x1 ./vcp/src/usb_istr.o
                0x2000103c                bIntPackSOF
 *fill*         0x2000103d        0x3 
 .bss.esof_counter
                0x20001040        0x4 ./vcp/src/usb_istr.o
                0x20001040                esof_counter
 .bss.Request   0x20001044        0x1 ./vcp/src/usb_prop.o
                0x20001044                Request
 *fill*         0x20001045        0x3 
 .bss.bDeviceState
                0x20001048        0x4 ./vcp/src/usb_pwr.o
                0x20001048                bDeviceState
 .bss.remotewakeupon
                0x2000104c        0x4 ./vcp/src/usb_pwr.o
                0x2000104c                remotewakeupon
 .bss.current_heap_end.4454
                0x20001050        0x4 ./system/src/newlib/_sbrk.o
 .bss.monitor_stdout
                0x20001054        0x4 ./system/src/newlib/_syscalls.o
 .bss.args_buf.6307
                0x20001058       0x50 ./system/src/newlib/_syscalls.o
 .bss.monitor_stdin
                0x200010a8        0x4 ./system/src/newlib/_syscalls.o
 .bss.argv_buf.6308
                0x200010ac       0x28 ./system/src/newlib/_syscalls.o
 .bss.monitor_stderr
                0x200010d4        0x4 ./system/src/newlib/_syscalls.o
 .bss.openfiles
                0x200010d8       0xa0 ./system/src/newlib/_syscalls.o
 .bss.timer_delayCount
                0x20001178        0x4 ./src/Timer.o
                0x20001178                timer_delayCount
 .bss.ticks     0x2000117c        0x4 ./src/Timer.o
                0x2000117c                ticks
 .bss.irmp_pause_time.7157
                0x20001180        0x1 ./src/irmp.o
 *fill*         0x20001181        0x3 
 .bss.irmp_address
                0x20001184        0x4 ./src/irmp.o
 .bss.wait_for_space.7154
                0x20001188        0x4 ./src/irmp.o
 .bss.irmp_command
                0x2000118c        0x4 ./src/irmp.o
 .bss.irmp_bit  0x20001190        0x4 ./src/irmp.o
 .bss.key_repetition_len.7160
                0x20001194        0x4 ./src/irmp.o
 .bss.irmp_id   0x20001198        0x4 ./src/irmp.o
 .bss.wait_for_start_space.7155
                0x2000119c        0x4 ./src/irmp.o
 .bss.irmp_pulse_time.7156
                0x200011a0        0x4 ./src/irmp.o
 .bss.xor_check
                0x200011a4        0x6 ./src/irmp.o
 *fill*         0x200011aa        0x2 
 .bss.irmp_param
                0x200011ac       0x44 ./src/irmp.o
 .bss.irmp_tmp_address
                0x200011f0        0x4 ./src/irmp.o
 .bss.repetition_frame_number.7161
                0x200011f4        0x4 ./src/irmp.o
 .bss.irmp_flags
                0x200011f8        0x4 ./src/irmp.o
 .bss.irmp_protocol
                0x200011fc        0x4 ./src/irmp.o
 .bss.irmp_start_bit_detected.7153
                0x20001200        0x4 ./src/irmp.o
 .bss.irmp_tmp_id
                0x20001204        0x4 ./src/irmp.o
 .bss.genre2    0x20001208        0x4 ./src/irmp.o
 .bss.irmp_tmp_command
                0x2000120c        0x4 ./src/irmp.o
 .bss.irmp_ir_detected
                0x20001210        0x4 ./src/irmp.o
 .bss._ZGVZN11ArduinoJson10JsonObject7invalidEvE8instance
                0x20001214        0x4 ./src/json.o
                0x20001214                guard variable for ArduinoJson::JsonObject::invalid()::instance
 .bss._ZZN11ArduinoJson10JsonObject7invalidEvE8instance
                0x20001218        0x8 ./src/json.o
                0x20001218                ArduinoJson::JsonObject::invalid()::instance
 .bss._ZGVZN11ArduinoJson9JsonArray7invalidEvE8instance
                0x20001220        0x4 ./src/json.o
                0x20001220                guard variable for ArduinoJson::JsonArray::invalid()::instance
 .bss._ZZN11ArduinoJson9JsonArray7invalidEvE8instance
                0x20001224        0x8 ./src/json.o
                0x20001224                ArduinoJson::JsonArray::invalid()::instance
 .bss._ZL5txbuf
                0x2000122c      0x200 ./src/json.o
 .bss._ZL7txwrptr
                0x2000142c        0x4 ./src/json.o
 .bss._ZL7lcddata
                0x20001430      0x100 ./src/lcd64x32.o
 .bss._ZL9lcd2ndbuf
                0x20001530      0x100 ./src/lcd64x32.o
 .bss.irmp_data
                0x20001630        0x6 ./src/main.o
                0x20001630                irmp_data
 .bss.lutpwm    0x20001636      0x800 ./src/main.o
                0x20001636                lutpwm
 .bss.RTC_DateStructure
                0x20001e36        0x4 ./src/main.o
                0x20001e36                RTC_DateStructure
 .bss.RTC_TimeStructure
                0x20001e3a        0x3 ./src/main.o
                0x20001e3a                RTC_TimeStructure
 *fill*         0x20001e3d        0x3 
 .bss._ZL3gui   0x20001e40       0x70 ./src/main.o
 .bss._ZL4last  0x20001eb0        0x1 ./src/rotenc.o
 .bss._ZL9enc_delta
                0x20001eb1        0x1 ./src/rotenc.o
 .bss.time      0x20001eb2        0x3 ./src/rtc.o
                0x20001eb2                time
 .bss.date      0x20001eb5        0x4 ./src/rtc.o
                0x20001eb5                date
 *fill*         0x20001eb9        0x3 
 .bss.msg.5192  0x20001ebc        0x8 ./src/ugui.o
 .bss.gui       0x20001ec4        0x4 ./src/ugui.o
 .bss._ZL8usbrxbuf
                0x20001ec8      0x100 ./src/usb.o
 .bss._ZL8usbwrptr
                0x20001fc8        0x4 ./src/usb.o
 .bss._ZL10rxbufrdptr
                0x20001fcc        0x4 ./src/usb.o
 .bss._ZL10rxbufwrptr
                0x20001fd0        0x4 ./src/usb.o
 .bss._ZL5rxbuf
                0x20001fd4      0x200 ./src/usb.o
 .bss.Data_Mul_MaxPacketSize
                0x200021d4        0x1 ./STM32_USB-FS-Device_Driver/src/usb_core.o
                0x200021d4                Data_Mul_MaxPacketSize
 *fill*         0x200021d5        0x3 
 .bss.DevRemoteWakeup
                0x200021d8        0x4 ./STM32_USB-FS-Device_Driver/src/usb_core.o
                0x200021d8                DevRemoteWakeup
 .bss.__malloc_max_total_mem
                0x200021dc        0x4 /home/ne23kaj2/programme/gcc-arm-none-eabi-5_4-2016q3/bin/../lib/gcc/arm-none-eabi/5.4.1/../../../../arm-none-eabi/lib/armv7-m/libg.a(lib_a-mallocr.o)
                0x200021dc                __malloc_max_total_mem
 .bss.__malloc_max_sbrked_mem
                0x200021e0        0x4 /home/ne23kaj2/programme/gcc-arm-none-eabi-5_4-2016q3/bin/../lib/gcc/arm-none-eabi/5.4.1/../../../../arm-none-eabi/lib/armv7-m/libg.a(lib_a-mallocr.o)
                0x200021e0                __malloc_max_sbrked_mem
 .bss.__malloc_top_pad
                0x200021e4        0x4 /home/ne23kaj2/programme/gcc-arm-none-eabi-5_4-2016q3/bin/../lib/gcc/arm-none-eabi/5.4.1/../../../../arm-none-eabi/lib/armv7-m/libg.a(lib_a-mallocr.o)
                0x200021e4                __malloc_top_pad
 .bss.__malloc_current_mallinfo
                0x200021e8       0x28 /home/ne23kaj2/programme/gcc-arm-none-eabi-5_4-2016q3/bin/../lib/gcc/arm-none-eabi/5.4.1/../../../../arm-none-eabi/lib/armv7-m/libg.a(lib_a-mallocr.o)
                0x200021e8                __malloc_current_mallinfo
 *(COMMON)
 COMMON         0x20002210       0x50 ./vcp/src/hw_config.o
                0x20002210                HSEStartUpStatus
                0x20002211                Receive_Buffer
                0x20002254                EXTI_InitStructure
                0x2000225c                Send_length
 COMMON         0x20002260        0x4 ./vcp/src/usb_endp.o
                0x20002260                Receive_length
 COMMON         0x20002264        0x2 ./vcp/src/usb_istr.o
                0x20002264                wIstr
 *fill*         0x20002266        0x2 
 COMMON         0x20002268       0x24 ./vcp/src/usb_pwr.o
                0x20002268                ResumeS
                0x2000226c                EP
 COMMON         0x2000228c        0x4 ./system/src/newlib/_syscalls.o
                0x2000228c                errno
 COMMON         0x20002290        0x2 ./STM32_USB-FS-Device_Driver/src/usb_core.o
                0x20002290                StatusInfo
 *fill*         0x20002292        0x2 
 COMMON         0x20002294       0x32 ./STM32_USB-FS-Device_Driver/src/usb_init.o
                0x20002294                SaveState
                0x20002298                pProperty
                0x2000229c                EPindex
                0x200022a0                Device_Info
                0x200022bc                pUser_Standard_Requests
                0x200022c0                pInformation
                0x200022c4                wInterrupt_Mask
 COMMON         0x200022c6        0x4 ./STM32_USB-FS-Device_Driver/src/usb_int.o
                0x200022c6                SaveRState
                0x200022c8                SaveTState
 *(.bss_end .bss_end.*)
                0x200022cc                . = ALIGN (0x4)
 *fill*         0x200022ca        0x2 
                0x200022cc                __bss_end__ = .
                0x200022cc                _ebss = .

.noinit_CCMRAM
 *(.noinit.CCMRAM .noinit.CCMRAM.*)

.noinit         0x200022cc        0x0
                0x200022cc                _noinit = .
 *(.noinit .noinit.*)
                0x200022cc                . = ALIGN (0x4)
                0x200022cc                _end_noinit = .
                [!provide]                PROVIDE (end, _end_noinit)
                [!provide]                PROVIDE (_end, _end_noinit)
                [!provide]                PROVIDE (__end, _end_noinit)
                [!provide]                PROVIDE (__end__, _end_noinit)

._check_stack   0x200022cc      0x100
                0x200023cc                . = (. + _Minimum_Stack_Size)
 *fill*         0x200022cc      0x100 

.b1text
 *(.b1text)
 *(.b1rodata)
 *(.b1rodata.*)

.eb0text
 *(.eb0text)
 *(.eb0rodata)
 *(.eb0rodata.*)

.eb1text
 *(.eb1text)
 *(.eb1rodata)
 *(.eb1rodata.*)

.eb2text
 *(.eb2text)
 *(.eb2rodata)
 *(.eb2rodata.*)

.eb3text
 *(.eb3text)
 *(.eb3rodata)
 *(.eb3rodata.*)

.stab
 *(.stab)

.stabstr
 *(.stabstr)

.stab.excl
 *(.stab.excl)

.stab.exclstr
 *(.stab.exclstr)

.stab.index
 *(.stab.index)

.stab.indexstr
 *(.stab.indexstr)

.comment        0x00000000       0x6e
 *(.comment)
 .comment       0x00000000       0x6e ./vcp/src/hw_config.o
                                 0x6f (size before relaxing)
 .comment       0x0000006e       0x6f ./vcp/src/stm32_it.o
 .comment       0x0000006e       0x6f ./vcp/src/usb_desc.o
 .comment       0x0000006e       0x6f ./vcp/src/usb_endp.o
 .comment       0x0000006e       0x6f ./vcp/src/usb_istr.o
 .comment       0x0000006e       0x6f ./vcp/src/usb_prop.o
 .comment       0x0000006e       0x6f ./vcp/src/usb_pwr.o
 .comment       0x0000006e       0x6f ./system/src/stm32f1-stdperiph/misc.o
 .comment       0x0000006e       0x6f ./system/src/stm32f1-stdperiph/stm32f10x_bkp.o
 .comment       0x0000006e       0x6f ./system/src/stm32f1-stdperiph/stm32f10x_gpio.o
 .comment       0x0000006e       0x6f ./system/src/stm32f1-stdperiph/stm32f10x_i2c.o
 .comment       0x0000006e       0x6f ./system/src/stm32f1-stdperiph/stm32f10x_pwr.o
 .comment       0x0000006e       0x6f ./system/src/stm32f1-stdperiph/stm32f10x_rcc.o
 .comment       0x0000006e       0x6f ./system/src/stm32f1-stdperiph/stm32f10x_rtc.o
 .comment       0x0000006e       0x6f ./system/src/stm32f1-stdperiph/stm32f10x_tim.o
 .comment       0x0000006e       0x6f ./system/src/newlib/_sbrk.o
 .comment       0x0000006e       0x6f ./system/src/newlib/_startup.o
 .comment       0x0000006e       0x6f ./system/src/newlib/_syscalls.o
 .comment       0x0000006e       0x6f ./system/src/cortexm/_initialize_hardware.o
 .comment       0x0000006e       0x6f ./system/src/cortexm/exception_handlers.o
 .comment       0x0000006e       0x6f ./system/src/cmsis/system_stm32f10x.o
 .comment       0x0000006e       0x6f ./system/src/cmsis/vectors_stm32f10x.o
 .comment       0x0000006e       0x6f ./src/Timer.o
 .comment       0x0000006e       0x6f ./src/font12x16_reduced.o
 .comment       0x0000006e       0x6f ./src/font5x7.o
 .comment       0x0000006e       0x6f ./src/gpio.o
 .comment       0x0000006e       0x6f ./src/i2c.o
 .comment       0x0000006e       0x6f ./src/icons.o
 .comment       0x0000006e       0x6f ./src/irmp.o
 .comment       0x0000006e       0x6f ./src/json.o
 .comment       0x0000006e       0x6f ./src/lcd64x32.o
 .comment       0x0000006e       0x6f ./src/main.o
 .comment       0x0000006e       0x6f ./src/rotenc.o
 .comment       0x0000006e       0x6f ./src/rtc.o
 .comment       0x0000006e       0x6f ./src/tim.o
 .comment       0x0000006e       0x6f ./src/ugui.o
 .comment       0x0000006e       0x6f ./src/usb.o
 .comment       0x0000006e       0x6f ./STM32_USB-FS-Device_Driver/src/usb_core.o
 .comment       0x0000006e       0x6f ./STM32_USB-FS-Device_Driver/src/usb_init.o
 .comment       0x0000006e       0x6f ./STM32_USB-FS-Device_Driver/src/usb_int.o
 .comment       0x0000006e       0x6f ./STM32_USB-FS-Device_Driver/src/usb_mem.o
 .comment       0x0000006e       0x6f ./STM32_USB-FS-Device_Driver/src/usb_regs.o
 .comment       0x0000006e       0x6f ./STM32_USB-FS-Device_Driver/src/usb_sil.o

.ARM.attributes
                0x00000000       0x31
 .ARM.attributes
                0x00000000       0x33 ./vcp/src/hw_config.o
 .ARM.attributes
                0x00000033       0x33 ./vcp/src/stm32_it.o
 .ARM.attributes
                0x00000066       0x33 ./vcp/src/usb_desc.o
 .ARM.attributes
                0x00000099       0x33 ./vcp/src/usb_endp.o
 .ARM.attributes
                0x000000cc       0x33 ./vcp/src/usb_istr.o
 .ARM.attributes
                0x000000ff       0x33 ./vcp/src/usb_prop.o
 .ARM.attributes
                0x00000132       0x33 ./vcp/src/usb_pwr.o
 .ARM.attributes
                0x00000165       0x33 ./system/src/stm32f1-stdperiph/misc.o
 .ARM.attributes
                0x00000198       0x33 ./system/src/stm32f1-stdperiph/stm32f10x_bkp.o
 .ARM.attributes
                0x000001cb       0x33 ./system/src/stm32f1-stdperiph/stm32f10x_gpio.o
 .ARM.attributes
                0x000001fe       0x33 ./system/src/stm32f1-stdperiph/stm32f10x_i2c.o
 .ARM.attributes
                0x00000231       0x33 ./system/src/stm32f1-stdperiph/stm32f10x_pwr.o
 .ARM.attributes
                0x00000264       0x33 ./system/src/stm32f1-stdperiph/stm32f10x_rcc.o
 .ARM.attributes
                0x00000297       0x33 ./system/src/stm32f1-stdperiph/stm32f10x_rtc.o
 .ARM.attributes
                0x000002ca       0x33 ./system/src/stm32f1-stdperiph/stm32f10x_tim.o
 .ARM.attributes
                0x000002fd       0x33 ./system/src/newlib/_sbrk.o
 .ARM.attributes
                0x00000330       0x33 ./system/src/newlib/_startup.o
 .ARM.attributes
                0x00000363       0x33 ./system/src/newlib/_syscalls.o
 .ARM.attributes
                0x00000396       0x33 ./system/src/cortexm/_initialize_hardware.o
 .ARM.attributes
                0x000003c9       0x33 ./system/src/cortexm/exception_handlers.o
 .ARM.attributes
                0x000003fc       0x33 ./system/src/cmsis/system_stm32f10x.o
 .ARM.attributes
                0x0000042f       0x33 ./system/src/cmsis/vectors_stm32f10x.o
 .ARM.attributes
                0x00000462       0x33 ./src/Timer.o
 .ARM.attributes
                0x00000495       0x33 ./src/font12x16_reduced.o
 .ARM.attributes
                0x000004c8       0x33 ./src/font5x7.o
 .ARM.attributes
                0x000004fb       0x33 ./src/gpio.o
 .ARM.attributes
                0x0000052e       0x33 ./src/i2c.o
 .ARM.attributes
                0x00000561       0x33 ./src/icons.o
 .ARM.attributes